Archive member included to satisfy reference by file (symbol)

/usr/lib/gcc/arm-none-eabi/8.3.1/../../../arm-none-eabi/lib/thumb/v7e-m+fp/hard/libc_nano.a(lib_a-atexit.o)
                              /usr/lib/gcc/arm-none-eabi/8.3.1/../../../arm-none-eabi/lib/thumb/v7e-m+fp/hard/crt0.o (atexit)
/usr/lib/gcc/arm-none-eabi/8.3.1/../../../arm-none-eabi/lib/thumb/v7e-m+fp/hard/libc_nano.a(lib_a-exit.o)
                              /usr/lib/gcc/arm-none-eabi/8.3.1/../../../arm-none-eabi/lib/thumb/v7e-m+fp/hard/crt0.o (exit)
/usr/lib/gcc/arm-none-eabi/8.3.1/../../../arm-none-eabi/lib/thumb/v7e-m+fp/hard/libc_nano.a(lib_a-fini.o)
                              /usr/lib/gcc/arm-none-eabi/8.3.1/../../../arm-none-eabi/lib/thumb/v7e-m+fp/hard/crt0.o (__libc_fini_array)
/usr/lib/gcc/arm-none-eabi/8.3.1/../../../arm-none-eabi/lib/thumb/v7e-m+fp/hard/libc_nano.a(lib_a-impure.o)
                              /usr/lib/gcc/arm-none-eabi/8.3.1/../../../arm-none-eabi/lib/thumb/v7e-m+fp/hard/libc_nano.a(lib_a-exit.o) (_global_impure_ptr)
/usr/lib/gcc/arm-none-eabi/8.3.1/../../../arm-none-eabi/lib/thumb/v7e-m+fp/hard/libc_nano.a(lib_a-init.o)
                              /usr/lib/gcc/arm-none-eabi/8.3.1/../../../arm-none-eabi/lib/thumb/v7e-m+fp/hard/crt0.o (__libc_init_array)
/usr/lib/gcc/arm-none-eabi/8.3.1/../../../arm-none-eabi/lib/thumb/v7e-m+fp/hard/libc_nano.a(lib_a-memset.o)
                              /usr/lib/gcc/arm-none-eabi/8.3.1/../../../arm-none-eabi/lib/thumb/v7e-m+fp/hard/crt0.o (memset)
/usr/lib/gcc/arm-none-eabi/8.3.1/../../../arm-none-eabi/lib/thumb/v7e-m+fp/hard/libc_nano.a(lib_a-__atexit.o)
                              /usr/lib/gcc/arm-none-eabi/8.3.1/../../../arm-none-eabi/lib/thumb/v7e-m+fp/hard/libc_nano.a(lib_a-atexit.o) (__register_exitproc)
/usr/lib/gcc/arm-none-eabi/8.3.1/../../../arm-none-eabi/lib/thumb/v7e-m+fp/hard/libc_nano.a(lib_a-__call_atexit.o)
                              /usr/lib/gcc/arm-none-eabi/8.3.1/../../../arm-none-eabi/lib/thumb/v7e-m+fp/hard/libc_nano.a(lib_a-__atexit.o) (__call_exitprocs)
/usr/lib/gcc/arm-none-eabi/8.3.1/../../../arm-none-eabi/lib/thumb/v7e-m+fp/hard/libnosys.a(_exit.o)
                              /usr/lib/gcc/arm-none-eabi/8.3.1/../../../arm-none-eabi/lib/thumb/v7e-m+fp/hard/libc_nano.a(lib_a-exit.o) (_exit)

Discarded input sections

 .text          0x0000000000000000        0x0 /usr/lib/gcc/arm-none-eabi/8.3.1/thumb/v7e-m+fp/hard/crti.o
 .data          0x0000000000000000        0x0 /usr/lib/gcc/arm-none-eabi/8.3.1/thumb/v7e-m+fp/hard/crti.o
 .bss           0x0000000000000000        0x0 /usr/lib/gcc/arm-none-eabi/8.3.1/thumb/v7e-m+fp/hard/crti.o
 .data          0x0000000000000000        0x4 /usr/lib/gcc/arm-none-eabi/8.3.1/thumb/v7e-m+fp/hard/crtbegin.o
 .text          0x0000000000000000       0x70 /usr/lib/gcc/arm-none-eabi/8.3.1/../../../arm-none-eabi/lib/thumb/v7e-m+fp/hard/crt0.o
 .data          0x0000000000000000        0x0 /usr/lib/gcc/arm-none-eabi/8.3.1/../../../arm-none-eabi/lib/thumb/v7e-m+fp/hard/crt0.o
 .bss           0x0000000000000000        0x0 /usr/lib/gcc/arm-none-eabi/8.3.1/../../../arm-none-eabi/lib/thumb/v7e-m+fp/hard/crt0.o
 .ARM.extab     0x0000000000000000        0x0 /usr/lib/gcc/arm-none-eabi/8.3.1/../../../arm-none-eabi/lib/thumb/v7e-m+fp/hard/crt0.o
 .ARM.exidx     0x0000000000000000       0x10 /usr/lib/gcc/arm-none-eabi/8.3.1/../../../arm-none-eabi/lib/thumb/v7e-m+fp/hard/crt0.o
 .debug_line    0x0000000000000000       0x87 /usr/lib/gcc/arm-none-eabi/8.3.1/../../../arm-none-eabi/lib/thumb/v7e-m+fp/hard/crt0.o
 .debug_info    0x0000000000000000       0x26 /usr/lib/gcc/arm-none-eabi/8.3.1/../../../arm-none-eabi/lib/thumb/v7e-m+fp/hard/crt0.o
 .debug_abbrev  0x0000000000000000       0x14 /usr/lib/gcc/arm-none-eabi/8.3.1/../../../arm-none-eabi/lib/thumb/v7e-m+fp/hard/crt0.o
 .debug_aranges
                0x0000000000000000       0x20 /usr/lib/gcc/arm-none-eabi/8.3.1/../../../arm-none-eabi/lib/thumb/v7e-m+fp/hard/crt0.o
 .debug_str     0x0000000000000000       0x9b /usr/lib/gcc/arm-none-eabi/8.3.1/../../../arm-none-eabi/lib/thumb/v7e-m+fp/hard/crt0.o
 .ARM.attributes
                0x0000000000000000       0x1c /usr/lib/gcc/arm-none-eabi/8.3.1/../../../arm-none-eabi/lib/thumb/v7e-m+fp/hard/crt0.o
 .text          0x0000000000000000        0x0 build/main.o
 .data          0x0000000000000000        0x0 build/main.o
 .bss           0x0000000000000000        0x0 build/main.o
 .text          0x0000000000000000        0x0 build/gpio.o
 .data          0x0000000000000000        0x0 build/gpio.o
 .bss           0x0000000000000000        0x0 build/gpio.o
 .text.gpioReadPin
                0x0000000000000000       0x1c build/gpio.o
 .text.gpioReset
                0x0000000000000000        0x2 build/gpio.o
 .text          0x0000000000000000        0x0 build/rcc.o
 .data          0x0000000000000000        0x0 build/rcc.o
 .bss           0x0000000000000000        0x0 build/rcc.o
 .text.DisableAHB1
                0x0000000000000000       0x10 build/rcc.o
 .text          0x0000000000000000        0x0 build/flash.o
 .data          0x0000000000000000        0x0 build/flash.o
 .bss           0x0000000000000000        0x0 build/flash.o
 .text          0x0000000000000000        0x0 build/power.o
 .data          0x0000000000000000        0x0 build/power.o
 .bss           0x0000000000000000        0x0 build/power.o
 .text          0x0000000000000000        0x0 build/config.o
 .data          0x0000000000000000        0x0 build/config.o
 .bss           0x0000000000000000        0x0 build/config.o
 .text          0x0000000000000000       0x14 build/startup.o
 .data          0x0000000000000000        0x0 build/startup.o
 .bss           0x0000000000000000        0x0 build/startup.o
 .text          0x0000000000000000        0xc /usr/lib/gcc/arm-none-eabi/8.3.1/../../../arm-none-eabi/lib/thumb/v7e-m+fp/hard/libc_nano.a(lib_a-atexit.o)
 .data          0x0000000000000000        0x0 /usr/lib/gcc/arm-none-eabi/8.3.1/../../../arm-none-eabi/lib/thumb/v7e-m+fp/hard/libc_nano.a(lib_a-atexit.o)
 .bss           0x0000000000000000        0x0 /usr/lib/gcc/arm-none-eabi/8.3.1/../../../arm-none-eabi/lib/thumb/v7e-m+fp/hard/libc_nano.a(lib_a-atexit.o)
 .debug_info    0x0000000000000000      0x995 /usr/lib/gcc/arm-none-eabi/8.3.1/../../../arm-none-eabi/lib/thumb/v7e-m+fp/hard/libc_nano.a(lib_a-atexit.o)
 .debug_abbrev  0x0000000000000000      0x1f4 /usr/lib/gcc/arm-none-eabi/8.3.1/../../../arm-none-eabi/lib/thumb/v7e-m+fp/hard/libc_nano.a(lib_a-atexit.o)
 .debug_loc     0x0000000000000000       0x32 /usr/lib/gcc/arm-none-eabi/8.3.1/../../../arm-none-eabi/lib/thumb/v7e-m+fp/hard/libc_nano.a(lib_a-atexit.o)
 .debug_aranges
                0x0000000000000000       0x20 /usr/lib/gcc/arm-none-eabi/8.3.1/../../../arm-none-eabi/lib/thumb/v7e-m+fp/hard/libc_nano.a(lib_a-atexit.o)
 .debug_line    0x0000000000000000      0x14a /usr/lib/gcc/arm-none-eabi/8.3.1/../../../arm-none-eabi/lib/thumb/v7e-m+fp/hard/libc_nano.a(lib_a-atexit.o)
 .debug_str     0x0000000000000000      0x62d /usr/lib/gcc/arm-none-eabi/8.3.1/../../../arm-none-eabi/lib/thumb/v7e-m+fp/hard/libc_nano.a(lib_a-atexit.o)
 .comment       0x0000000000000000       0x4f /usr/lib/gcc/arm-none-eabi/8.3.1/../../../arm-none-eabi/lib/thumb/v7e-m+fp/hard/libc_nano.a(lib_a-atexit.o)
 .debug_frame   0x0000000000000000       0x20 /usr/lib/gcc/arm-none-eabi/8.3.1/../../../arm-none-eabi/lib/thumb/v7e-m+fp/hard/libc_nano.a(lib_a-atexit.o)
 .ARM.attributes
                0x0000000000000000       0x34 /usr/lib/gcc/arm-none-eabi/8.3.1/../../../arm-none-eabi/lib/thumb/v7e-m+fp/hard/libc_nano.a(lib_a-atexit.o)
 .text          0x0000000000000000       0x28 /usr/lib/gcc/arm-none-eabi/8.3.1/../../../arm-none-eabi/lib/thumb/v7e-m+fp/hard/libc_nano.a(lib_a-exit.o)
 .data          0x0000000000000000        0x0 /usr/lib/gcc/arm-none-eabi/8.3.1/../../../arm-none-eabi/lib/thumb/v7e-m+fp/hard/libc_nano.a(lib_a-exit.o)
 .bss           0x0000000000000000        0x0 /usr/lib/gcc/arm-none-eabi/8.3.1/../../../arm-none-eabi/lib/thumb/v7e-m+fp/hard/libc_nano.a(lib_a-exit.o)
 .debug_info    0x0000000000000000      0x9e7 /usr/lib/gcc/arm-none-eabi/8.3.1/../../../arm-none-eabi/lib/thumb/v7e-m+fp/hard/libc_nano.a(lib_a-exit.o)
 .debug_abbrev  0x0000000000000000      0x1f6 /usr/lib/gcc/arm-none-eabi/8.3.1/../../../arm-none-eabi/lib/thumb/v7e-m+fp/hard/libc_nano.a(lib_a-exit.o)
 .debug_loc     0x0000000000000000       0x22 /usr/lib/gcc/arm-none-eabi/8.3.1/../../../arm-none-eabi/lib/thumb/v7e-m+fp/hard/libc_nano.a(lib_a-exit.o)
 .debug_aranges
                0x0000000000000000       0x20 /usr/lib/gcc/arm-none-eabi/8.3.1/../../../arm-none-eabi/lib/thumb/v7e-m+fp/hard/libc_nano.a(lib_a-exit.o)
 .debug_line    0x0000000000000000      0x16c /usr/lib/gcc/arm-none-eabi/8.3.1/../../../arm-none-eabi/lib/thumb/v7e-m+fp/hard/libc_nano.a(lib_a-exit.o)
 .debug_str     0x0000000000000000      0x62e /usr/lib/gcc/arm-none-eabi/8.3.1/../../../arm-none-eabi/lib/thumb/v7e-m+fp/hard/libc_nano.a(lib_a-exit.o)
 .comment       0x0000000000000000       0x4f /usr/lib/gcc/arm-none-eabi/8.3.1/../../../arm-none-eabi/lib/thumb/v7e-m+fp/hard/libc_nano.a(lib_a-exit.o)
 .debug_frame   0x0000000000000000       0x28 /usr/lib/gcc/arm-none-eabi/8.3.1/../../../arm-none-eabi/lib/thumb/v7e-m+fp/hard/libc_nano.a(lib_a-exit.o)
 .ARM.attributes
                0x0000000000000000       0x34 /usr/lib/gcc/arm-none-eabi/8.3.1/../../../arm-none-eabi/lib/thumb/v7e-m+fp/hard/libc_nano.a(lib_a-exit.o)
 .text          0x0000000000000000       0x34 /usr/lib/gcc/arm-none-eabi/8.3.1/../../../arm-none-eabi/lib/thumb/v7e-m+fp/hard/libc_nano.a(lib_a-fini.o)
 .data          0x0000000000000000        0x0 /usr/lib/gcc/arm-none-eabi/8.3.1/../../../arm-none-eabi/lib/thumb/v7e-m+fp/hard/libc_nano.a(lib_a-fini.o)
 .bss           0x0000000000000000        0x0 /usr/lib/gcc/arm-none-eabi/8.3.1/../../../arm-none-eabi/lib/thumb/v7e-m+fp/hard/libc_nano.a(lib_a-fini.o)
 .debug_info    0x0000000000000000      0x102 /usr/lib/gcc/arm-none-eabi/8.3.1/../../../arm-none-eabi/lib/thumb/v7e-m+fp/hard/libc_nano.a(lib_a-fini.o)
 .debug_abbrev  0x0000000000000000       0xcf /usr/lib/gcc/arm-none-eabi/8.3.1/../../../arm-none-eabi/lib/thumb/v7e-m+fp/hard/libc_nano.a(lib_a-fini.o)
 .debug_loc     0x0000000000000000       0x68 /usr/lib/gcc/arm-none-eabi/8.3.1/../../../arm-none-eabi/lib/thumb/v7e-m+fp/hard/libc_nano.a(lib_a-fini.o)
 .debug_aranges
                0x0000000000000000       0x20 /usr/lib/gcc/arm-none-eabi/8.3.1/../../../arm-none-eabi/lib/thumb/v7e-m+fp/hard/libc_nano.a(lib_a-fini.o)
 .debug_line    0x0000000000000000       0xd7 /usr/lib/gcc/arm-none-eabi/8.3.1/../../../arm-none-eabi/lib/thumb/v7e-m+fp/hard/libc_nano.a(lib_a-fini.o)
 .debug_str     0x0000000000000000      0x1ff /usr/lib/gcc/arm-none-eabi/8.3.1/../../../arm-none-eabi/lib/thumb/v7e-m+fp/hard/libc_nano.a(lib_a-fini.o)
 .comment       0x0000000000000000       0x4f /usr/lib/gcc/arm-none-eabi/8.3.1/../../../arm-none-eabi/lib/thumb/v7e-m+fp/hard/libc_nano.a(lib_a-fini.o)
 .debug_frame   0x0000000000000000       0x34 /usr/lib/gcc/arm-none-eabi/8.3.1/../../../arm-none-eabi/lib/thumb/v7e-m+fp/hard/libc_nano.a(lib_a-fini.o)
 .ARM.attributes
                0x0000000000000000       0x34 /usr/lib/gcc/arm-none-eabi/8.3.1/../../../arm-none-eabi/lib/thumb/v7e-m+fp/hard/libc_nano.a(lib_a-fini.o)
 .text          0x0000000000000000        0x0 /usr/lib/gcc/arm-none-eabi/8.3.1/../../../arm-none-eabi/lib/thumb/v7e-m+fp/hard/libc_nano.a(lib_a-impure.o)
 .data          0x0000000000000000       0x64 /usr/lib/gcc/arm-none-eabi/8.3.1/../../../arm-none-eabi/lib/thumb/v7e-m+fp/hard/libc_nano.a(lib_a-impure.o)
 .bss           0x0000000000000000        0x0 /usr/lib/gcc/arm-none-eabi/8.3.1/../../../arm-none-eabi/lib/thumb/v7e-m+fp/hard/libc_nano.a(lib_a-impure.o)
 .rodata        0x0000000000000000        0x4 /usr/lib/gcc/arm-none-eabi/8.3.1/../../../arm-none-eabi/lib/thumb/v7e-m+fp/hard/libc_nano.a(lib_a-impure.o)
 .debug_info    0x0000000000000000      0x92a /usr/lib/gcc/arm-none-eabi/8.3.1/../../../arm-none-eabi/lib/thumb/v7e-m+fp/hard/libc_nano.a(lib_a-impure.o)
 .debug_abbrev  0x0000000000000000      0x17a /usr/lib/gcc/arm-none-eabi/8.3.1/../../../arm-none-eabi/lib/thumb/v7e-m+fp/hard/libc_nano.a(lib_a-impure.o)
 .debug_aranges
                0x0000000000000000       0x18 /usr/lib/gcc/arm-none-eabi/8.3.1/../../../arm-none-eabi/lib/thumb/v7e-m+fp/hard/libc_nano.a(lib_a-impure.o)
 .debug_line    0x0000000000000000       0xe3 /usr/lib/gcc/arm-none-eabi/8.3.1/../../../arm-none-eabi/lib/thumb/v7e-m+fp/hard/libc_nano.a(lib_a-impure.o)
 .debug_str     0x0000000000000000      0x5e2 /usr/lib/gcc/arm-none-eabi/8.3.1/../../../arm-none-eabi/lib/thumb/v7e-m+fp/hard/libc_nano.a(lib_a-impure.o)
 .comment       0x0000000000000000       0x4f /usr/lib/gcc/arm-none-eabi/8.3.1/../../../arm-none-eabi/lib/thumb/v7e-m+fp/hard/libc_nano.a(lib_a-impure.o)
 .ARM.attributes
                0x0000000000000000       0x32 /usr/lib/gcc/arm-none-eabi/8.3.1/../../../arm-none-eabi/lib/thumb/v7e-m+fp/hard/libc_nano.a(lib_a-impure.o)
 .text          0x0000000000000000       0x48 /usr/lib/gcc/arm-none-eabi/8.3.1/../../../arm-none-eabi/lib/thumb/v7e-m+fp/hard/libc_nano.a(lib_a-init.o)
 .data          0x0000000000000000        0x0 /usr/lib/gcc/arm-none-eabi/8.3.1/../../../arm-none-eabi/lib/thumb/v7e-m+fp/hard/libc_nano.a(lib_a-init.o)
 .bss           0x0000000000000000        0x0 /usr/lib/gcc/arm-none-eabi/8.3.1/../../../arm-none-eabi/lib/thumb/v7e-m+fp/hard/libc_nano.a(lib_a-init.o)
 .debug_info    0x0000000000000000      0x11a /usr/lib/gcc/arm-none-eabi/8.3.1/../../../arm-none-eabi/lib/thumb/v7e-m+fp/hard/libc_nano.a(lib_a-init.o)
 .debug_abbrev  0x0000000000000000       0xcc /usr/lib/gcc/arm-none-eabi/8.3.1/../../../arm-none-eabi/lib/thumb/v7e-m+fp/hard/libc_nano.a(lib_a-init.o)
 .debug_loc     0x0000000000000000       0xba /usr/lib/gcc/arm-none-eabi/8.3.1/../../../arm-none-eabi/lib/thumb/v7e-m+fp/hard/libc_nano.a(lib_a-init.o)
 .debug_aranges
                0x0000000000000000       0x20 /usr/lib/gcc/arm-none-eabi/8.3.1/../../../arm-none-eabi/lib/thumb/v7e-m+fp/hard/libc_nano.a(lib_a-init.o)
 .debug_line    0x0000000000000000      0x10d /usr/lib/gcc/arm-none-eabi/8.3.1/../../../arm-none-eabi/lib/thumb/v7e-m+fp/hard/libc_nano.a(lib_a-init.o)
 .debug_str     0x0000000000000000      0x229 /usr/lib/gcc/arm-none-eabi/8.3.1/../../../arm-none-eabi/lib/thumb/v7e-m+fp/hard/libc_nano.a(lib_a-init.o)
 .comment       0x0000000000000000       0x4f /usr/lib/gcc/arm-none-eabi/8.3.1/../../../arm-none-eabi/lib/thumb/v7e-m+fp/hard/libc_nano.a(lib_a-init.o)
 .debug_frame   0x0000000000000000       0x2c /usr/lib/gcc/arm-none-eabi/8.3.1/../../../arm-none-eabi/lib/thumb/v7e-m+fp/hard/libc_nano.a(lib_a-init.o)
 .ARM.attributes
                0x0000000000000000       0x34 /usr/lib/gcc/arm-none-eabi/8.3.1/../../../arm-none-eabi/lib/thumb/v7e-m+fp/hard/libc_nano.a(lib_a-init.o)
 .text          0x0000000000000000       0xa0 /usr/lib/gcc/arm-none-eabi/8.3.1/../../../arm-none-eabi/lib/thumb/v7e-m+fp/hard/libc_nano.a(lib_a-memset.o)
 .data          0x0000000000000000        0x0 /usr/lib/gcc/arm-none-eabi/8.3.1/../../../arm-none-eabi/lib/thumb/v7e-m+fp/hard/libc_nano.a(lib_a-memset.o)
 .bss           0x0000000000000000        0x0 /usr/lib/gcc/arm-none-eabi/8.3.1/../../../arm-none-eabi/lib/thumb/v7e-m+fp/hard/libc_nano.a(lib_a-memset.o)
 .debug_info    0x0000000000000000      0xf21 /usr/lib/gcc/arm-none-eabi/8.3.1/../../../arm-none-eabi/lib/thumb/v7e-m+fp/hard/libc_nano.a(lib_a-memset.o)
 .debug_abbrev  0x0000000000000000      0x1d9 /usr/lib/gcc/arm-none-eabi/8.3.1/../../../arm-none-eabi/lib/thumb/v7e-m+fp/hard/libc_nano.a(lib_a-memset.o)
 .debug_loc     0x0000000000000000      0x231 /usr/lib/gcc/arm-none-eabi/8.3.1/../../../arm-none-eabi/lib/thumb/v7e-m+fp/hard/libc_nano.a(lib_a-memset.o)
 .debug_aranges
                0x0000000000000000       0x20 /usr/lib/gcc/arm-none-eabi/8.3.1/../../../arm-none-eabi/lib/thumb/v7e-m+fp/hard/libc_nano.a(lib_a-memset.o)
 .debug_line    0x0000000000000000      0x26b /usr/lib/gcc/arm-none-eabi/8.3.1/../../../arm-none-eabi/lib/thumb/v7e-m+fp/hard/libc_nano.a(lib_a-memset.o)
 .debug_str     0x0000000000000000      0x90f /usr/lib/gcc/arm-none-eabi/8.3.1/../../../arm-none-eabi/lib/thumb/v7e-m+fp/hard/libc_nano.a(lib_a-memset.o)
 .comment       0x0000000000000000       0x4f /usr/lib/gcc/arm-none-eabi/8.3.1/../../../arm-none-eabi/lib/thumb/v7e-m+fp/hard/libc_nano.a(lib_a-memset.o)
 .debug_frame   0x0000000000000000       0x38 /usr/lib/gcc/arm-none-eabi/8.3.1/../../../arm-none-eabi/lib/thumb/v7e-m+fp/hard/libc_nano.a(lib_a-memset.o)
 .ARM.attributes
                0x0000000000000000       0x34 /usr/lib/gcc/arm-none-eabi/8.3.1/../../../arm-none-eabi/lib/thumb/v7e-m+fp/hard/libc_nano.a(lib_a-memset.o)
 .text          0x0000000000000000       0xa0 /usr/lib/gcc/arm-none-eabi/8.3.1/../../../arm-none-eabi/lib/thumb/v7e-m+fp/hard/libc_nano.a(lib_a-__atexit.o)
 .data          0x0000000000000000        0x4 /usr/lib/gcc/arm-none-eabi/8.3.1/../../../arm-none-eabi/lib/thumb/v7e-m+fp/hard/libc_nano.a(lib_a-__atexit.o)
 .bss           0x0000000000000000       0x8c /usr/lib/gcc/arm-none-eabi/8.3.1/../../../arm-none-eabi/lib/thumb/v7e-m+fp/hard/libc_nano.a(lib_a-__atexit.o)
 .debug_info    0x0000000000000000      0xa3c /usr/lib/gcc/arm-none-eabi/8.3.1/../../../arm-none-eabi/lib/thumb/v7e-m+fp/hard/libc_nano.a(lib_a-__atexit.o)
 .debug_abbrev  0x0000000000000000      0x261 /usr/lib/gcc/arm-none-eabi/8.3.1/../../../arm-none-eabi/lib/thumb/v7e-m+fp/hard/libc_nano.a(lib_a-__atexit.o)
 .debug_loc     0x0000000000000000      0x230 /usr/lib/gcc/arm-none-eabi/8.3.1/../../../arm-none-eabi/lib/thumb/v7e-m+fp/hard/libc_nano.a(lib_a-__atexit.o)
 .debug_aranges
                0x0000000000000000       0x20 /usr/lib/gcc/arm-none-eabi/8.3.1/../../../arm-none-eabi/lib/thumb/v7e-m+fp/hard/libc_nano.a(lib_a-__atexit.o)
 .debug_line    0x0000000000000000      0x228 /usr/lib/gcc/arm-none-eabi/8.3.1/../../../arm-none-eabi/lib/thumb/v7e-m+fp/hard/libc_nano.a(lib_a-__atexit.o)
 .debug_str     0x0000000000000000      0x680 /usr/lib/gcc/arm-none-eabi/8.3.1/../../../arm-none-eabi/lib/thumb/v7e-m+fp/hard/libc_nano.a(lib_a-__atexit.o)
 .comment       0x0000000000000000       0x4f /usr/lib/gcc/arm-none-eabi/8.3.1/../../../arm-none-eabi/lib/thumb/v7e-m+fp/hard/libc_nano.a(lib_a-__atexit.o)
 .debug_frame   0x0000000000000000       0x34 /usr/lib/gcc/arm-none-eabi/8.3.1/../../../arm-none-eabi/lib/thumb/v7e-m+fp/hard/libc_nano.a(lib_a-__atexit.o)
 .ARM.attributes
                0x0000000000000000       0x34 /usr/lib/gcc/arm-none-eabi/8.3.1/../../../arm-none-eabi/lib/thumb/v7e-m+fp/hard/libc_nano.a(lib_a-__atexit.o)
 .text          0x0000000000000000       0x9c /usr/lib/gcc/arm-none-eabi/8.3.1/../../../arm-none-eabi/lib/thumb/v7e-m+fp/hard/libc_nano.a(lib_a-__call_atexit.o)
 .data          0x0000000000000000        0x0 /usr/lib/gcc/arm-none-eabi/8.3.1/../../../arm-none-eabi/lib/thumb/v7e-m+fp/hard/libc_nano.a(lib_a-__call_atexit.o)
 .bss           0x0000000000000000        0x4 /usr/lib/gcc/arm-none-eabi/8.3.1/../../../arm-none-eabi/lib/thumb/v7e-m+fp/hard/libc_nano.a(lib_a-__call_atexit.o)
 .debug_info    0x0000000000000000      0xa10 /usr/lib/gcc/arm-none-eabi/8.3.1/../../../arm-none-eabi/lib/thumb/v7e-m+fp/hard/libc_nano.a(lib_a-__call_atexit.o)
 .debug_abbrev  0x0000000000000000      0x237 /usr/lib/gcc/arm-none-eabi/8.3.1/../../../arm-none-eabi/lib/thumb/v7e-m+fp/hard/libc_nano.a(lib_a-__call_atexit.o)
 .debug_loc     0x0000000000000000      0x13f /usr/lib/gcc/arm-none-eabi/8.3.1/../../../arm-none-eabi/lib/thumb/v7e-m+fp/hard/libc_nano.a(lib_a-__call_atexit.o)
 .debug_aranges
                0x0000000000000000       0x20 /usr/lib/gcc/arm-none-eabi/8.3.1/../../../arm-none-eabi/lib/thumb/v7e-m+fp/hard/libc_nano.a(lib_a-__call_atexit.o)
 .debug_ranges  0x0000000000000000       0x28 /usr/lib/gcc/arm-none-eabi/8.3.1/../../../arm-none-eabi/lib/thumb/v7e-m+fp/hard/libc_nano.a(lib_a-__call_atexit.o)
 .debug_line    0x0000000000000000      0x22a /usr/lib/gcc/arm-none-eabi/8.3.1/../../../arm-none-eabi/lib/thumb/v7e-m+fp/hard/libc_nano.a(lib_a-__call_atexit.o)
 .debug_str     0x0000000000000000      0x62b /usr/lib/gcc/arm-none-eabi/8.3.1/../../../arm-none-eabi/lib/thumb/v7e-m+fp/hard/libc_nano.a(lib_a-__call_atexit.o)
 .comment       0x0000000000000000       0x4f /usr/lib/gcc/arm-none-eabi/8.3.1/../../../arm-none-eabi/lib/thumb/v7e-m+fp/hard/libc_nano.a(lib_a-__call_atexit.o)
 .debug_frame   0x0000000000000000       0x40 /usr/lib/gcc/arm-none-eabi/8.3.1/../../../arm-none-eabi/lib/thumb/v7e-m+fp/hard/libc_nano.a(lib_a-__call_atexit.o)
 .ARM.attributes
                0x0000000000000000       0x34 /usr/lib/gcc/arm-none-eabi/8.3.1/../../../arm-none-eabi/lib/thumb/v7e-m+fp/hard/libc_nano.a(lib_a-__call_atexit.o)
 .text          0x0000000000000000        0x4 /usr/lib/gcc/arm-none-eabi/8.3.1/../../../arm-none-eabi/lib/thumb/v7e-m+fp/hard/libnosys.a(_exit.o)
 .data          0x0000000000000000        0x0 /usr/lib/gcc/arm-none-eabi/8.3.1/../../../arm-none-eabi/lib/thumb/v7e-m+fp/hard/libnosys.a(_exit.o)
 .bss           0x0000000000000000        0x0 /usr/lib/gcc/arm-none-eabi/8.3.1/../../../arm-none-eabi/lib/thumb/v7e-m+fp/hard/libnosys.a(_exit.o)
 .debug_info    0x0000000000000000       0xa3 /usr/lib/gcc/arm-none-eabi/8.3.1/../../../arm-none-eabi/lib/thumb/v7e-m+fp/hard/libnosys.a(_exit.o)
 .debug_abbrev  0x0000000000000000       0x6a /usr/lib/gcc/arm-none-eabi/8.3.1/../../../arm-none-eabi/lib/thumb/v7e-m+fp/hard/libnosys.a(_exit.o)
 .debug_loc     0x0000000000000000       0x15 /usr/lib/gcc/arm-none-eabi/8.3.1/../../../arm-none-eabi/lib/thumb/v7e-m+fp/hard/libnosys.a(_exit.o)
 .debug_aranges
                0x0000000000000000       0x20 /usr/lib/gcc/arm-none-eabi/8.3.1/../../../arm-none-eabi/lib/thumb/v7e-m+fp/hard/libnosys.a(_exit.o)
 .debug_line    0x0000000000000000       0x6e /usr/lib/gcc/arm-none-eabi/8.3.1/../../../arm-none-eabi/lib/thumb/v7e-m+fp/hard/libnosys.a(_exit.o)
 .debug_str     0x0000000000000000      0x19f /usr/lib/gcc/arm-none-eabi/8.3.1/../../../arm-none-eabi/lib/thumb/v7e-m+fp/hard/libnosys.a(_exit.o)
 .comment       0x0000000000000000       0x4f /usr/lib/gcc/arm-none-eabi/8.3.1/../../../arm-none-eabi/lib/thumb/v7e-m+fp/hard/libnosys.a(_exit.o)
 .debug_frame   0x0000000000000000       0x20 /usr/lib/gcc/arm-none-eabi/8.3.1/../../../arm-none-eabi/lib/thumb/v7e-m+fp/hard/libnosys.a(_exit.o)
 .ARM.attributes
                0x0000000000000000       0x34 /usr/lib/gcc/arm-none-eabi/8.3.1/../../../arm-none-eabi/lib/thumb/v7e-m+fp/hard/libnosys.a(_exit.o)
 .text          0x0000000000000000        0x0 /usr/lib/gcc/arm-none-eabi/8.3.1/thumb/v7e-m+fp/hard/crtend.o
 .data          0x0000000000000000        0x0 /usr/lib/gcc/arm-none-eabi/8.3.1/thumb/v7e-m+fp/hard/crtend.o
 .bss           0x0000000000000000        0x0 /usr/lib/gcc/arm-none-eabi/8.3.1/thumb/v7e-m+fp/hard/crtend.o
 .eh_frame      0x0000000000000000        0x4 /usr/lib/gcc/arm-none-eabi/8.3.1/thumb/v7e-m+fp/hard/crtend.o
 .text          0x0000000000000000        0x0 /usr/lib/gcc/arm-none-eabi/8.3.1/thumb/v7e-m+fp/hard/crtn.o
 .data          0x0000000000000000        0x0 /usr/lib/gcc/arm-none-eabi/8.3.1/thumb/v7e-m+fp/hard/crtn.o
 .bss           0x0000000000000000        0x0 /usr/lib/gcc/arm-none-eabi/8.3.1/thumb/v7e-m+fp/hard/crtn.o

Memory Configuration

Name             Origin             Length             Attributes
RAM              0x0000000020000000 0x0000000000020000 xrw
FLASH            0x0000000008000000 0x0000000000080000 xr
*default*        0x0000000000000000 0xffffffffffffffff

Linker script and memory map

LOAD /usr/lib/gcc/arm-none-eabi/8.3.1/thumb/v7e-m+fp/hard/crti.o
LOAD /usr/lib/gcc/arm-none-eabi/8.3.1/thumb/v7e-m+fp/hard/crtbegin.o
LOAD /usr/lib/gcc/arm-none-eabi/8.3.1/../../../arm-none-eabi/lib/thumb/v7e-m+fp/hard/crt0.o
LOAD build/main.o
LOAD build/gpio.o
LOAD build/rcc.o
LOAD build/flash.o
LOAD build/power.o
LOAD build/config.o
LOAD build/startup.o
LOAD /usr/lib/gcc/arm-none-eabi/8.3.1/../../../arm-none-eabi/lib/thumb/v7e-m+fp/hard/libc_nano.a
LOAD /usr/lib/gcc/arm-none-eabi/8.3.1/../../../arm-none-eabi/lib/thumb/v7e-m+fp/hard/libm.a
LOAD /usr/lib/gcc/arm-none-eabi/8.3.1/../../../arm-none-eabi/lib/thumb/v7e-m+fp/hard/libnosys.a
START GROUP
LOAD /usr/lib/gcc/arm-none-eabi/8.3.1/thumb/v7e-m+fp/hard/libgcc.a
LOAD /usr/lib/gcc/arm-none-eabi/8.3.1/../../../arm-none-eabi/lib/thumb/v7e-m+fp/hard/libc_nano.a
END GROUP
START GROUP
LOAD /usr/lib/gcc/arm-none-eabi/8.3.1/thumb/v7e-m+fp/hard/libgcc.a
LOAD /usr/lib/gcc/arm-none-eabi/8.3.1/../../../arm-none-eabi/lib/thumb/v7e-m+fp/hard/libc_nano.a
END GROUP
LOAD /usr/lib/gcc/arm-none-eabi/8.3.1/thumb/v7e-m+fp/hard/crtend.o
LOAD /usr/lib/gcc/arm-none-eabi/8.3.1/thumb/v7e-m+fp/hard/crtn.o
                0x0000000020020000                _estack = (ORIGIN (RAM) + LENGTH (RAM))
                0x0000000000000200                _Min_Heap_Size = 0x200
                0x0000000000000400                _Min_Stack_Size = 0x400

.isr_vector     0x0000000008000000      0x1c4
                0x0000000008000000                . = ALIGN (0x4)
 *(.isr_vector)
 .isr_vector    0x0000000008000000      0x1c4 build/startup.o
                0x0000000008000000                g_pfnVectors
                0x00000000080001c4                . = ALIGN (0x4)

.text           0x00000000080001c4      0x414
                0x00000000080001c4                . = ALIGN (0x4)
 *(.text)
 .text          0x00000000080001c4       0x88 /usr/lib/gcc/arm-none-eabi/8.3.1/thumb/v7e-m+fp/hard/crtbegin.o
 *(.text*)
 .text.main     0x000000000800024c       0x38 build/main.o
                0x000000000800024c                main
 .text.getBusReg
                0x0000000008000284       0x2c build/gpio.o
 .text.gpioInit
                0x00000000080002b0       0x52 build/gpio.o
 .text.gpioConfigPin
                0x0000000008000302       0x5a build/gpio.o
                0x0000000008000302                gpioConfigPin
 .text.gpioSetPin
                0x000000000800035c       0x30 build/gpio.o
                0x000000000800035c                gpioSetPin
 .text.rccEnableAHB1
                0x000000000800038c       0x10 build/rcc.o
                0x000000000800038c                rccEnableAHB1
 .text.rccClocksConfig
                0x000000000800039c      0x11c build/rcc.o
                0x000000000800039c                rccClocksConfig
 .text.flashSetLatency
                0x00000000080004b8       0x1c build/flash.o
                0x00000000080004b8                flashSetLatency
 .text.flashSetDataCache
                0x00000000080004d4       0x40 build/flash.o
                0x00000000080004d4                flashSetDataCache
 .text.powerSetVOS
                0x0000000008000514       0x10 build/power.o
                0x0000000008000514                powerSetVOS
 .text.conifg_configBoard
                0x0000000008000524       0x50 build/config.o
                0x0000000008000524                conifg_configBoard
 .text.Reset_Handler
                0x0000000008000574       0x48 build/startup.o
                0x0000000008000574                Reset_Handler
 .text.Default_Handler
                0x00000000080005bc        0x2 build/startup.o
                0x00000000080005bc                RTC_Alarm_IRQHandler
                0x00000000080005bc                EXTI2_IRQHandler
                0x00000000080005bc                TIM8_CC_IRQHandler
                0x00000000080005bc                DebugMon_Handler
                0x00000000080005bc                FMPI2C1_EV_IRQHandler
                0x00000000080005bc                SPI4_IRQHandler
                0x00000000080005bc                TIM1_CC_IRQHandler
                0x00000000080005bc                DMA2_Stream5_IRQHandler
                0x00000000080005bc                HardFault_Handler
                0x00000000080005bc                DMA1_Stream5_IRQHandler
                0x00000000080005bc                SysTick_Handler
                0x00000000080005bc                PVD_IRQHandler
                0x00000000080005bc                SDIO_IRQHandler
                0x00000000080005bc                TAMP_STAMP_IRQHandler
                0x00000000080005bc                PendSV_Handler
                0x00000000080005bc                NMI_Handler
                0x00000000080005bc                CAN2_RX1_IRQHandler
                0x00000000080005bc                EXTI3_IRQHandler
                0x00000000080005bc                TIM8_TRG_COM_TIM14_IRQHandler
                0x00000000080005bc                TIM1_UP_TIM10_IRQHandler
                0x00000000080005bc                TIM8_UP_TIM13_IRQHandler
                0x00000000080005bc                I2C3_ER_IRQHandler
                0x00000000080005bc                EXTI0_IRQHandler
                0x00000000080005bc                I2C2_EV_IRQHandler
                0x00000000080005bc                DMA1_Stream2_IRQHandler
                0x00000000080005bc                CAN1_RX0_IRQHandler
                0x00000000080005bc                FPU_IRQHandler
                0x00000000080005bc                OTG_HS_WKUP_IRQHandler
                0x00000000080005bc                UsageFault_Handler
                0x00000000080005bc                CAN2_SCE_IRQHandler
                0x00000000080005bc                DMA2_Stream2_IRQHandler
                0x00000000080005bc                SPI1_IRQHandler
                0x00000000080005bc                TIM6_DAC_IRQHandler
                0x00000000080005bc                TIM1_BRK_TIM9_IRQHandler
                0x00000000080005bc                DCMI_IRQHandler
                0x00000000080005bc                CAN2_RX0_IRQHandler
                0x00000000080005bc                DMA2_Stream3_IRQHandler
                0x00000000080005bc                SAI2_IRQHandler
                0x00000000080005bc                USART6_IRQHandler
                0x00000000080005bc                USART3_IRQHandler
                0x00000000080005bc                CAN1_RX1_IRQHandler
                0x00000000080005bc                UART5_IRQHandler
                0x00000000080005bc                DMA2_Stream0_IRQHandler
                0x00000000080005bc                TIM4_IRQHandler
                0x00000000080005bc                QUADSPI_IRQHandler
                0x00000000080005bc                I2C1_EV_IRQHandler
                0x00000000080005bc                DMA1_Stream6_IRQHandler
                0x00000000080005bc                DMA1_Stream1_IRQHandler
                0x00000000080005bc                UART4_IRQHandler
                0x00000000080005bc                TIM3_IRQHandler
                0x00000000080005bc                RCC_IRQHandler
                0x00000000080005bc                TIM8_BRK_TIM12_IRQHandler
                0x00000000080005bc                Default_Handler
                0x00000000080005bc                CEC_IRQHandler
                0x00000000080005bc                EXTI15_10_IRQHandler
                0x00000000080005bc                ADC_IRQHandler
                0x00000000080005bc                DMA1_Stream7_IRQHandler
                0x00000000080005bc                TIM7_IRQHandler
                0x00000000080005bc                CAN2_TX_IRQHandler
                0x00000000080005bc                TIM5_IRQHandler
                0x00000000080005bc                DMA2_Stream7_IRQHandler
                0x00000000080005bc                I2C3_EV_IRQHandler
                0x00000000080005bc                EXTI9_5_IRQHandler
                0x00000000080005bc                RTC_WKUP_IRQHandler
                0x00000000080005bc                SPDIF_RX_IRQHandler
                0x00000000080005bc                SPI2_IRQHandler
                0x00000000080005bc                OTG_HS_EP1_IN_IRQHandler
                0x00000000080005bc                MemManage_Handler
                0x00000000080005bc                DMA1_Stream0_IRQHandler
                0x00000000080005bc                CAN1_TX_IRQHandler
                0x00000000080005bc                SVC_Handler
                0x00000000080005bc                FMPI2C1_ER_IRQHandler
                0x00000000080005bc                EXTI4_IRQHandler
                0x00000000080005bc                OTG_HS_EP1_OUT_IRQHandler
                0x00000000080005bc                WWDG_IRQHandler
                0x00000000080005bc                TIM2_IRQHandler
                0x00000000080005bc                OTG_FS_WKUP_IRQHandler
                0x00000000080005bc                TIM1_TRG_COM_TIM11_IRQHandler
                0x00000000080005bc                OTG_HS_IRQHandler
                0x00000000080005bc                EXTI1_IRQHandler
                0x00000000080005bc                USART2_IRQHandler
                0x00000000080005bc                I2C2_ER_IRQHandler
                0x00000000080005bc                DMA2_Stream1_IRQHandler
                0x00000000080005bc                CAN1_SCE_IRQHandler
                0x00000000080005bc                FLASH_IRQHandler
                0x00000000080005bc                DMA2_Stream4_IRQHandler
                0x00000000080005bc                BusFault_Handler
                0x00000000080005bc                USART1_IRQHandler
                0x00000000080005bc                OTG_FS_IRQHandler
                0x00000000080005bc                SPI3_IRQHandler
                0x00000000080005bc                DMA1_Stream4_IRQHandler
                0x00000000080005bc                I2C1_ER_IRQHandler
                0x00000000080005bc                FMC_IRQHandler
                0x00000000080005bc                DMA2_Stream6_IRQHandler
                0x00000000080005bc                SAI1_IRQHandler
                0x00000000080005bc                DMA1_Stream3_IRQHandler
 *(.glue_7)
 .glue_7        0x00000000080005be        0x0 linker stubs
 *(.glue_7t)
 .glue_7t       0x00000000080005be        0x0 linker stubs
 *(.eh_frame)
 *fill*         0x00000000080005be        0x2 
 .eh_frame      0x00000000080005c0        0x0 /usr/lib/gcc/arm-none-eabi/8.3.1/thumb/v7e-m+fp/hard/crtbegin.o
 *(.init)
 .init          0x00000000080005c0        0x4 /usr/lib/gcc/arm-none-eabi/8.3.1/thumb/v7e-m+fp/hard/crti.o
                0x00000000080005c0                _init
 .init          0x00000000080005c4        0x8 /usr/lib/gcc/arm-none-eabi/8.3.1/thumb/v7e-m+fp/hard/crtn.o
 *(.fini)
 .fini          0x00000000080005cc        0x4 /usr/lib/gcc/arm-none-eabi/8.3.1/thumb/v7e-m+fp/hard/crti.o
                0x00000000080005cc                _fini
 .fini          0x00000000080005d0        0x8 /usr/lib/gcc/arm-none-eabi/8.3.1/thumb/v7e-m+fp/hard/crtn.o
                0x00000000080005d8                . = ALIGN (0x4)
                0x00000000080005d8                _etext = .

.vfp11_veneer   0x00000000080005d8        0x0
 .vfp11_veneer  0x00000000080005d8        0x0 linker stubs

.v4_bx          0x00000000080005d8        0x0
 .v4_bx         0x00000000080005d8        0x0 linker stubs

.iplt           0x00000000080005d8        0x0
 .iplt          0x00000000080005d8        0x0 /usr/lib/gcc/arm-none-eabi/8.3.1/thumb/v7e-m+fp/hard/crtbegin.o

.rodata         0x00000000080005d8       0x3c
                0x00000000080005d8                . = ALIGN (0x4)
 *(.rodata)
 .rodata        0x00000000080005d8       0x20 build/gpio.o
 .rodata        0x00000000080005f8        0x5 build/rcc.o
 *fill*         0x00000000080005fd        0x3 
 .rodata        0x0000000008000600       0x12 build/config.o
 *(.rodata*)
                0x0000000008000614                . = ALIGN (0x4)
 *fill*         0x0000000008000612        0x2 

.rel.dyn        0x0000000008000614        0x0
 .rel.iplt      0x0000000008000614        0x0 /usr/lib/gcc/arm-none-eabi/8.3.1/thumb/v7e-m+fp/hard/crtbegin.o

.ARM.extab
 *(.ARM.extab* .gnu.linkonce.armextab.*)

.ARM            0x0000000008000614        0x0
                0x0000000008000614                __exidx_start = .
 *(.ARM.exidx*)
                0x0000000008000614                __exidx_end = .

.preinit_array  0x0000000008000614        0x0
                0x0000000008000614                PROVIDE (__preinit_array_start = .)
 *(.preinit_array*)
                0x0000000008000614                PROVIDE (__preinit_array_end = .)

.init_array     0x0000000008000614        0x4
                0x0000000008000614                PROVIDE (__init_array_start = .)
 *(SORT_BY_NAME(.init_array.*))
 *(.init_array*)
 .init_array    0x0000000008000614        0x4 /usr/lib/gcc/arm-none-eabi/8.3.1/thumb/v7e-m+fp/hard/crtbegin.o
                0x0000000008000618                PROVIDE (__init_array_end = .)

.fini_array     0x0000000008000618        0x4
                0x0000000008000618                PROVIDE (__fini_array_start = .)
 *(SORT_BY_NAME(.fini_array.*))
 *(.fini_array*)
 .fini_array    0x0000000008000618        0x4 /usr/lib/gcc/arm-none-eabi/8.3.1/thumb/v7e-m+fp/hard/crtbegin.o
                0x000000000800061c                PROVIDE (__fini_array_end = .)
                0x000000000800061c                _sidata = LOADADDR (.data)

.data           0x0000000020000000        0x0 load address 0x000000000800061c
                0x0000000020000000                . = ALIGN (0x4)
                0x0000000020000000                _sdata = .
 *(.data)
 *(.data*)
                0x0000000020000000                . = ALIGN (0x4)
                0x0000000020000000                _edata = .

.tm_clone_table
                0x0000000020000000        0x0 load address 0x000000000800061c
 .tm_clone_table
                0x0000000020000000        0x0 /usr/lib/gcc/arm-none-eabi/8.3.1/thumb/v7e-m+fp/hard/crtbegin.o
 .tm_clone_table
                0x0000000020000000        0x0 /usr/lib/gcc/arm-none-eabi/8.3.1/thumb/v7e-m+fp/hard/crtend.o

.igot.plt       0x0000000020000000        0x0 load address 0x000000000800061c
 .igot.plt      0x0000000020000000        0x0 /usr/lib/gcc/arm-none-eabi/8.3.1/thumb/v7e-m+fp/hard/crtbegin.o
                0x0000000020000000                . = ALIGN (0x4)

.bss            0x0000000020000000       0x1c load address 0x000000000800061c
                0x0000000020000000                _sbss = .
                0x0000000020000000                __bss_start__ = _sbss
 *(.bss)
 .bss           0x0000000020000000       0x1c /usr/lib/gcc/arm-none-eabi/8.3.1/thumb/v7e-m+fp/hard/crtbegin.o
 *(.bss*)
 *(COMMON)
                0x000000002000001c                . = ALIGN (0x4)
                0x000000002000001c                _ebss = .
                0x000000002000001c                __bss_end__ = _ebss

._user_heap_stack
                0x000000002000001c      0x604 load address 0x000000000800061c
                0x0000000020000020                . = ALIGN (0x8)
 *fill*         0x000000002000001c        0x4 
                [!provide]                        PROVIDE (end = .)
                [!provide]                        PROVIDE (_end = .)
                0x0000000020000220                . = (. + _Min_Heap_Size)
 *fill*         0x0000000020000020      0x200 
                0x0000000020000620                . = (. + _Min_Stack_Size)
 *fill*         0x0000000020000220      0x400 
                0x0000000020000620                . = ALIGN (0x8)

/DISCARD/
 libc.a(*)
 libm.a(*)
 libgcc.a(*)

.ARM.attributes
                0x0000000000000000       0x30
 *(.ARM.attributes)
 .ARM.attributes
                0x0000000000000000       0x1e /usr/lib/gcc/arm-none-eabi/8.3.1/thumb/v7e-m+fp/hard/crti.o
 .ARM.attributes
                0x000000000000001e       0x34 /usr/lib/gcc/arm-none-eabi/8.3.1/thumb/v7e-m+fp/hard/crtbegin.o
 .ARM.attributes
                0x0000000000000052       0x34 build/main.o
 .ARM.attributes
                0x0000000000000086       0x34 build/gpio.o
 .ARM.attributes
                0x00000000000000ba       0x34 build/rcc.o
 .ARM.attributes
                0x00000000000000ee       0x34 build/flash.o
 .ARM.attributes
                0x0000000000000122       0x34 build/power.o
 .ARM.attributes
                0x0000000000000156       0x34 build/config.o
 .ARM.attributes
                0x000000000000018a       0x21 build/startup.o
 .ARM.attributes
                0x00000000000001ab       0x32 /usr/lib/gcc/arm-none-eabi/8.3.1/thumb/v7e-m+fp/hard/crtend.o
 .ARM.attributes
                0x00000000000001dd       0x1e /usr/lib/gcc/arm-none-eabi/8.3.1/thumb/v7e-m+fp/hard/crtn.o
OUTPUT(build/ARM_TEST.elf elf32-littlearm)
LOAD linker stubs
LOAD /usr/lib/gcc/arm-none-eabi/8.3.1/../../../arm-none-eabi/lib/thumb/v7e-m+fp/hard/libc.a
LOAD /usr/lib/gcc/arm-none-eabi/8.3.1/../../../arm-none-eabi/lib/thumb/v7e-m+fp/hard/libm.a
LOAD /usr/lib/gcc/arm-none-eabi/8.3.1/thumb/v7e-m+fp/hard/libgcc.a

.comment        0x0000000000000000       0x51
 .comment       0x0000000000000000       0x51 /usr/lib/gcc/arm-none-eabi/8.3.1/thumb/v7e-m+fp/hard/crtbegin.o
                                         0x52 (size before relaxing)
 .comment       0x0000000000000051       0x52 build/main.o
 .comment       0x0000000000000051       0x52 build/gpio.o
 .comment       0x0000000000000051       0x52 build/rcc.o
 .comment       0x0000000000000051       0x52 build/flash.o
 .comment       0x0000000000000051       0x52 build/power.o
 .comment       0x0000000000000051       0x52 build/config.o
 .comment       0x0000000000000051       0x52 /usr/lib/gcc/arm-none-eabi/8.3.1/thumb/v7e-m+fp/hard/crtend.o

.debug_info     0x0000000000000000     0x1508
 .debug_info    0x0000000000000000      0x15f build/main.o
 .debug_info    0x000000000000015f      0x63b build/gpio.o
 .debug_info    0x000000000000079a      0x58f build/rcc.o
 .debug_info    0x0000000000000d29      0x232 build/flash.o
 .debug_info    0x0000000000000f5b       0xd8 build/power.o
 .debug_info    0x0000000000001033      0x4b3 build/config.o
 .debug_info    0x00000000000014e6       0x22 build/startup.o

.debug_abbrev   0x0000000000000000      0x6c0
 .debug_abbrev  0x0000000000000000       0xbf build/main.o
 .debug_abbrev  0x00000000000000bf      0x227 build/gpio.o
 .debug_abbrev  0x00000000000002e6      0x166 build/rcc.o
 .debug_abbrev  0x000000000000044c       0xec build/flash.o
 .debug_abbrev  0x0000000000000538       0x87 build/power.o
 .debug_abbrev  0x00000000000005bf       0xef build/config.o
 .debug_abbrev  0x00000000000006ae       0x12 build/startup.o

.debug_loc      0x0000000000000000      0x559
 .debug_loc     0x0000000000000000       0x79 build/main.o
 .debug_loc     0x0000000000000079      0x353 build/gpio.o
 .debug_loc     0x00000000000003cc       0x8e build/rcc.o
 .debug_loc     0x000000000000045a       0xa2 build/flash.o
 .debug_loc     0x00000000000004fc       0x25 build/power.o
 .debug_loc     0x0000000000000521       0x38 build/config.o

.debug_aranges  0x0000000000000000      0x128
 .debug_aranges
                0x0000000000000000       0x20 build/main.o
 .debug_aranges
                0x0000000000000020       0x48 build/gpio.o
 .debug_aranges
                0x0000000000000068       0x30 build/rcc.o
 .debug_aranges
                0x0000000000000098       0x28 build/flash.o
 .debug_aranges
                0x00000000000000c0       0x20 build/power.o
 .debug_aranges
                0x00000000000000e0       0x20 build/config.o
 .debug_aranges
                0x0000000000000100       0x28 build/startup.o

.debug_ranges   0x0000000000000000       0xc0
 .debug_ranges  0x0000000000000000       0x10 build/main.o
 .debug_ranges  0x0000000000000010       0x38 build/gpio.o
 .debug_ranges  0x0000000000000048       0x20 build/rcc.o
 .debug_ranges  0x0000000000000068       0x18 build/flash.o
 .debug_ranges  0x0000000000000080       0x10 build/power.o
 .debug_ranges  0x0000000000000090       0x10 build/config.o
 .debug_ranges  0x00000000000000a0       0x20 build/startup.o

.debug_line     0x0000000000000000      0x7de
 .debug_line    0x0000000000000000       0xc7 build/main.o
 .debug_line    0x00000000000000c7      0x223 build/gpio.o
 .debug_line    0x00000000000002ea      0x21e build/rcc.o
 .debug_line    0x0000000000000508       0xed build/flash.o
 .debug_line    0x00000000000005f5       0x9a build/power.o
 .debug_line    0x000000000000068f       0xdf build/config.o
 .debug_line    0x000000000000076e       0x70 build/startup.o

.debug_str      0x0000000000000000      0xaf5
 .debug_str     0x0000000000000000      0x1f3 build/main.o
                                        0x227 (size before relaxing)
 .debug_str     0x00000000000001f3      0x386 build/gpio.o
                                        0x58e (size before relaxing)
 .debug_str     0x0000000000000579      0x4d4 build/rcc.o
                                        0x74d (size before relaxing)
 .debug_str     0x0000000000000a4d       0x2c build/flash.o
                                        0x361 (size before relaxing)
 .debug_str     0x0000000000000a79       0x29 build/power.o
                                        0x204 (size before relaxing)
 .debug_str     0x0000000000000aa2       0x33 build/config.o
                                        0x65f (size before relaxing)
 .debug_str     0x0000000000000ad5       0x20 build/startup.o
                                         0x5a (size before relaxing)

.debug_frame    0x0000000000000000      0x1b8
 .debug_frame   0x0000000000000000       0x28 build/main.o
 .debug_frame   0x0000000000000028       0xb4 build/gpio.o
 .debug_frame   0x00000000000000dc       0x54 build/rcc.o
 .debug_frame   0x0000000000000130       0x38 build/flash.o
 .debug_frame   0x0000000000000168       0x20 build/power.o
 .debug_frame   0x0000000000000188       0x30 build/config.o

Cross Reference Table

Symbol                                            File
ADC_IRQHandler                                    build/startup.o
BusFault_Handler                                  build/startup.o
CAN1_RX0_IRQHandler                               build/startup.o
CAN1_RX1_IRQHandler                               build/startup.o
CAN1_SCE_IRQHandler                               build/startup.o
CAN1_TX_IRQHandler                                build/startup.o
CAN2_RX0_IRQHandler                               build/startup.o
CAN2_RX1_IRQHandler                               build/startup.o
CAN2_SCE_IRQHandler                               build/startup.o
CAN2_TX_IRQHandler                                build/startup.o
CEC_IRQHandler                                    build/startup.o
DCMI_IRQHandler                                   build/startup.o
DMA1_Stream0_IRQHandler                           build/startup.o
DMA1_Stream1_IRQHandler                           build/startup.o
DMA1_Stream2_IRQHandler                           build/startup.o
DMA1_Stream3_IRQHandler                           build/startup.o
DMA1_Stream4_IRQHandler                           build/startup.o
DMA1_Stream5_IRQHandler                           build/startup.o
DMA1_Stream6_IRQHandler                           build/startup.o
DMA1_Stream7_IRQHandler                           build/startup.o
DMA2_Stream0_IRQHandler                           build/startup.o
DMA2_Stream1_IRQHandler                           build/startup.o
DMA2_Stream2_IRQHandler                           build/startup.o
DMA2_Stream3_IRQHandler                           build/startup.o
DMA2_Stream4_IRQHandler                           build/startup.o
DMA2_Stream5_IRQHandler                           build/startup.o
DMA2_Stream6_IRQHandler                           build/startup.o
DMA2_Stream7_IRQHandler                           build/startup.o
DebugMon_Handler                                  build/startup.o
Default_Handler                                   build/startup.o
DisableAHB1                                       build/rcc.o
EXTI0_IRQHandler                                  build/startup.o
EXTI15_10_IRQHandler                              build/startup.o
EXTI1_IRQHandler                                  build/startup.o
EXTI2_IRQHandler                                  build/startup.o
EXTI3_IRQHandler                                  build/startup.o
EXTI4_IRQHandler                                  build/startup.o
EXTI9_5_IRQHandler                                build/startup.o
FLASH_IRQHandler                                  build/startup.o
FMC_IRQHandler                                    build/startup.o
FMPI2C1_ER_IRQHandler                             build/startup.o
FMPI2C1_EV_IRQHandler                             build/startup.o
FPU_IRQHandler                                    build/startup.o
HardFault_Handler                                 build/startup.o
I2C1_ER_IRQHandler                                build/startup.o
I2C1_EV_IRQHandler                                build/startup.o
I2C2_ER_IRQHandler                                build/startup.o
I2C2_EV_IRQHandler                                build/startup.o
I2C3_ER_IRQHandler                                build/startup.o
I2C3_EV_IRQHandler                                build/startup.o
MemManage_Handler                                 build/startup.o
NMI_Handler                                       build/startup.o
OTG_FS_IRQHandler                                 build/startup.o
OTG_FS_WKUP_IRQHandler                            build/startup.o
OTG_HS_EP1_IN_IRQHandler                          build/startup.o
OTG_HS_EP1_OUT_IRQHandler                         build/startup.o
OTG_HS_IRQHandler                                 build/startup.o
OTG_HS_WKUP_IRQHandler                            build/startup.o
PVD_IRQHandler                                    build/startup.o
PendSV_Handler                                    build/startup.o
QUADSPI_IRQHandler                                build/startup.o
RCC_IRQHandler                                    build/startup.o
RTC_Alarm_IRQHandler                              build/startup.o
RTC_WKUP_IRQHandler                               build/startup.o
Reset_Handler                                     build/startup.o
SAI1_IRQHandler                                   build/startup.o
SAI2_IRQHandler                                   build/startup.o
SDIO_IRQHandler                                   build/startup.o
SPDIF_RX_IRQHandler                               build/startup.o
SPI1_IRQHandler                                   build/startup.o
SPI2_IRQHandler                                   build/startup.o
SPI3_IRQHandler                                   build/startup.o
SPI4_IRQHandler                                   build/startup.o
SVC_Handler                                       build/startup.o
SysTick_Handler                                   build/startup.o
TAMP_STAMP_IRQHandler                             build/startup.o
TIM1_BRK_TIM9_IRQHandler                          build/startup.o
TIM1_CC_IRQHandler                                build/startup.o
TIM1_TRG_COM_TIM11_IRQHandler                     build/startup.o
TIM1_UP_TIM10_IRQHandler                          build/startup.o
TIM2_IRQHandler                                   build/startup.o
TIM3_IRQHandler                                   build/startup.o
TIM4_IRQHandler                                   build/startup.o
TIM5_IRQHandler                                   build/startup.o
TIM6_DAC_IRQHandler                               build/startup.o
TIM7_IRQHandler                                   build/startup.o
TIM8_BRK_TIM12_IRQHandler                         build/startup.o
TIM8_CC_IRQHandler                                build/startup.o
TIM8_TRG_COM_TIM14_IRQHandler                     build/startup.o
TIM8_UP_TIM13_IRQHandler                          build/startup.o
UART4_IRQHandler                                  build/startup.o
UART5_IRQHandler                                  build/startup.o
USART1_IRQHandler                                 build/startup.o
USART2_IRQHandler                                 build/startup.o
USART3_IRQHandler                                 build/startup.o
USART6_IRQHandler                                 build/startup.o
UsageFault_Handler                                build/startup.o
WWDG_IRQHandler                                   build/startup.o
_ITM_deregisterTMCloneTable                       /usr/lib/gcc/arm-none-eabi/8.3.1/thumb/v7e-m+fp/hard/crtbegin.o
_ITM_registerTMCloneTable                         /usr/lib/gcc/arm-none-eabi/8.3.1/thumb/v7e-m+fp/hard/crtbegin.o
__TMC_END__                                       /usr/lib/gcc/arm-none-eabi/8.3.1/thumb/v7e-m+fp/hard/crtend.o
                                                  /usr/lib/gcc/arm-none-eabi/8.3.1/thumb/v7e-m+fp/hard/crtbegin.o
__atexit_dummy                                    /usr/lib/gcc/arm-none-eabi/8.3.1/../../../arm-none-eabi/lib/thumb/v7e-m+fp/hard/libc_nano.a(lib_a-__atexit.o)
__bss_end__                                       /usr/lib/gcc/arm-none-eabi/8.3.1/../../../arm-none-eabi/lib/thumb/v7e-m+fp/hard/crt0.o
__bss_start__                                     /usr/lib/gcc/arm-none-eabi/8.3.1/../../../arm-none-eabi/lib/thumb/v7e-m+fp/hard/crt0.o
__call_exitprocs                                  /usr/lib/gcc/arm-none-eabi/8.3.1/../../../arm-none-eabi/lib/thumb/v7e-m+fp/hard/libc_nano.a(lib_a-__call_atexit.o)
                                                  /usr/lib/gcc/arm-none-eabi/8.3.1/../../../arm-none-eabi/lib/thumb/v7e-m+fp/hard/libc_nano.a(lib_a-__atexit.o)
                                                  /usr/lib/gcc/arm-none-eabi/8.3.1/../../../arm-none-eabi/lib/thumb/v7e-m+fp/hard/libc_nano.a(lib_a-exit.o)
__deregister_frame_info                           /usr/lib/gcc/arm-none-eabi/8.3.1/thumb/v7e-m+fp/hard/crtbegin.o
__dso_handle                                      /usr/lib/gcc/arm-none-eabi/8.3.1/thumb/v7e-m+fp/hard/crtbegin.o
__fini_array_end                                  /usr/lib/gcc/arm-none-eabi/8.3.1/../../../arm-none-eabi/lib/thumb/v7e-m+fp/hard/libc_nano.a(lib_a-fini.o)
__fini_array_start                                /usr/lib/gcc/arm-none-eabi/8.3.1/../../../arm-none-eabi/lib/thumb/v7e-m+fp/hard/libc_nano.a(lib_a-fini.o)
__init_array_end                                  /usr/lib/gcc/arm-none-eabi/8.3.1/../../../arm-none-eabi/lib/thumb/v7e-m+fp/hard/libc_nano.a(lib_a-init.o)
__init_array_start                                /usr/lib/gcc/arm-none-eabi/8.3.1/../../../arm-none-eabi/lib/thumb/v7e-m+fp/hard/libc_nano.a(lib_a-init.o)
__libc_fini_array                                 /usr/lib/gcc/arm-none-eabi/8.3.1/../../../arm-none-eabi/lib/thumb/v7e-m+fp/hard/libc_nano.a(lib_a-fini.o)
                                                  /usr/lib/gcc/arm-none-eabi/8.3.1/../../../arm-none-eabi/lib/thumb/v7e-m+fp/hard/crt0.o
__libc_init_array                                 /usr/lib/gcc/arm-none-eabi/8.3.1/../../../arm-none-eabi/lib/thumb/v7e-m+fp/hard/libc_nano.a(lib_a-init.o)
                                                  /usr/lib/gcc/arm-none-eabi/8.3.1/../../../arm-none-eabi/lib/thumb/v7e-m+fp/hard/crt0.o
__on_exit_args                                    /usr/lib/gcc/arm-none-eabi/8.3.1/../../../arm-none-eabi/lib/thumb/v7e-m+fp/hard/libc_nano.a(lib_a-__atexit.o)
__preinit_array_end                               /usr/lib/gcc/arm-none-eabi/8.3.1/../../../arm-none-eabi/lib/thumb/v7e-m+fp/hard/libc_nano.a(lib_a-init.o)
__preinit_array_start                             /usr/lib/gcc/arm-none-eabi/8.3.1/../../../arm-none-eabi/lib/thumb/v7e-m+fp/hard/libc_nano.a(lib_a-init.o)
__register_exitproc                               /usr/lib/gcc/arm-none-eabi/8.3.1/../../../arm-none-eabi/lib/thumb/v7e-m+fp/hard/libc_nano.a(lib_a-__atexit.o)
                                                  /usr/lib/gcc/arm-none-eabi/8.3.1/../../../arm-none-eabi/lib/thumb/v7e-m+fp/hard/libc_nano.a(lib_a-atexit.o)
__register_frame_info                             /usr/lib/gcc/arm-none-eabi/8.3.1/thumb/v7e-m+fp/hard/crtbegin.o
__sf_fake_stderr                                  /usr/lib/gcc/arm-none-eabi/8.3.1/../../../arm-none-eabi/lib/thumb/v7e-m+fp/hard/libc_nano.a(lib_a-impure.o)
__sf_fake_stdin                                   /usr/lib/gcc/arm-none-eabi/8.3.1/../../../arm-none-eabi/lib/thumb/v7e-m+fp/hard/libc_nano.a(lib_a-impure.o)
__sf_fake_stdout                                  /usr/lib/gcc/arm-none-eabi/8.3.1/../../../arm-none-eabi/lib/thumb/v7e-m+fp/hard/libc_nano.a(lib_a-impure.o)
__stack                                           /usr/lib/gcc/arm-none-eabi/8.3.1/../../../arm-none-eabi/lib/thumb/v7e-m+fp/hard/crt0.o
_ebss                                             build/startup.o
_edata                                            build/startup.o
_estack                                           build/startup.o
_exit                                             /usr/lib/gcc/arm-none-eabi/8.3.1/../../../arm-none-eabi/lib/thumb/v7e-m+fp/hard/libnosys.a(_exit.o)
                                                  /usr/lib/gcc/arm-none-eabi/8.3.1/../../../arm-none-eabi/lib/thumb/v7e-m+fp/hard/libc_nano.a(lib_a-exit.o)
_fini                                             /usr/lib/gcc/arm-none-eabi/8.3.1/thumb/v7e-m+fp/hard/crti.o
                                                  /usr/lib/gcc/arm-none-eabi/8.3.1/../../../arm-none-eabi/lib/thumb/v7e-m+fp/hard/libc_nano.a(lib_a-fini.o)
_global_atexit                                    /usr/lib/gcc/arm-none-eabi/8.3.1/../../../arm-none-eabi/lib/thumb/v7e-m+fp/hard/libc_nano.a(lib_a-__call_atexit.o)
                                                  /usr/lib/gcc/arm-none-eabi/8.3.1/../../../arm-none-eabi/lib/thumb/v7e-m+fp/hard/libc_nano.a(lib_a-__atexit.o)
_global_impure_ptr                                /usr/lib/gcc/arm-none-eabi/8.3.1/../../../arm-none-eabi/lib/thumb/v7e-m+fp/hard/libc_nano.a(lib_a-impure.o)
                                                  /usr/lib/gcc/arm-none-eabi/8.3.1/../../../arm-none-eabi/lib/thumb/v7e-m+fp/hard/libc_nano.a(lib_a-exit.o)
_impure_ptr                                       /usr/lib/gcc/arm-none-eabi/8.3.1/../../../arm-none-eabi/lib/thumb/v7e-m+fp/hard/libc_nano.a(lib_a-impure.o)
_init                                             /usr/lib/gcc/arm-none-eabi/8.3.1/thumb/v7e-m+fp/hard/crti.o
                                                  /usr/lib/gcc/arm-none-eabi/8.3.1/../../../arm-none-eabi/lib/thumb/v7e-m+fp/hard/libc_nano.a(lib_a-init.o)
_mainCRTStartup                                   /usr/lib/gcc/arm-none-eabi/8.3.1/../../../arm-none-eabi/lib/thumb/v7e-m+fp/hard/crt0.o
_sbss                                             build/startup.o
_sdata                                            build/startup.o
_sidata                                           build/startup.o
_stack_init                                       /usr/lib/gcc/arm-none-eabi/8.3.1/../../../arm-none-eabi/lib/thumb/v7e-m+fp/hard/crt0.o
_start                                            /usr/lib/gcc/arm-none-eabi/8.3.1/../../../arm-none-eabi/lib/thumb/v7e-m+fp/hard/crt0.o
atexit                                            /usr/lib/gcc/arm-none-eabi/8.3.1/../../../arm-none-eabi/lib/thumb/v7e-m+fp/hard/libc_nano.a(lib_a-atexit.o)
                                                  /usr/lib/gcc/arm-none-eabi/8.3.1/../../../arm-none-eabi/lib/thumb/v7e-m+fp/hard/crt0.o
conifg_configBoard                                build/config.o
                                                  build/main.o
exit                                              /usr/lib/gcc/arm-none-eabi/8.3.1/../../../arm-none-eabi/lib/thumb/v7e-m+fp/hard/libc_nano.a(lib_a-exit.o)
                                                  /usr/lib/gcc/arm-none-eabi/8.3.1/../../../arm-none-eabi/lib/thumb/v7e-m+fp/hard/crt0.o
flashSetDataCache                                 build/flash.o
                                                  build/rcc.o
flashSetLatency                                   build/flash.o
                                                  build/rcc.o
g_pfnVectors                                      build/startup.o
gpioConfigPin                                     build/gpio.o
                                                  build/config.o
gpioReadPin                                       build/gpio.o
gpioReset                                         build/gpio.o
gpioSetPin                                        build/gpio.o
                                                  build/main.o
hardware_init_hook                                /usr/lib/gcc/arm-none-eabi/8.3.1/../../../arm-none-eabi/lib/thumb/v7e-m+fp/hard/crt0.o
main                                              build/main.o
                                                  build/startup.o
                                                  /usr/lib/gcc/arm-none-eabi/8.3.1/../../../arm-none-eabi/lib/thumb/v7e-m+fp/hard/crt0.o
malloc                                            /usr/lib/gcc/arm-none-eabi/8.3.1/../../../arm-none-eabi/lib/thumb/v7e-m+fp/hard/libc_nano.a(lib_a-__atexit.o)
memset                                            /usr/lib/gcc/arm-none-eabi/8.3.1/../../../arm-none-eabi/lib/thumb/v7e-m+fp/hard/libc_nano.a(lib_a-memset.o)
                                                  /usr/lib/gcc/arm-none-eabi/8.3.1/../../../arm-none-eabi/lib/thumb/v7e-m+fp/hard/crt0.o
powerSetVOS                                       build/power.o
                                                  build/rcc.o
rccClocksConfig                                   build/rcc.o
                                                  build/config.o
rccEnableAHB1                                     build/rcc.o
                                                  build/gpio.o
software_init_hook                                /usr/lib/gcc/arm-none-eabi/8.3.1/../../../arm-none-eabi/lib/thumb/v7e-m+fp/hard/crt0.o
