Archive member included to satisfy reference by file (symbol)

/usr/lib/gcc/arm-none-eabi/8.3.1/../../../arm-none-eabi/lib/thumb/v7e-m+fp/hard/libc_nano.a(lib_a-atexit.o)
                              /usr/lib/gcc/arm-none-eabi/8.3.1/../../../arm-none-eabi/lib/thumb/v7e-m+fp/hard/crt0.o (atexit)
/usr/lib/gcc/arm-none-eabi/8.3.1/../../../arm-none-eabi/lib/thumb/v7e-m+fp/hard/libc_nano.a(lib_a-exit.o)
                              /usr/lib/gcc/arm-none-eabi/8.3.1/../../../arm-none-eabi/lib/thumb/v7e-m+fp/hard/crt0.o (exit)
/usr/lib/gcc/arm-none-eabi/8.3.1/../../../arm-none-eabi/lib/thumb/v7e-m+fp/hard/libc_nano.a(lib_a-fini.o)
                              /usr/lib/gcc/arm-none-eabi/8.3.1/../../../arm-none-eabi/lib/thumb/v7e-m+fp/hard/crt0.o (__libc_fini_array)
/usr/lib/gcc/arm-none-eabi/8.3.1/../../../arm-none-eabi/lib/thumb/v7e-m+fp/hard/libc_nano.a(lib_a-impure.o)
                              /usr/lib/gcc/arm-none-eabi/8.3.1/../../../arm-none-eabi/lib/thumb/v7e-m+fp/hard/libc_nano.a(lib_a-exit.o) (_global_impure_ptr)
/usr/lib/gcc/arm-none-eabi/8.3.1/../../../arm-none-eabi/lib/thumb/v7e-m+fp/hard/libc_nano.a(lib_a-init.o)
                              /usr/lib/gcc/arm-none-eabi/8.3.1/../../../arm-none-eabi/lib/thumb/v7e-m+fp/hard/crt0.o (__libc_init_array)
/usr/lib/gcc/arm-none-eabi/8.3.1/../../../arm-none-eabi/lib/thumb/v7e-m+fp/hard/libc_nano.a(lib_a-memset.o)
                              /usr/lib/gcc/arm-none-eabi/8.3.1/../../../arm-none-eabi/lib/thumb/v7e-m+fp/hard/crt0.o (memset)
/usr/lib/gcc/arm-none-eabi/8.3.1/../../../arm-none-eabi/lib/thumb/v7e-m+fp/hard/libc_nano.a(lib_a-__atexit.o)
                              /usr/lib/gcc/arm-none-eabi/8.3.1/../../../arm-none-eabi/lib/thumb/v7e-m+fp/hard/libc_nano.a(lib_a-atexit.o) (__register_exitproc)
/usr/lib/gcc/arm-none-eabi/8.3.1/../../../arm-none-eabi/lib/thumb/v7e-m+fp/hard/libc_nano.a(lib_a-__call_atexit.o)
                              /usr/lib/gcc/arm-none-eabi/8.3.1/../../../arm-none-eabi/lib/thumb/v7e-m+fp/hard/libc_nano.a(lib_a-__atexit.o) (__call_exitprocs)
/usr/lib/gcc/arm-none-eabi/8.3.1/../../../arm-none-eabi/lib/thumb/v7e-m+fp/hard/libnosys.a(_exit.o)
                              /usr/lib/gcc/arm-none-eabi/8.3.1/../../../arm-none-eabi/lib/thumb/v7e-m+fp/hard/libc_nano.a(lib_a-exit.o) (_exit)

Discarded input sections

 .text          0x0000000000000000        0x0 /usr/lib/gcc/arm-none-eabi/8.3.1/thumb/v7e-m+fp/hard/crti.o
 .data          0x0000000000000000        0x0 /usr/lib/gcc/arm-none-eabi/8.3.1/thumb/v7e-m+fp/hard/crti.o
 .bss           0x0000000000000000        0x0 /usr/lib/gcc/arm-none-eabi/8.3.1/thumb/v7e-m+fp/hard/crti.o
 .data          0x0000000000000000        0x4 /usr/lib/gcc/arm-none-eabi/8.3.1/thumb/v7e-m+fp/hard/crtbegin.o
 .text          0x0000000000000000       0x70 /usr/lib/gcc/arm-none-eabi/8.3.1/../../../arm-none-eabi/lib/thumb/v7e-m+fp/hard/crt0.o
 .data          0x0000000000000000        0x0 /usr/lib/gcc/arm-none-eabi/8.3.1/../../../arm-none-eabi/lib/thumb/v7e-m+fp/hard/crt0.o
 .bss           0x0000000000000000        0x0 /usr/lib/gcc/arm-none-eabi/8.3.1/../../../arm-none-eabi/lib/thumb/v7e-m+fp/hard/crt0.o
 .ARM.extab     0x0000000000000000        0x0 /usr/lib/gcc/arm-none-eabi/8.3.1/../../../arm-none-eabi/lib/thumb/v7e-m+fp/hard/crt0.o
 .ARM.exidx     0x0000000000000000       0x10 /usr/lib/gcc/arm-none-eabi/8.3.1/../../../arm-none-eabi/lib/thumb/v7e-m+fp/hard/crt0.o
 .debug_line    0x0000000000000000       0x87 /usr/lib/gcc/arm-none-eabi/8.3.1/../../../arm-none-eabi/lib/thumb/v7e-m+fp/hard/crt0.o
 .debug_info    0x0000000000000000       0x26 /usr/lib/gcc/arm-none-eabi/8.3.1/../../../arm-none-eabi/lib/thumb/v7e-m+fp/hard/crt0.o
 .debug_abbrev  0x0000000000000000       0x14 /usr/lib/gcc/arm-none-eabi/8.3.1/../../../arm-none-eabi/lib/thumb/v7e-m+fp/hard/crt0.o
 .debug_aranges
                0x0000000000000000       0x20 /usr/lib/gcc/arm-none-eabi/8.3.1/../../../arm-none-eabi/lib/thumb/v7e-m+fp/hard/crt0.o
 .debug_str     0x0000000000000000       0x9b /usr/lib/gcc/arm-none-eabi/8.3.1/../../../arm-none-eabi/lib/thumb/v7e-m+fp/hard/crt0.o
 .ARM.attributes
                0x0000000000000000       0x1c /usr/lib/gcc/arm-none-eabi/8.3.1/../../../arm-none-eabi/lib/thumb/v7e-m+fp/hard/crt0.o
 .text          0x0000000000000000        0x0 build/main.o
 .data          0x0000000000000000        0x0 build/main.o
 .bss           0x0000000000000000        0x0 build/main.o
 .text          0x0000000000000000        0x0 build/gpio.o
 .data          0x0000000000000000        0x0 build/gpio.o
 .bss           0x0000000000000000        0x0 build/gpio.o
 .text.gpioSetPin
                0x0000000000000000       0x30 build/gpio.o
 .text.gpioReadPin
                0x0000000000000000       0x1c build/gpio.o
 .text.gpioReset
                0x0000000000000000        0x2 build/gpio.o
 .text          0x0000000000000000        0x0 build/rcc.o
 .data          0x0000000000000000        0x0 build/rcc.o
 .bss           0x0000000000000000        0x0 build/rcc.o
 .text.rccDisableAHB1
                0x0000000000000000       0x10 build/rcc.o
 .text.rccEnableAPB1
                0x0000000000000000       0x18 build/rcc.o
 .text.rccDisableAPB1
                0x0000000000000000       0x10 build/rcc.o
 .text.rccEnableAPB2
                0x0000000000000000       0x18 build/rcc.o
 .text.rccDisableAPB2
                0x0000000000000000       0x10 build/rcc.o
 .text          0x0000000000000000        0x0 build/flash.o
 .data          0x0000000000000000        0x0 build/flash.o
 .bss           0x0000000000000000        0x0 build/flash.o
 .text          0x0000000000000000        0x0 build/power.o
 .data          0x0000000000000000        0x0 build/power.o
 .bss           0x0000000000000000        0x0 build/power.o
 .text          0x0000000000000000        0x0 build/interrupt.o
 .data          0x0000000000000000        0x0 build/interrupt.o
 .bss           0x0000000000000000        0x0 build/interrupt.o
 .text.interruptSetEdge
                0x0000000000000000       0x44 build/interrupt.o
 .text.interruptNVICSetPriority
                0x0000000000000000       0x12 build/interrupt.o
 .text.interruptNVICEnableIRQ
                0x0000000000000000       0x18 build/interrupt.o
 .text.interruptEnableEXTI
                0x0000000000000000      0x268 build/interrupt.o
 .text.interruptEnableOthers
                0x0000000000000000       0x16 build/interrupt.o
 .text.interruptCheckPendingReg
                0x0000000000000000       0x30 build/interrupt.o
 .debug_info    0x0000000000000000      0xbfb build/interrupt.o
 .debug_abbrev  0x0000000000000000      0x191 build/interrupt.o
 .debug_loc     0x0000000000000000      0x2f5 build/interrupt.o
 .debug_aranges
                0x0000000000000000       0x48 build/interrupt.o
 .debug_ranges  0x0000000000000000       0x38 build/interrupt.o
 .debug_line    0x0000000000000000      0x2e3 build/interrupt.o
 .debug_str     0x0000000000000000      0xa87 build/interrupt.o
 .comment       0x0000000000000000       0x52 build/interrupt.o
 .debug_frame   0x0000000000000000       0x88 build/interrupt.o
 .ARM.attributes
                0x0000000000000000       0x34 build/interrupt.o
 .text          0x0000000000000000        0x0 build/sysTick.o
 .data          0x0000000000000000        0x0 build/sysTick.o
 .bss           0x0000000000000000        0x0 build/sysTick.o
 .text          0x0000000000000000        0x0 build/syscfg.o
 .data          0x0000000000000000        0x0 build/syscfg.o
 .bss           0x0000000000000000        0x0 build/syscfg.o
 .text.syscfgEXTI
                0x0000000000000000       0xe0 build/syscfg.o
 .debug_info    0x0000000000000000      0x183 build/syscfg.o
 .debug_abbrev  0x0000000000000000       0x98 build/syscfg.o
 .debug_loc     0x0000000000000000      0x1d8 build/syscfg.o
 .debug_aranges
                0x0000000000000000       0x20 build/syscfg.o
 .debug_ranges  0x0000000000000000       0x10 build/syscfg.o
 .debug_line    0x0000000000000000      0x13b build/syscfg.o
 .debug_str     0x0000000000000000      0x2d4 build/syscfg.o
 .comment       0x0000000000000000       0x52 build/syscfg.o
 .debug_frame   0x0000000000000000       0x20 build/syscfg.o
 .ARM.attributes
                0x0000000000000000       0x34 build/syscfg.o
 .text          0x0000000000000000        0x0 build/config.o
 .data          0x0000000000000000        0x0 build/config.o
 .bss           0x0000000000000000        0x0 build/config.o
 .text          0x0000000000000000       0x14 build/startup.o
 .data          0x0000000000000000        0x0 build/startup.o
 .bss           0x0000000000000000        0x0 build/startup.o
 .text          0x0000000000000000        0xc /usr/lib/gcc/arm-none-eabi/8.3.1/../../../arm-none-eabi/lib/thumb/v7e-m+fp/hard/libc_nano.a(lib_a-atexit.o)
 .data          0x0000000000000000        0x0 /usr/lib/gcc/arm-none-eabi/8.3.1/../../../arm-none-eabi/lib/thumb/v7e-m+fp/hard/libc_nano.a(lib_a-atexit.o)
 .bss           0x0000000000000000        0x0 /usr/lib/gcc/arm-none-eabi/8.3.1/../../../arm-none-eabi/lib/thumb/v7e-m+fp/hard/libc_nano.a(lib_a-atexit.o)
 .debug_info    0x0000000000000000      0x995 /usr/lib/gcc/arm-none-eabi/8.3.1/../../../arm-none-eabi/lib/thumb/v7e-m+fp/hard/libc_nano.a(lib_a-atexit.o)
 .debug_abbrev  0x0000000000000000      0x1f4 /usr/lib/gcc/arm-none-eabi/8.3.1/../../../arm-none-eabi/lib/thumb/v7e-m+fp/hard/libc_nano.a(lib_a-atexit.o)
 .debug_loc     0x0000000000000000       0x32 /usr/lib/gcc/arm-none-eabi/8.3.1/../../../arm-none-eabi/lib/thumb/v7e-m+fp/hard/libc_nano.a(lib_a-atexit.o)
 .debug_aranges
                0x0000000000000000       0x20 /usr/lib/gcc/arm-none-eabi/8.3.1/../../../arm-none-eabi/lib/thumb/v7e-m+fp/hard/libc_nano.a(lib_a-atexit.o)
 .debug_line    0x0000000000000000      0x14a /usr/lib/gcc/arm-none-eabi/8.3.1/../../../arm-none-eabi/lib/thumb/v7e-m+fp/hard/libc_nano.a(lib_a-atexit.o)
 .debug_str     0x0000000000000000      0x62d /usr/lib/gcc/arm-none-eabi/8.3.1/../../../arm-none-eabi/lib/thumb/v7e-m+fp/hard/libc_nano.a(lib_a-atexit.o)
 .comment       0x0000000000000000       0x4f /usr/lib/gcc/arm-none-eabi/8.3.1/../../../arm-none-eabi/lib/thumb/v7e-m+fp/hard/libc_nano.a(lib_a-atexit.o)
 .debug_frame   0x0000000000000000       0x20 /usr/lib/gcc/arm-none-eabi/8.3.1/../../../arm-none-eabi/lib/thumb/v7e-m+fp/hard/libc_nano.a(lib_a-atexit.o)
 .ARM.attributes
                0x0000000000000000       0x34 /usr/lib/gcc/arm-none-eabi/8.3.1/../../../arm-none-eabi/lib/thumb/v7e-m+fp/hard/libc_nano.a(lib_a-atexit.o)
 .text          0x0000000000000000       0x28 /usr/lib/gcc/arm-none-eabi/8.3.1/../../../arm-none-eabi/lib/thumb/v7e-m+fp/hard/libc_nano.a(lib_a-exit.o)
 .data          0x0000000000000000        0x0 /usr/lib/gcc/arm-none-eabi/8.3.1/../../../arm-none-eabi/lib/thumb/v7e-m+fp/hard/libc_nano.a(lib_a-exit.o)
 .bss           0x0000000000000000        0x0 /usr/lib/gcc/arm-none-eabi/8.3.1/../../../arm-none-eabi/lib/thumb/v7e-m+fp/hard/libc_nano.a(lib_a-exit.o)
 .debug_info    0x0000000000000000      0x9e7 /usr/lib/gcc/arm-none-eabi/8.3.1/../../../arm-none-eabi/lib/thumb/v7e-m+fp/hard/libc_nano.a(lib_a-exit.o)
 .debug_abbrev  0x0000000000000000      0x1f6 /usr/lib/gcc/arm-none-eabi/8.3.1/../../../arm-none-eabi/lib/thumb/v7e-m+fp/hard/libc_nano.a(lib_a-exit.o)
 .debug_loc     0x0000000000000000       0x22 /usr/lib/gcc/arm-none-eabi/8.3.1/../../../arm-none-eabi/lib/thumb/v7e-m+fp/hard/libc_nano.a(lib_a-exit.o)
 .debug_aranges
                0x0000000000000000       0x20 /usr/lib/gcc/arm-none-eabi/8.3.1/../../../arm-none-eabi/lib/thumb/v7e-m+fp/hard/libc_nano.a(lib_a-exit.o)
 .debug_line    0x0000000000000000      0x16c /usr/lib/gcc/arm-none-eabi/8.3.1/../../../arm-none-eabi/lib/thumb/v7e-m+fp/hard/libc_nano.a(lib_a-exit.o)
 .debug_str     0x0000000000000000      0x62e /usr/lib/gcc/arm-none-eabi/8.3.1/../../../arm-none-eabi/lib/thumb/v7e-m+fp/hard/libc_nano.a(lib_a-exit.o)
 .comment       0x0000000000000000       0x4f /usr/lib/gcc/arm-none-eabi/8.3.1/../../../arm-none-eabi/lib/thumb/v7e-m+fp/hard/libc_nano.a(lib_a-exit.o)
 .debug_frame   0x0000000000000000       0x28 /usr/lib/gcc/arm-none-eabi/8.3.1/../../../arm-none-eabi/lib/thumb/v7e-m+fp/hard/libc_nano.a(lib_a-exit.o)
 .ARM.attributes
                0x0000000000000000       0x34 /usr/lib/gcc/arm-none-eabi/8.3.1/../../../arm-none-eabi/lib/thumb/v7e-m+fp/hard/libc_nano.a(lib_a-exit.o)
 .text          0x0000000000000000       0x34 /usr/lib/gcc/arm-none-eabi/8.3.1/../../../arm-none-eabi/lib/thumb/v7e-m+fp/hard/libc_nano.a(lib_a-fini.o)
 .data          0x0000000000000000        0x0 /usr/lib/gcc/arm-none-eabi/8.3.1/../../../arm-none-eabi/lib/thumb/v7e-m+fp/hard/libc_nano.a(lib_a-fini.o)
 .bss           0x0000000000000000        0x0 /usr/lib/gcc/arm-none-eabi/8.3.1/../../../arm-none-eabi/lib/thumb/v7e-m+fp/hard/libc_nano.a(lib_a-fini.o)
 .debug_info    0x0000000000000000      0x102 /usr/lib/gcc/arm-none-eabi/8.3.1/../../../arm-none-eabi/lib/thumb/v7e-m+fp/hard/libc_nano.a(lib_a-fini.o)
 .debug_abbrev  0x0000000000000000       0xcf /usr/lib/gcc/arm-none-eabi/8.3.1/../../../arm-none-eabi/lib/thumb/v7e-m+fp/hard/libc_nano.a(lib_a-fini.o)
 .debug_loc     0x0000000000000000       0x68 /usr/lib/gcc/arm-none-eabi/8.3.1/../../../arm-none-eabi/lib/thumb/v7e-m+fp/hard/libc_nano.a(lib_a-fini.o)
 .debug_aranges
                0x0000000000000000       0x20 /usr/lib/gcc/arm-none-eabi/8.3.1/../../../arm-none-eabi/lib/thumb/v7e-m+fp/hard/libc_nano.a(lib_a-fini.o)
 .debug_line    0x0000000000000000       0xd7 /usr/lib/gcc/arm-none-eabi/8.3.1/../../../arm-none-eabi/lib/thumb/v7e-m+fp/hard/libc_nano.a(lib_a-fini.o)
 .debug_str     0x0000000000000000      0x1ff /usr/lib/gcc/arm-none-eabi/8.3.1/../../../arm-none-eabi/lib/thumb/v7e-m+fp/hard/libc_nano.a(lib_a-fini.o)
 .comment       0x0000000000000000       0x4f /usr/lib/gcc/arm-none-eabi/8.3.1/../../../arm-none-eabi/lib/thumb/v7e-m+fp/hard/libc_nano.a(lib_a-fini.o)
 .debug_frame   0x0000000000000000       0x34 /usr/lib/gcc/arm-none-eabi/8.3.1/../../../arm-none-eabi/lib/thumb/v7e-m+fp/hard/libc_nano.a(lib_a-fini.o)
 .ARM.attributes
                0x0000000000000000       0x34 /usr/lib/gcc/arm-none-eabi/8.3.1/../../../arm-none-eabi/lib/thumb/v7e-m+fp/hard/libc_nano.a(lib_a-fini.o)
 .text          0x0000000000000000        0x0 /usr/lib/gcc/arm-none-eabi/8.3.1/../../../arm-none-eabi/lib/thumb/v7e-m+fp/hard/libc_nano.a(lib_a-impure.o)
 .data          0x0000000000000000       0x64 /usr/lib/gcc/arm-none-eabi/8.3.1/../../../arm-none-eabi/lib/thumb/v7e-m+fp/hard/libc_nano.a(lib_a-impure.o)
 .bss           0x0000000000000000        0x0 /usr/lib/gcc/arm-none-eabi/8.3.1/../../../arm-none-eabi/lib/thumb/v7e-m+fp/hard/libc_nano.a(lib_a-impure.o)
 .rodata        0x0000000000000000        0x4 /usr/lib/gcc/arm-none-eabi/8.3.1/../../../arm-none-eabi/lib/thumb/v7e-m+fp/hard/libc_nano.a(lib_a-impure.o)
 .debug_info    0x0000000000000000      0x92a /usr/lib/gcc/arm-none-eabi/8.3.1/../../../arm-none-eabi/lib/thumb/v7e-m+fp/hard/libc_nano.a(lib_a-impure.o)
 .debug_abbrev  0x0000000000000000      0x17a /usr/lib/gcc/arm-none-eabi/8.3.1/../../../arm-none-eabi/lib/thumb/v7e-m+fp/hard/libc_nano.a(lib_a-impure.o)
 .debug_aranges
                0x0000000000000000       0x18 /usr/lib/gcc/arm-none-eabi/8.3.1/../../../arm-none-eabi/lib/thumb/v7e-m+fp/hard/libc_nano.a(lib_a-impure.o)
 .debug_line    0x0000000000000000       0xe3 /usr/lib/gcc/arm-none-eabi/8.3.1/../../../arm-none-eabi/lib/thumb/v7e-m+fp/hard/libc_nano.a(lib_a-impure.o)
 .debug_str     0x0000000000000000      0x5e2 /usr/lib/gcc/arm-none-eabi/8.3.1/../../../arm-none-eabi/lib/thumb/v7e-m+fp/hard/libc_nano.a(lib_a-impure.o)
 .comment       0x0000000000000000       0x4f /usr/lib/gcc/arm-none-eabi/8.3.1/../../../arm-none-eabi/lib/thumb/v7e-m+fp/hard/libc_nano.a(lib_a-impure.o)
 .ARM.attributes
                0x0000000000000000       0x32 /usr/lib/gcc/arm-none-eabi/8.3.1/../../../arm-none-eabi/lib/thumb/v7e-m+fp/hard/libc_nano.a(lib_a-impure.o)
 .text          0x0000000000000000       0x48 /usr/lib/gcc/arm-none-eabi/8.3.1/../../../arm-none-eabi/lib/thumb/v7e-m+fp/hard/libc_nano.a(lib_a-init.o)
 .data          0x0000000000000000        0x0 /usr/lib/gcc/arm-none-eabi/8.3.1/../../../arm-none-eabi/lib/thumb/v7e-m+fp/hard/libc_nano.a(lib_a-init.o)
 .bss           0x0000000000000000        0x0 /usr/lib/gcc/arm-none-eabi/8.3.1/../../../arm-none-eabi/lib/thumb/v7e-m+fp/hard/libc_nano.a(lib_a-init.o)
 .debug_info    0x0000000000000000      0x11a /usr/lib/gcc/arm-none-eabi/8.3.1/../../../arm-none-eabi/lib/thumb/v7e-m+fp/hard/libc_nano.a(lib_a-init.o)
 .debug_abbrev  0x0000000000000000       0xcc /usr/lib/gcc/arm-none-eabi/8.3.1/../../../arm-none-eabi/lib/thumb/v7e-m+fp/hard/libc_nano.a(lib_a-init.o)
 .debug_loc     0x0000000000000000       0xba /usr/lib/gcc/arm-none-eabi/8.3.1/../../../arm-none-eabi/lib/thumb/v7e-m+fp/hard/libc_nano.a(lib_a-init.o)
 .debug_aranges
                0x0000000000000000       0x20 /usr/lib/gcc/arm-none-eabi/8.3.1/../../../arm-none-eabi/lib/thumb/v7e-m+fp/hard/libc_nano.a(lib_a-init.o)
 .debug_line    0x0000000000000000      0x10d /usr/lib/gcc/arm-none-eabi/8.3.1/../../../arm-none-eabi/lib/thumb/v7e-m+fp/hard/libc_nano.a(lib_a-init.o)
 .debug_str     0x0000000000000000      0x229 /usr/lib/gcc/arm-none-eabi/8.3.1/../../../arm-none-eabi/lib/thumb/v7e-m+fp/hard/libc_nano.a(lib_a-init.o)
 .comment       0x0000000000000000       0x4f /usr/lib/gcc/arm-none-eabi/8.3.1/../../../arm-none-eabi/lib/thumb/v7e-m+fp/hard/libc_nano.a(lib_a-init.o)
 .debug_frame   0x0000000000000000       0x2c /usr/lib/gcc/arm-none-eabi/8.3.1/../../../arm-none-eabi/lib/thumb/v7e-m+fp/hard/libc_nano.a(lib_a-init.o)
 .ARM.attributes
                0x0000000000000000       0x34 /usr/lib/gcc/arm-none-eabi/8.3.1/../../../arm-none-eabi/lib/thumb/v7e-m+fp/hard/libc_nano.a(lib_a-init.o)
 .text          0x0000000000000000       0xa0 /usr/lib/gcc/arm-none-eabi/8.3.1/../../../arm-none-eabi/lib/thumb/v7e-m+fp/hard/libc_nano.a(lib_a-memset.o)
 .data          0x0000000000000000        0x0 /usr/lib/gcc/arm-none-eabi/8.3.1/../../../arm-none-eabi/lib/thumb/v7e-m+fp/hard/libc_nano.a(lib_a-memset.o)
 .bss           0x0000000000000000        0x0 /usr/lib/gcc/arm-none-eabi/8.3.1/../../../arm-none-eabi/lib/thumb/v7e-m+fp/hard/libc_nano.a(lib_a-memset.o)
 .debug_info    0x0000000000000000      0xf21 /usr/lib/gcc/arm-none-eabi/8.3.1/../../../arm-none-eabi/lib/thumb/v7e-m+fp/hard/libc_nano.a(lib_a-memset.o)
 .debug_abbrev  0x0000000000000000      0x1d9 /usr/lib/gcc/arm-none-eabi/8.3.1/../../../arm-none-eabi/lib/thumb/v7e-m+fp/hard/libc_nano.a(lib_a-memset.o)
 .debug_loc     0x0000000000000000      0x231 /usr/lib/gcc/arm-none-eabi/8.3.1/../../../arm-none-eabi/lib/thumb/v7e-m+fp/hard/libc_nano.a(lib_a-memset.o)
 .debug_aranges
                0x0000000000000000       0x20 /usr/lib/gcc/arm-none-eabi/8.3.1/../../../arm-none-eabi/lib/thumb/v7e-m+fp/hard/libc_nano.a(lib_a-memset.o)
 .debug_line    0x0000000000000000      0x26b /usr/lib/gcc/arm-none-eabi/8.3.1/../../../arm-none-eabi/lib/thumb/v7e-m+fp/hard/libc_nano.a(lib_a-memset.o)
 .debug_str     0x0000000000000000      0x90f /usr/lib/gcc/arm-none-eabi/8.3.1/../../../arm-none-eabi/lib/thumb/v7e-m+fp/hard/libc_nano.a(lib_a-memset.o)
 .comment       0x0000000000000000       0x4f /usr/lib/gcc/arm-none-eabi/8.3.1/../../../arm-none-eabi/lib/thumb/v7e-m+fp/hard/libc_nano.a(lib_a-memset.o)
 .debug_frame   0x0000000000000000       0x38 /usr/lib/gcc/arm-none-eabi/8.3.1/../../../arm-none-eabi/lib/thumb/v7e-m+fp/hard/libc_nano.a(lib_a-memset.o)
 .ARM.attributes
                0x0000000000000000       0x34 /usr/lib/gcc/arm-none-eabi/8.3.1/../../../arm-none-eabi/lib/thumb/v7e-m+fp/hard/libc_nano.a(lib_a-memset.o)
 .text          0x0000000000000000       0xa0 /usr/lib/gcc/arm-none-eabi/8.3.1/../../../arm-none-eabi/lib/thumb/v7e-m+fp/hard/libc_nano.a(lib_a-__atexit.o)
 .data          0x0000000000000000        0x4 /usr/lib/gcc/arm-none-eabi/8.3.1/../../../arm-none-eabi/lib/thumb/v7e-m+fp/hard/libc_nano.a(lib_a-__atexit.o)
 .bss           0x0000000000000000       0x8c /usr/lib/gcc/arm-none-eabi/8.3.1/../../../arm-none-eabi/lib/thumb/v7e-m+fp/hard/libc_nano.a(lib_a-__atexit.o)
 .debug_info    0x0000000000000000      0xa3c /usr/lib/gcc/arm-none-eabi/8.3.1/../../../arm-none-eabi/lib/thumb/v7e-m+fp/hard/libc_nano.a(lib_a-__atexit.o)
 .debug_abbrev  0x0000000000000000      0x261 /usr/lib/gcc/arm-none-eabi/8.3.1/../../../arm-none-eabi/lib/thumb/v7e-m+fp/hard/libc_nano.a(lib_a-__atexit.o)
 .debug_loc     0x0000000000000000      0x230 /usr/lib/gcc/arm-none-eabi/8.3.1/../../../arm-none-eabi/lib/thumb/v7e-m+fp/hard/libc_nano.a(lib_a-__atexit.o)
 .debug_aranges
                0x0000000000000000       0x20 /usr/lib/gcc/arm-none-eabi/8.3.1/../../../arm-none-eabi/lib/thumb/v7e-m+fp/hard/libc_nano.a(lib_a-__atexit.o)
 .debug_line    0x0000000000000000      0x228 /usr/lib/gcc/arm-none-eabi/8.3.1/../../../arm-none-eabi/lib/thumb/v7e-m+fp/hard/libc_nano.a(lib_a-__atexit.o)
 .debug_str     0x0000000000000000      0x680 /usr/lib/gcc/arm-none-eabi/8.3.1/../../../arm-none-eabi/lib/thumb/v7e-m+fp/hard/libc_nano.a(lib_a-__atexit.o)
 .comment       0x0000000000000000       0x4f /usr/lib/gcc/arm-none-eabi/8.3.1/../../../arm-none-eabi/lib/thumb/v7e-m+fp/hard/libc_nano.a(lib_a-__atexit.o)
 .debug_frame   0x0000000000000000       0x34 /usr/lib/gcc/arm-none-eabi/8.3.1/../../../arm-none-eabi/lib/thumb/v7e-m+fp/hard/libc_nano.a(lib_a-__atexit.o)
 .ARM.attributes
                0x0000000000000000       0x34 /usr/lib/gcc/arm-none-eabi/8.3.1/../../../arm-none-eabi/lib/thumb/v7e-m+fp/hard/libc_nano.a(lib_a-__atexit.o)
 .text          0x0000000000000000       0x9c /usr/lib/gcc/arm-none-eabi/8.3.1/../../../arm-none-eabi/lib/thumb/v7e-m+fp/hard/libc_nano.a(lib_a-__call_atexit.o)
 .data          0x0000000000000000        0x0 /usr/lib/gcc/arm-none-eabi/8.3.1/../../../arm-none-eabi/lib/thumb/v7e-m+fp/hard/libc_nano.a(lib_a-__call_atexit.o)
 .bss           0x0000000000000000        0x4 /usr/lib/gcc/arm-none-eabi/8.3.1/../../../arm-none-eabi/lib/thumb/v7e-m+fp/hard/libc_nano.a(lib_a-__call_atexit.o)
 .debug_info    0x0000000000000000      0xa10 /usr/lib/gcc/arm-none-eabi/8.3.1/../../../arm-none-eabi/lib/thumb/v7e-m+fp/hard/libc_nano.a(lib_a-__call_atexit.o)
 .debug_abbrev  0x0000000000000000      0x237 /usr/lib/gcc/arm-none-eabi/8.3.1/../../../arm-none-eabi/lib/thumb/v7e-m+fp/hard/libc_nano.a(lib_a-__call_atexit.o)
 .debug_loc     0x0000000000000000      0x13f /usr/lib/gcc/arm-none-eabi/8.3.1/../../../arm-none-eabi/lib/thumb/v7e-m+fp/hard/libc_nano.a(lib_a-__call_atexit.o)
 .debug_aranges
                0x0000000000000000       0x20 /usr/lib/gcc/arm-none-eabi/8.3.1/../../../arm-none-eabi/lib/thumb/v7e-m+fp/hard/libc_nano.a(lib_a-__call_atexit.o)
 .debug_ranges  0x0000000000000000       0x28 /usr/lib/gcc/arm-none-eabi/8.3.1/../../../arm-none-eabi/lib/thumb/v7e-m+fp/hard/libc_nano.a(lib_a-__call_atexit.o)
 .debug_line    0x0000000000000000      0x22a /usr/lib/gcc/arm-none-eabi/8.3.1/../../../arm-none-eabi/lib/thumb/v7e-m+fp/hard/libc_nano.a(lib_a-__call_atexit.o)
 .debug_str     0x0000000000000000      0x62b /usr/lib/gcc/arm-none-eabi/8.3.1/../../../arm-none-eabi/lib/thumb/v7e-m+fp/hard/libc_nano.a(lib_a-__call_atexit.o)
 .comment       0x0000000000000000       0x4f /usr/lib/gcc/arm-none-eabi/8.3.1/../../../arm-none-eabi/lib/thumb/v7e-m+fp/hard/libc_nano.a(lib_a-__call_atexit.o)
 .debug_frame   0x0000000000000000       0x40 /usr/lib/gcc/arm-none-eabi/8.3.1/../../../arm-none-eabi/lib/thumb/v7e-m+fp/hard/libc_nano.a(lib_a-__call_atexit.o)
 .ARM.attributes
                0x0000000000000000       0x34 /usr/lib/gcc/arm-none-eabi/8.3.1/../../../arm-none-eabi/lib/thumb/v7e-m+fp/hard/libc_nano.a(lib_a-__call_atexit.o)
 .text          0x0000000000000000        0x4 /usr/lib/gcc/arm-none-eabi/8.3.1/../../../arm-none-eabi/lib/thumb/v7e-m+fp/hard/libnosys.a(_exit.o)
 .data          0x0000000000000000        0x0 /usr/lib/gcc/arm-none-eabi/8.3.1/../../../arm-none-eabi/lib/thumb/v7e-m+fp/hard/libnosys.a(_exit.o)
 .bss           0x0000000000000000        0x0 /usr/lib/gcc/arm-none-eabi/8.3.1/../../../arm-none-eabi/lib/thumb/v7e-m+fp/hard/libnosys.a(_exit.o)
 .debug_info    0x0000000000000000       0xa3 /usr/lib/gcc/arm-none-eabi/8.3.1/../../../arm-none-eabi/lib/thumb/v7e-m+fp/hard/libnosys.a(_exit.o)
 .debug_abbrev  0x0000000000000000       0x6a /usr/lib/gcc/arm-none-eabi/8.3.1/../../../arm-none-eabi/lib/thumb/v7e-m+fp/hard/libnosys.a(_exit.o)
 .debug_loc     0x0000000000000000       0x15 /usr/lib/gcc/arm-none-eabi/8.3.1/../../../arm-none-eabi/lib/thumb/v7e-m+fp/hard/libnosys.a(_exit.o)
 .debug_aranges
                0x0000000000000000       0x20 /usr/lib/gcc/arm-none-eabi/8.3.1/../../../arm-none-eabi/lib/thumb/v7e-m+fp/hard/libnosys.a(_exit.o)
 .debug_line    0x0000000000000000       0x6e /usr/lib/gcc/arm-none-eabi/8.3.1/../../../arm-none-eabi/lib/thumb/v7e-m+fp/hard/libnosys.a(_exit.o)
 .debug_str     0x0000000000000000      0x19f /usr/lib/gcc/arm-none-eabi/8.3.1/../../../arm-none-eabi/lib/thumb/v7e-m+fp/hard/libnosys.a(_exit.o)
 .comment       0x0000000000000000       0x4f /usr/lib/gcc/arm-none-eabi/8.3.1/../../../arm-none-eabi/lib/thumb/v7e-m+fp/hard/libnosys.a(_exit.o)
 .debug_frame   0x0000000000000000       0x20 /usr/lib/gcc/arm-none-eabi/8.3.1/../../../arm-none-eabi/lib/thumb/v7e-m+fp/hard/libnosys.a(_exit.o)
 .ARM.attributes
                0x0000000000000000       0x34 /usr/lib/gcc/arm-none-eabi/8.3.1/../../../arm-none-eabi/lib/thumb/v7e-m+fp/hard/libnosys.a(_exit.o)
 .text          0x0000000000000000        0x0 /usr/lib/gcc/arm-none-eabi/8.3.1/thumb/v7e-m+fp/hard/crtend.o
 .data          0x0000000000000000        0x0 /usr/lib/gcc/arm-none-eabi/8.3.1/thumb/v7e-m+fp/hard/crtend.o
 .bss           0x0000000000000000        0x0 /usr/lib/gcc/arm-none-eabi/8.3.1/thumb/v7e-m+fp/hard/crtend.o
 .eh_frame      0x0000000000000000        0x4 /usr/lib/gcc/arm-none-eabi/8.3.1/thumb/v7e-m+fp/hard/crtend.o
 .text          0x0000000000000000        0x0 /usr/lib/gcc/arm-none-eabi/8.3.1/thumb/v7e-m+fp/hard/crtn.o
 .data          0x0000000000000000        0x0 /usr/lib/gcc/arm-none-eabi/8.3.1/thumb/v7e-m+fp/hard/crtn.o
 .bss           0x0000000000000000        0x0 /usr/lib/gcc/arm-none-eabi/8.3.1/thumb/v7e-m+fp/hard/crtn.o

Memory Configuration

Name             Origin             Length             Attributes
RAM              0x0000000020000000 0x0000000000020000 xrw
FLASH            0x0000000008000000 0x0000000000080000 xr
*default*        0x0000000000000000 0xffffffffffffffff

Linker script and memory map

LOAD /usr/lib/gcc/arm-none-eabi/8.3.1/thumb/v7e-m+fp/hard/crti.o
LOAD /usr/lib/gcc/arm-none-eabi/8.3.1/thumb/v7e-m+fp/hard/crtbegin.o
LOAD /usr/lib/gcc/arm-none-eabi/8.3.1/../../../arm-none-eabi/lib/thumb/v7e-m+fp/hard/crt0.o
LOAD build/main.o
LOAD build/gpio.o
LOAD build/rcc.o
LOAD build/flash.o
LOAD build/power.o
LOAD build/interrupt.o
LOAD build/sysTick.o
LOAD build/syscfg.o
LOAD build/config.o
LOAD build/startup.o
LOAD /usr/lib/gcc/arm-none-eabi/8.3.1/../../../arm-none-eabi/lib/thumb/v7e-m+fp/hard/libc_nano.a
LOAD /usr/lib/gcc/arm-none-eabi/8.3.1/../../../arm-none-eabi/lib/thumb/v7e-m+fp/hard/libm.a
LOAD /usr/lib/gcc/arm-none-eabi/8.3.1/../../../arm-none-eabi/lib/thumb/v7e-m+fp/hard/libnosys.a
START GROUP
LOAD /usr/lib/gcc/arm-none-eabi/8.3.1/thumb/v7e-m+fp/hard/libgcc.a
LOAD /usr/lib/gcc/arm-none-eabi/8.3.1/../../../arm-none-eabi/lib/thumb/v7e-m+fp/hard/libc_nano.a
END GROUP
START GROUP
LOAD /usr/lib/gcc/arm-none-eabi/8.3.1/thumb/v7e-m+fp/hard/libgcc.a
LOAD /usr/lib/gcc/arm-none-eabi/8.3.1/../../../arm-none-eabi/lib/thumb/v7e-m+fp/hard/libc_nano.a
END GROUP
LOAD /usr/lib/gcc/arm-none-eabi/8.3.1/thumb/v7e-m+fp/hard/crtend.o
LOAD /usr/lib/gcc/arm-none-eabi/8.3.1/thumb/v7e-m+fp/hard/crtn.o
                0x0000000020020000                _estack = (ORIGIN (RAM) + LENGTH (RAM))
                0x0000000000000200                _Min_Heap_Size = 0x200
                0x0000000000000400                _Min_Stack_Size = 0x400

.isr_vector     0x0000000008000000      0x1c4
                0x0000000008000000                . = ALIGN (0x4)
 *(.isr_vector)
 .isr_vector    0x0000000008000000      0x1c4 build/startup.o
                0x0000000008000000                g_pfnVectors
                0x00000000080001c4                . = ALIGN (0x4)

.text           0x00000000080001c4      0x438
                0x00000000080001c4                . = ALIGN (0x4)
 *(.text)
 .text          0x00000000080001c4       0x88 /usr/lib/gcc/arm-none-eabi/8.3.1/thumb/v7e-m+fp/hard/crtbegin.o
 *(.text*)
 .text.SysTick_Handler
                0x000000000800024c        0xc build/main.o
                0x000000000800024c                SysTick_Handler
 .text.main     0x0000000008000258        0x8 build/main.o
                0x0000000008000258                main
 .text.getBusReg
                0x0000000008000260       0x2c build/gpio.o
 .text.gpioInit
                0x000000000800028c       0x52 build/gpio.o
 .text.gpioConfigPin
                0x00000000080002de       0x5a build/gpio.o
                0x00000000080002de                gpioConfigPin
 .text.gpioTogglePin
                0x0000000008000338       0x16 build/gpio.o
                0x0000000008000338                gpioTogglePin
 *fill*         0x000000000800034e        0x2 
 .text.rccEnableAHB1
                0x0000000008000350       0x18 build/rcc.o
                0x0000000008000350                rccEnableAHB1
 .text.rccClocksConfig
                0x0000000008000368      0x12c build/rcc.o
                0x0000000008000368                rccClocksConfig
 .text.flashSetLatency
                0x0000000008000494       0x1c build/flash.o
                0x0000000008000494                flashSetLatency
 .text.flashSetDataCache
                0x00000000080004b0       0x40 build/flash.o
                0x00000000080004b0                flashSetDataCache
 .text.powerSetVOS
                0x00000000080004f0       0x10 build/power.o
                0x00000000080004f0                powerSetVOS
 .text.sysTickInit
                0x0000000008000500       0x50 build/sysTick.o
                0x0000000008000500                sysTickInit
 .text.conifg_configBoard
                0x0000000008000550       0x48 build/config.o
                0x0000000008000550                conifg_configBoard
 .text.Reset_Handler
                0x0000000008000598       0x48 build/startup.o
                0x0000000008000598                Reset_Handler
 .text.Default_Handler
                0x00000000080005e0        0x2 build/startup.o
                0x00000000080005e0                RTC_Alarm_IRQHandler
                0x00000000080005e0                EXTI2_IRQHandler
                0x00000000080005e0                TIM8_CC_IRQHandler
                0x00000000080005e0                DebugMon_Handler
                0x00000000080005e0                FMPI2C1_EV_IRQHandler
                0x00000000080005e0                SPI4_IRQHandler
                0x00000000080005e0                TIM1_CC_IRQHandler
                0x00000000080005e0                DMA2_Stream5_IRQHandler
                0x00000000080005e0                HardFault_Handler
                0x00000000080005e0                DMA1_Stream5_IRQHandler
                0x00000000080005e0                PVD_IRQHandler
                0x00000000080005e0                SDIO_IRQHandler
                0x00000000080005e0                TAMP_STAMP_IRQHandler
                0x00000000080005e0                PendSV_Handler
                0x00000000080005e0                NMI_Handler
                0x00000000080005e0                CAN2_RX1_IRQHandler
                0x00000000080005e0                EXTI3_IRQHandler
                0x00000000080005e0                TIM8_TRG_COM_TIM14_IRQHandler
                0x00000000080005e0                TIM1_UP_TIM10_IRQHandler
                0x00000000080005e0                TIM8_UP_TIM13_IRQHandler
                0x00000000080005e0                I2C3_ER_IRQHandler
                0x00000000080005e0                EXTI0_IRQHandler
                0x00000000080005e0                I2C2_EV_IRQHandler
                0x00000000080005e0                DMA1_Stream2_IRQHandler
                0x00000000080005e0                CAN1_RX0_IRQHandler
                0x00000000080005e0                FPU_IRQHandler
                0x00000000080005e0                OTG_HS_WKUP_IRQHandler
                0x00000000080005e0                UsageFault_Handler
                0x00000000080005e0                CAN2_SCE_IRQHandler
                0x00000000080005e0                DMA2_Stream2_IRQHandler
                0x00000000080005e0                SPI1_IRQHandler
                0x00000000080005e0                TIM6_DAC_IRQHandler
                0x00000000080005e0                TIM1_BRK_TIM9_IRQHandler
                0x00000000080005e0                DCMI_IRQHandler
                0x00000000080005e0                CAN2_RX0_IRQHandler
                0x00000000080005e0                DMA2_Stream3_IRQHandler
                0x00000000080005e0                SAI2_IRQHandler
                0x00000000080005e0                USART6_IRQHandler
                0x00000000080005e0                USART3_IRQHandler
                0x00000000080005e0                CAN1_RX1_IRQHandler
                0x00000000080005e0                UART5_IRQHandler
                0x00000000080005e0                DMA2_Stream0_IRQHandler
                0x00000000080005e0                TIM4_IRQHandler
                0x00000000080005e0                QUADSPI_IRQHandler
                0x00000000080005e0                I2C1_EV_IRQHandler
                0x00000000080005e0                DMA1_Stream6_IRQHandler
                0x00000000080005e0                DMA1_Stream1_IRQHandler
                0x00000000080005e0                UART4_IRQHandler
                0x00000000080005e0                TIM3_IRQHandler
                0x00000000080005e0                RCC_IRQHandler
                0x00000000080005e0                TIM8_BRK_TIM12_IRQHandler
                0x00000000080005e0                Default_Handler
                0x00000000080005e0                CEC_IRQHandler
                0x00000000080005e0                EXTI15_10_IRQHandler
                0x00000000080005e0                ADC_IRQHandler
                0x00000000080005e0                DMA1_Stream7_IRQHandler
                0x00000000080005e0                TIM7_IRQHandler
                0x00000000080005e0                CAN2_TX_IRQHandler
                0x00000000080005e0                TIM5_IRQHandler
                0x00000000080005e0                DMA2_Stream7_IRQHandler
                0x00000000080005e0                I2C3_EV_IRQHandler
                0x00000000080005e0                EXTI9_5_IRQHandler
                0x00000000080005e0                RTC_WKUP_IRQHandler
                0x00000000080005e0                SPDIF_RX_IRQHandler
                0x00000000080005e0                SPI2_IRQHandler
                0x00000000080005e0                OTG_HS_EP1_IN_IRQHandler
                0x00000000080005e0                MemManage_Handler
                0x00000000080005e0                DMA1_Stream0_IRQHandler
                0x00000000080005e0                CAN1_TX_IRQHandler
                0x00000000080005e0                SVC_Handler
                0x00000000080005e0                FMPI2C1_ER_IRQHandler
                0x00000000080005e0                EXTI4_IRQHandler
                0x00000000080005e0                OTG_HS_EP1_OUT_IRQHandler
                0x00000000080005e0                WWDG_IRQHandler
                0x00000000080005e0                TIM2_IRQHandler
                0x00000000080005e0                OTG_FS_WKUP_IRQHandler
                0x00000000080005e0                TIM1_TRG_COM_TIM11_IRQHandler
                0x00000000080005e0                OTG_HS_IRQHandler
                0x00000000080005e0                EXTI1_IRQHandler
                0x00000000080005e0                USART2_IRQHandler
                0x00000000080005e0                I2C2_ER_IRQHandler
                0x00000000080005e0                DMA2_Stream1_IRQHandler
                0x00000000080005e0                CAN1_SCE_IRQHandler
                0x00000000080005e0                FLASH_IRQHandler
                0x00000000080005e0                DMA2_Stream4_IRQHandler
                0x00000000080005e0                BusFault_Handler
                0x00000000080005e0                USART1_IRQHandler
                0x00000000080005e0                OTG_FS_IRQHandler
                0x00000000080005e0                SPI3_IRQHandler
                0x00000000080005e0                DMA1_Stream4_IRQHandler
                0x00000000080005e0                I2C1_ER_IRQHandler
                0x00000000080005e0                FMC_IRQHandler
                0x00000000080005e0                DMA2_Stream6_IRQHandler
                0x00000000080005e0                SAI1_IRQHandler
                0x00000000080005e0                DMA1_Stream3_IRQHandler
 *(.glue_7)
 .glue_7        0x00000000080005e2        0x0 linker stubs
 *(.glue_7t)
 .glue_7t       0x00000000080005e2        0x0 linker stubs
 *(.eh_frame)
 *fill*         0x00000000080005e2        0x2 
 .eh_frame      0x00000000080005e4        0x0 /usr/lib/gcc/arm-none-eabi/8.3.1/thumb/v7e-m+fp/hard/crtbegin.o
 *(.init)
 .init          0x00000000080005e4        0x4 /usr/lib/gcc/arm-none-eabi/8.3.1/thumb/v7e-m+fp/hard/crti.o
                0x00000000080005e4                _init
 .init          0x00000000080005e8        0x8 /usr/lib/gcc/arm-none-eabi/8.3.1/thumb/v7e-m+fp/hard/crtn.o
 *(.fini)
 .fini          0x00000000080005f0        0x4 /usr/lib/gcc/arm-none-eabi/8.3.1/thumb/v7e-m+fp/hard/crti.o
                0x00000000080005f0                _fini
 .fini          0x00000000080005f4        0x8 /usr/lib/gcc/arm-none-eabi/8.3.1/thumb/v7e-m+fp/hard/crtn.o
                0x00000000080005fc                . = ALIGN (0x4)
                0x00000000080005fc                _etext = .

.vfp11_veneer   0x00000000080005fc        0x0
 .vfp11_veneer  0x00000000080005fc        0x0 linker stubs

.v4_bx          0x00000000080005fc        0x0
 .v4_bx         0x00000000080005fc        0x0 linker stubs

.iplt           0x00000000080005fc        0x0
 .iplt          0x00000000080005fc        0x0 /usr/lib/gcc/arm-none-eabi/8.3.1/thumb/v7e-m+fp/hard/crtbegin.o

.rodata         0x00000000080005fc       0x3c
                0x00000000080005fc                . = ALIGN (0x4)
 *(.rodata)
 .rodata        0x00000000080005fc       0x20 build/gpio.o
 .rodata        0x000000000800061c        0x5 build/rcc.o
 *fill*         0x0000000008000621        0x3 
 .rodata        0x0000000008000624       0x12 build/config.o
 *(.rodata*)
                0x0000000008000638                . = ALIGN (0x4)
 *fill*         0x0000000008000636        0x2 

.rel.dyn        0x0000000008000638        0x0
 .rel.iplt      0x0000000008000638        0x0 /usr/lib/gcc/arm-none-eabi/8.3.1/thumb/v7e-m+fp/hard/crtbegin.o

.ARM.extab
 *(.ARM.extab* .gnu.linkonce.armextab.*)

.ARM            0x0000000008000638        0x0
                0x0000000008000638                __exidx_start = .
 *(.ARM.exidx*)
                0x0000000008000638                __exidx_end = .

.preinit_array  0x0000000008000638        0x0
                0x0000000008000638                PROVIDE (__preinit_array_start = .)
 *(.preinit_array*)
                0x0000000008000638                PROVIDE (__preinit_array_end = .)

.init_array     0x0000000008000638        0x4
                0x0000000008000638                PROVIDE (__init_array_start = .)
 *(SORT_BY_NAME(.init_array.*))
 *(.init_array*)
 .init_array    0x0000000008000638        0x4 /usr/lib/gcc/arm-none-eabi/8.3.1/thumb/v7e-m+fp/hard/crtbegin.o
                0x000000000800063c                PROVIDE (__init_array_end = .)

.fini_array     0x000000000800063c        0x4
                0x000000000800063c                PROVIDE (__fini_array_start = .)
 *(SORT_BY_NAME(.fini_array.*))
 *(.fini_array*)
 .fini_array    0x000000000800063c        0x4 /usr/lib/gcc/arm-none-eabi/8.3.1/thumb/v7e-m+fp/hard/crtbegin.o
                0x0000000008000640                PROVIDE (__fini_array_end = .)
                0x0000000008000640                _sidata = LOADADDR (.data)

.data           0x0000000020000000        0x0 load address 0x0000000008000640
                0x0000000020000000                . = ALIGN (0x4)
                0x0000000020000000                _sdata = .
 *(.data)
 *(.data*)
                0x0000000020000000                . = ALIGN (0x4)
                0x0000000020000000                _edata = .

.tm_clone_table
                0x0000000020000000        0x0 load address 0x0000000008000640
 .tm_clone_table
                0x0000000020000000        0x0 /usr/lib/gcc/arm-none-eabi/8.3.1/thumb/v7e-m+fp/hard/crtbegin.o
 .tm_clone_table
                0x0000000020000000        0x0 /usr/lib/gcc/arm-none-eabi/8.3.1/thumb/v7e-m+fp/hard/crtend.o

.igot.plt       0x0000000020000000        0x0 load address 0x0000000008000640
 .igot.plt      0x0000000020000000        0x0 /usr/lib/gcc/arm-none-eabi/8.3.1/thumb/v7e-m+fp/hard/crtbegin.o
                0x0000000020000000                . = ALIGN (0x4)

.bss            0x0000000020000000       0x1c load address 0x0000000008000640
                0x0000000020000000                _sbss = .
                0x0000000020000000                __bss_start__ = _sbss
 *(.bss)
 .bss           0x0000000020000000       0x1c /usr/lib/gcc/arm-none-eabi/8.3.1/thumb/v7e-m+fp/hard/crtbegin.o
 *(.bss*)
 *(COMMON)
                0x000000002000001c                . = ALIGN (0x4)
                0x000000002000001c                _ebss = .
                0x000000002000001c                __bss_end__ = _ebss

._user_heap_stack
                0x000000002000001c      0x604 load address 0x0000000008000640
                0x0000000020000020                . = ALIGN (0x8)
 *fill*         0x000000002000001c        0x4 
                [!provide]                        PROVIDE (end = .)
                [!provide]                        PROVIDE (_end = .)
                0x0000000020000220                . = (. + _Min_Heap_Size)
 *fill*         0x0000000020000020      0x200 
                0x0000000020000620                . = (. + _Min_Stack_Size)
 *fill*         0x0000000020000220      0x400 
                0x0000000020000620                . = ALIGN (0x8)

/DISCARD/
 libc.a(*)
 libm.a(*)
 libgcc.a(*)

.ARM.attributes
                0x0000000000000000       0x30
 *(.ARM.attributes)
 .ARM.attributes
                0x0000000000000000       0x1e /usr/lib/gcc/arm-none-eabi/8.3.1/thumb/v7e-m+fp/hard/crti.o
 .ARM.attributes
                0x000000000000001e       0x34 /usr/lib/gcc/arm-none-eabi/8.3.1/thumb/v7e-m+fp/hard/crtbegin.o
 .ARM.attributes
                0x0000000000000052       0x34 build/main.o
 .ARM.attributes
                0x0000000000000086       0x34 build/gpio.o
 .ARM.attributes
                0x00000000000000ba       0x34 build/rcc.o
 .ARM.attributes
                0x00000000000000ee       0x34 build/flash.o
 .ARM.attributes
                0x0000000000000122       0x34 build/power.o
 .ARM.attributes
                0x0000000000000156       0x34 build/sysTick.o
 .ARM.attributes
                0x000000000000018a       0x34 build/config.o
 .ARM.attributes
                0x00000000000001be       0x21 build/startup.o
 .ARM.attributes
                0x00000000000001df       0x32 /usr/lib/gcc/arm-none-eabi/8.3.1/thumb/v7e-m+fp/hard/crtend.o
 .ARM.attributes
                0x0000000000000211       0x1e /usr/lib/gcc/arm-none-eabi/8.3.1/thumb/v7e-m+fp/hard/crtn.o
OUTPUT(build/ARM_TEST.elf elf32-littlearm)
LOAD linker stubs
LOAD /usr/lib/gcc/arm-none-eabi/8.3.1/../../../arm-none-eabi/lib/thumb/v7e-m+fp/hard/libc.a
LOAD /usr/lib/gcc/arm-none-eabi/8.3.1/../../../arm-none-eabi/lib/thumb/v7e-m+fp/hard/libm.a
LOAD /usr/lib/gcc/arm-none-eabi/8.3.1/thumb/v7e-m+fp/hard/libgcc.a

.comment        0x0000000000000000       0x51
 .comment       0x0000000000000000       0x51 /usr/lib/gcc/arm-none-eabi/8.3.1/thumb/v7e-m+fp/hard/crtbegin.o
                                         0x52 (size before relaxing)
 .comment       0x0000000000000051       0x52 build/main.o
 .comment       0x0000000000000051       0x52 build/gpio.o
 .comment       0x0000000000000051       0x52 build/rcc.o
 .comment       0x0000000000000051       0x52 build/flash.o
 .comment       0x0000000000000051       0x52 build/power.o
 .comment       0x0000000000000051       0x52 build/sysTick.o
 .comment       0x0000000000000051       0x52 build/config.o
 .comment       0x0000000000000051       0x52 /usr/lib/gcc/arm-none-eabi/8.3.1/thumb/v7e-m+fp/hard/crtend.o

.debug_info     0x0000000000000000     0x188b
 .debug_info    0x0000000000000000      0x128 build/main.o
 .debug_info    0x0000000000000128      0x674 build/gpio.o
 .debug_info    0x000000000000079c      0x7c9 build/rcc.o
 .debug_info    0x0000000000000f65      0x232 build/flash.o
 .debug_info    0x0000000000001197       0xd8 build/power.o
 .debug_info    0x000000000000126f       0xfa build/sysTick.o
 .debug_info    0x0000000000001369      0x500 build/config.o
 .debug_info    0x0000000000001869       0x22 build/startup.o

.debug_abbrev   0x0000000000000000      0x76a
 .debug_abbrev  0x0000000000000000       0xba build/main.o
 .debug_abbrev  0x00000000000000ba      0x227 build/gpio.o
 .debug_abbrev  0x00000000000002e1      0x166 build/rcc.o
 .debug_abbrev  0x0000000000000447       0xec build/flash.o
 .debug_abbrev  0x0000000000000533       0x87 build/power.o
 .debug_abbrev  0x00000000000005ba       0x98 build/sysTick.o
 .debug_abbrev  0x0000000000000652      0x106 build/config.o
 .debug_abbrev  0x0000000000000758       0x12 build/startup.o

.debug_loc      0x0000000000000000      0x615
 .debug_loc     0x0000000000000000       0x40 build/main.o
 .debug_loc     0x0000000000000040      0x37d build/gpio.o
 .debug_loc     0x00000000000003bd      0x122 build/rcc.o
 .debug_loc     0x00000000000004df       0xa2 build/flash.o
 .debug_loc     0x0000000000000581       0x25 build/power.o
 .debug_loc     0x00000000000005a6       0x37 build/sysTick.o
 .debug_loc     0x00000000000005dd       0x38 build/config.o

.debug_aranges  0x0000000000000000      0x178
 .debug_aranges
                0x0000000000000000       0x28 build/main.o
 .debug_aranges
                0x0000000000000028       0x50 build/gpio.o
 .debug_aranges
                0x0000000000000078       0x50 build/rcc.o
 .debug_aranges
                0x00000000000000c8       0x28 build/flash.o
 .debug_aranges
                0x00000000000000f0       0x20 build/power.o
 .debug_aranges
                0x0000000000000110       0x20 build/sysTick.o
 .debug_aranges
                0x0000000000000130       0x20 build/config.o
 .debug_aranges
                0x0000000000000150       0x28 build/startup.o

.debug_ranges   0x0000000000000000      0x100
 .debug_ranges  0x0000000000000000       0x18 build/main.o
 .debug_ranges  0x0000000000000018       0x40 build/gpio.o
 .debug_ranges  0x0000000000000058       0x40 build/rcc.o
 .debug_ranges  0x0000000000000098       0x18 build/flash.o
 .debug_ranges  0x00000000000000b0       0x10 build/power.o
 .debug_ranges  0x00000000000000c0       0x10 build/sysTick.o
 .debug_ranges  0x00000000000000d0       0x10 build/config.o
 .debug_ranges  0x00000000000000e0       0x20 build/startup.o

.debug_line     0x0000000000000000      0x97f
 .debug_line    0x0000000000000000       0x9b build/main.o
 .debug_line    0x000000000000009b      0x244 build/gpio.o
 .debug_line    0x00000000000002df      0x2c6 build/rcc.o
 .debug_line    0x00000000000005a5       0xed build/flash.o
 .debug_line    0x0000000000000692       0x9a build/power.o
 .debug_line    0x000000000000072c       0xe7 build/sysTick.o
 .debug_line    0x0000000000000813       0xfc build/config.o
 .debug_line    0x000000000000090f       0x70 build/startup.o

.debug_str      0x0000000000000000      0xeb3
 .debug_str     0x0000000000000000      0x1dc build/main.o
                                        0x210 (size before relaxing)
 .debug_str     0x00000000000001dc      0x3ae build/gpio.o
                                        0x594 (size before relaxing)
 .debug_str     0x000000000000058a      0x7d5 build/rcc.o
                                        0xa58 (size before relaxing)
 .debug_str     0x0000000000000d5f       0x2c build/flash.o
                                        0x361 (size before relaxing)
 .debug_str     0x0000000000000d8b       0x29 build/power.o
                                        0x204 (size before relaxing)
 .debug_str     0x0000000000000db4       0xac build/sysTick.o
                                        0x236 (size before relaxing)
 .debug_str     0x0000000000000e60       0x33 build/config.o
                                        0x6c3 (size before relaxing)
 .debug_str     0x0000000000000e93       0x20 build/startup.o
                                         0x5a (size before relaxing)

.debug_frame    0x0000000000000000      0x248
 .debug_frame   0x0000000000000000       0x40 build/main.o
 .debug_frame   0x0000000000000040       0xcc build/gpio.o
 .debug_frame   0x000000000000010c       0x94 build/rcc.o
 .debug_frame   0x00000000000001a0       0x38 build/flash.o
 .debug_frame   0x00000000000001d8       0x20 build/power.o
 .debug_frame   0x00000000000001f8       0x20 build/sysTick.o
 .debug_frame   0x0000000000000218       0x30 build/config.o

Cross Reference Table

Symbol                                            File
ADC_IRQHandler                                    build/startup.o
BusFault_Handler                                  build/startup.o
CAN1_RX0_IRQHandler                               build/startup.o
CAN1_RX1_IRQHandler                               build/startup.o
CAN1_SCE_IRQHandler                               build/startup.o
CAN1_TX_IRQHandler                                build/startup.o
CAN2_RX0_IRQHandler                               build/startup.o
CAN2_RX1_IRQHandler                               build/startup.o
CAN2_SCE_IRQHandler                               build/startup.o
CAN2_TX_IRQHandler                                build/startup.o
CEC_IRQHandler                                    build/startup.o
DCMI_IRQHandler                                   build/startup.o
DMA1_Stream0_IRQHandler                           build/startup.o
DMA1_Stream1_IRQHandler                           build/startup.o
DMA1_Stream2_IRQHandler                           build/startup.o
DMA1_Stream3_IRQHandler                           build/startup.o
DMA1_Stream4_IRQHandler                           build/startup.o
DMA1_Stream5_IRQHandler                           build/startup.o
DMA1_Stream6_IRQHandler                           build/startup.o
DMA1_Stream7_IRQHandler                           build/startup.o
DMA2_Stream0_IRQHandler                           build/startup.o
DMA2_Stream1_IRQHandler                           build/startup.o
DMA2_Stream2_IRQHandler                           build/startup.o
DMA2_Stream3_IRQHandler                           build/startup.o
DMA2_Stream4_IRQHandler                           build/startup.o
DMA2_Stream5_IRQHandler                           build/startup.o
DMA2_Stream6_IRQHandler                           build/startup.o
DMA2_Stream7_IRQHandler                           build/startup.o
DebugMon_Handler                                  build/startup.o
Default_Handler                                   build/startup.o
EXTI0_IRQHandler                                  build/startup.o
EXTI15_10_IRQHandler                              build/startup.o
EXTI1_IRQHandler                                  build/startup.o
EXTI2_IRQHandler                                  build/startup.o
EXTI3_IRQHandler                                  build/startup.o
EXTI4_IRQHandler                                  build/startup.o
EXTI9_5_IRQHandler                                build/startup.o
FLASH_IRQHandler                                  build/startup.o
FMC_IRQHandler                                    build/startup.o
FMPI2C1_ER_IRQHandler                             build/startup.o
FMPI2C1_EV_IRQHandler                             build/startup.o
FPU_IRQHandler                                    build/startup.o
HardFault_Handler                                 build/startup.o
I2C1_ER_IRQHandler                                build/startup.o
I2C1_EV_IRQHandler                                build/startup.o
I2C2_ER_IRQHandler                                build/startup.o
I2C2_EV_IRQHandler                                build/startup.o
I2C3_ER_IRQHandler                                build/startup.o
I2C3_EV_IRQHandler                                build/startup.o
MemManage_Handler                                 build/startup.o
NMI_Handler                                       build/startup.o
OTG_FS_IRQHandler                                 build/startup.o
OTG_FS_WKUP_IRQHandler                            build/startup.o
OTG_HS_EP1_IN_IRQHandler                          build/startup.o
OTG_HS_EP1_OUT_IRQHandler                         build/startup.o
OTG_HS_IRQHandler                                 build/startup.o
OTG_HS_WKUP_IRQHandler                            build/startup.o
PVD_IRQHandler                                    build/startup.o
PendSV_Handler                                    build/startup.o
QUADSPI_IRQHandler                                build/startup.o
RCC_IRQHandler                                    build/startup.o
RTC_Alarm_IRQHandler                              build/startup.o
RTC_WKUP_IRQHandler                               build/startup.o
Reset_Handler                                     build/startup.o
SAI1_IRQHandler                                   build/startup.o
SAI2_IRQHandler                                   build/startup.o
SDIO_IRQHandler                                   build/startup.o
SPDIF_RX_IRQHandler                               build/startup.o
SPI1_IRQHandler                                   build/startup.o
SPI2_IRQHandler                                   build/startup.o
SPI3_IRQHandler                                   build/startup.o
SPI4_IRQHandler                                   build/startup.o
SVC_Handler                                       build/startup.o
SysTick_Handler                                   build/main.o
TAMP_STAMP_IRQHandler                             build/startup.o
TIM1_BRK_TIM9_IRQHandler                          build/startup.o
TIM1_CC_IRQHandler                                build/startup.o
TIM1_TRG_COM_TIM11_IRQHandler                     build/startup.o
TIM1_UP_TIM10_IRQHandler                          build/startup.o
TIM2_IRQHandler                                   build/startup.o
TIM3_IRQHandler                                   build/startup.o
TIM4_IRQHandler                                   build/startup.o
TIM5_IRQHandler                                   build/startup.o
TIM6_DAC_IRQHandler                               build/startup.o
TIM7_IRQHandler                                   build/startup.o
TIM8_BRK_TIM12_IRQHandler                         build/startup.o
TIM8_CC_IRQHandler                                build/startup.o
TIM8_TRG_COM_TIM14_IRQHandler                     build/startup.o
TIM8_UP_TIM13_IRQHandler                          build/startup.o
UART4_IRQHandler                                  build/startup.o
UART5_IRQHandler                                  build/startup.o
USART1_IRQHandler                                 build/startup.o
USART2_IRQHandler                                 build/startup.o
USART3_IRQHandler                                 build/startup.o
USART6_IRQHandler                                 build/startup.o
UsageFault_Handler                                build/startup.o
WWDG_IRQHandler                                   build/startup.o
_ITM_deregisterTMCloneTable                       /usr/lib/gcc/arm-none-eabi/8.3.1/thumb/v7e-m+fp/hard/crtbegin.o
_ITM_registerTMCloneTable                         /usr/lib/gcc/arm-none-eabi/8.3.1/thumb/v7e-m+fp/hard/crtbegin.o
__TMC_END__                                       /usr/lib/gcc/arm-none-eabi/8.3.1/thumb/v7e-m+fp/hard/crtend.o
                                                  /usr/lib/gcc/arm-none-eabi/8.3.1/thumb/v7e-m+fp/hard/crtbegin.o
__atexit_dummy                                    /usr/lib/gcc/arm-none-eabi/8.3.1/../../../arm-none-eabi/lib/thumb/v7e-m+fp/hard/libc_nano.a(lib_a-__atexit.o)
__bss_end__                                       /usr/lib/gcc/arm-none-eabi/8.3.1/../../../arm-none-eabi/lib/thumb/v7e-m+fp/hard/crt0.o
__bss_start__                                     /usr/lib/gcc/arm-none-eabi/8.3.1/../../../arm-none-eabi/lib/thumb/v7e-m+fp/hard/crt0.o
__call_exitprocs                                  /usr/lib/gcc/arm-none-eabi/8.3.1/../../../arm-none-eabi/lib/thumb/v7e-m+fp/hard/libc_nano.a(lib_a-__call_atexit.o)
                                                  /usr/lib/gcc/arm-none-eabi/8.3.1/../../../arm-none-eabi/lib/thumb/v7e-m+fp/hard/libc_nano.a(lib_a-__atexit.o)
                                                  /usr/lib/gcc/arm-none-eabi/8.3.1/../../../arm-none-eabi/lib/thumb/v7e-m+fp/hard/libc_nano.a(lib_a-exit.o)
__deregister_frame_info                           /usr/lib/gcc/arm-none-eabi/8.3.1/thumb/v7e-m+fp/hard/crtbegin.o
__dso_handle                                      /usr/lib/gcc/arm-none-eabi/8.3.1/thumb/v7e-m+fp/hard/crtbegin.o
__fini_array_end                                  /usr/lib/gcc/arm-none-eabi/8.3.1/../../../arm-none-eabi/lib/thumb/v7e-m+fp/hard/libc_nano.a(lib_a-fini.o)
__fini_array_start                                /usr/lib/gcc/arm-none-eabi/8.3.1/../../../arm-none-eabi/lib/thumb/v7e-m+fp/hard/libc_nano.a(lib_a-fini.o)
__init_array_end                                  /usr/lib/gcc/arm-none-eabi/8.3.1/../../../arm-none-eabi/lib/thumb/v7e-m+fp/hard/libc_nano.a(lib_a-init.o)
__init_array_start                                /usr/lib/gcc/arm-none-eabi/8.3.1/../../../arm-none-eabi/lib/thumb/v7e-m+fp/hard/libc_nano.a(lib_a-init.o)
__libc_fini_array                                 /usr/lib/gcc/arm-none-eabi/8.3.1/../../../arm-none-eabi/lib/thumb/v7e-m+fp/hard/libc_nano.a(lib_a-fini.o)
                                                  /usr/lib/gcc/arm-none-eabi/8.3.1/../../../arm-none-eabi/lib/thumb/v7e-m+fp/hard/crt0.o
__libc_init_array                                 /usr/lib/gcc/arm-none-eabi/8.3.1/../../../arm-none-eabi/lib/thumb/v7e-m+fp/hard/libc_nano.a(lib_a-init.o)
                                                  /usr/lib/gcc/arm-none-eabi/8.3.1/../../../arm-none-eabi/lib/thumb/v7e-m+fp/hard/crt0.o
__on_exit_args                                    /usr/lib/gcc/arm-none-eabi/8.3.1/../../../arm-none-eabi/lib/thumb/v7e-m+fp/hard/libc_nano.a(lib_a-__atexit.o)
__preinit_array_end                               /usr/lib/gcc/arm-none-eabi/8.3.1/../../../arm-none-eabi/lib/thumb/v7e-m+fp/hard/libc_nano.a(lib_a-init.o)
__preinit_array_start                             /usr/lib/gcc/arm-none-eabi/8.3.1/../../../arm-none-eabi/lib/thumb/v7e-m+fp/hard/libc_nano.a(lib_a-init.o)
__register_exitproc                               /usr/lib/gcc/arm-none-eabi/8.3.1/../../../arm-none-eabi/lib/thumb/v7e-m+fp/hard/libc_nano.a(lib_a-__atexit.o)
                                                  /usr/lib/gcc/arm-none-eabi/8.3.1/../../../arm-none-eabi/lib/thumb/v7e-m+fp/hard/libc_nano.a(lib_a-atexit.o)
__register_frame_info                             /usr/lib/gcc/arm-none-eabi/8.3.1/thumb/v7e-m+fp/hard/crtbegin.o
__sf_fake_stderr                                  /usr/lib/gcc/arm-none-eabi/8.3.1/../../../arm-none-eabi/lib/thumb/v7e-m+fp/hard/libc_nano.a(lib_a-impure.o)
__sf_fake_stdin                                   /usr/lib/gcc/arm-none-eabi/8.3.1/../../../arm-none-eabi/lib/thumb/v7e-m+fp/hard/libc_nano.a(lib_a-impure.o)
__sf_fake_stdout                                  /usr/lib/gcc/arm-none-eabi/8.3.1/../../../arm-none-eabi/lib/thumb/v7e-m+fp/hard/libc_nano.a(lib_a-impure.o)
__stack                                           /usr/lib/gcc/arm-none-eabi/8.3.1/../../../arm-none-eabi/lib/thumb/v7e-m+fp/hard/crt0.o
_ebss                                             build/startup.o
_edata                                            build/startup.o
_estack                                           build/startup.o
_exit                                             /usr/lib/gcc/arm-none-eabi/8.3.1/../../../arm-none-eabi/lib/thumb/v7e-m+fp/hard/libnosys.a(_exit.o)
                                                  /usr/lib/gcc/arm-none-eabi/8.3.1/../../../arm-none-eabi/lib/thumb/v7e-m+fp/hard/libc_nano.a(lib_a-exit.o)
_fini                                             /usr/lib/gcc/arm-none-eabi/8.3.1/thumb/v7e-m+fp/hard/crti.o
                                                  /usr/lib/gcc/arm-none-eabi/8.3.1/../../../arm-none-eabi/lib/thumb/v7e-m+fp/hard/libc_nano.a(lib_a-fini.o)
_global_atexit                                    /usr/lib/gcc/arm-none-eabi/8.3.1/../../../arm-none-eabi/lib/thumb/v7e-m+fp/hard/libc_nano.a(lib_a-__call_atexit.o)
                                                  /usr/lib/gcc/arm-none-eabi/8.3.1/../../../arm-none-eabi/lib/thumb/v7e-m+fp/hard/libc_nano.a(lib_a-__atexit.o)
_global_impure_ptr                                /usr/lib/gcc/arm-none-eabi/8.3.1/../../../arm-none-eabi/lib/thumb/v7e-m+fp/hard/libc_nano.a(lib_a-impure.o)
                                                  /usr/lib/gcc/arm-none-eabi/8.3.1/../../../arm-none-eabi/lib/thumb/v7e-m+fp/hard/libc_nano.a(lib_a-exit.o)
_impure_ptr                                       /usr/lib/gcc/arm-none-eabi/8.3.1/../../../arm-none-eabi/lib/thumb/v7e-m+fp/hard/libc_nano.a(lib_a-impure.o)
_init                                             /usr/lib/gcc/arm-none-eabi/8.3.1/thumb/v7e-m+fp/hard/crti.o
                                                  /usr/lib/gcc/arm-none-eabi/8.3.1/../../../arm-none-eabi/lib/thumb/v7e-m+fp/hard/libc_nano.a(lib_a-init.o)
_mainCRTStartup                                   /usr/lib/gcc/arm-none-eabi/8.3.1/../../../arm-none-eabi/lib/thumb/v7e-m+fp/hard/crt0.o
_sbss                                             build/startup.o
_sdata                                            build/startup.o
_sidata                                           build/startup.o
_stack_init                                       /usr/lib/gcc/arm-none-eabi/8.3.1/../../../arm-none-eabi/lib/thumb/v7e-m+fp/hard/crt0.o
_start                                            /usr/lib/gcc/arm-none-eabi/8.3.1/../../../arm-none-eabi/lib/thumb/v7e-m+fp/hard/crt0.o
atexit                                            /usr/lib/gcc/arm-none-eabi/8.3.1/../../../arm-none-eabi/lib/thumb/v7e-m+fp/hard/libc_nano.a(lib_a-atexit.o)
                                                  /usr/lib/gcc/arm-none-eabi/8.3.1/../../../arm-none-eabi/lib/thumb/v7e-m+fp/hard/crt0.o
conifg_configBoard                                build/config.o
                                                  build/main.o
exit                                              /usr/lib/gcc/arm-none-eabi/8.3.1/../../../arm-none-eabi/lib/thumb/v7e-m+fp/hard/libc_nano.a(lib_a-exit.o)
                                                  /usr/lib/gcc/arm-none-eabi/8.3.1/../../../arm-none-eabi/lib/thumb/v7e-m+fp/hard/crt0.o
flashSetDataCache                                 build/flash.o
                                                  build/rcc.o
flashSetLatency                                   build/flash.o
                                                  build/rcc.o
g_pfnVectors                                      build/startup.o
gpioConfigPin                                     build/gpio.o
                                                  build/config.o
gpioReadPin                                       build/gpio.o
gpioReset                                         build/gpio.o
gpioSetPin                                        build/gpio.o
gpioTogglePin                                     build/gpio.o
                                                  build/main.o
hardware_init_hook                                /usr/lib/gcc/arm-none-eabi/8.3.1/../../../arm-none-eabi/lib/thumb/v7e-m+fp/hard/crt0.o
interruptCheckPendingReg                          build/interrupt.o
interruptEnableEXTI                               build/interrupt.o
interruptEnableOthers                             build/interrupt.o
main                                              build/main.o
                                                  build/startup.o
                                                  /usr/lib/gcc/arm-none-eabi/8.3.1/../../../arm-none-eabi/lib/thumb/v7e-m+fp/hard/crt0.o
malloc                                            /usr/lib/gcc/arm-none-eabi/8.3.1/../../../arm-none-eabi/lib/thumb/v7e-m+fp/hard/libc_nano.a(lib_a-__atexit.o)
memset                                            /usr/lib/gcc/arm-none-eabi/8.3.1/../../../arm-none-eabi/lib/thumb/v7e-m+fp/hard/libc_nano.a(lib_a-memset.o)
                                                  /usr/lib/gcc/arm-none-eabi/8.3.1/../../../arm-none-eabi/lib/thumb/v7e-m+fp/hard/crt0.o
powerSetVOS                                       build/power.o
                                                  build/rcc.o
rccClocksConfig                                   build/rcc.o
                                                  build/config.o
rccDisableAHB1                                    build/rcc.o
rccDisableAPB1                                    build/rcc.o
rccDisableAPB2                                    build/rcc.o
rccEnableAHB1                                     build/rcc.o
                                                  build/gpio.o
rccEnableAPB1                                     build/rcc.o
rccEnableAPB2                                     build/rcc.o
                                                  build/interrupt.o
software_init_hook                                /usr/lib/gcc/arm-none-eabi/8.3.1/../../../arm-none-eabi/lib/thumb/v7e-m+fp/hard/crt0.o
sysTickInit                                       build/sysTick.o
                                                  build/config.o
syscfgEXTI                                        build/syscfg.o
                                                  build/interrupt.o
