ARM GAS  /tmp/ccrePOZ5.s 			page 1


   1              		.cpu cortex-m4
   2              		.eabi_attribute 27, 1
   3              		.eabi_attribute 28, 1
   4              		.eabi_attribute 20, 1
   5              		.eabi_attribute 21, 1
   6              		.eabi_attribute 23, 3
   7              		.eabi_attribute 24, 1
   8              		.eabi_attribute 25, 1
   9              		.eabi_attribute 26, 1
  10              		.eabi_attribute 30, 1
  11              		.eabi_attribute 34, 1
  12              		.eabi_attribute 18, 4
  13              		.file	"gpio.c"
  14              		.text
  15              	.Ltext0:
  16              		.cfi_sections	.debug_frame
  17              		.section	.text.getBusReg,"ax",%progbits
  18              		.align	1
  19              		.arch armv7e-m
  20              		.syntax unified
  21              		.thumb
  22              		.thumb_func
  23              		.fpu fpv4-sp-d16
  25              	getBusReg:
  26              	.LVL0:
  27              	.LFB0:
  28              		.file 1 "modules/drivers/gpio/gpio.c"
   1:modules/drivers/gpio/gpio.c **** 
   2:modules/drivers/gpio/gpio.c **** 
   3:modules/drivers/gpio/gpio.c **** /*includes*/
   4:modules/drivers/gpio/gpio.c **** #include "gpio.h"
   5:modules/drivers/gpio/gpio.c **** 
   6:modules/drivers/gpio/gpio.c **** #include "gpioRegisters.h"
   7:modules/drivers/gpio/gpio.c **** #include "rcc.h"
   8:modules/drivers/gpio/gpio.c **** 
   9:modules/drivers/gpio/gpio.c **** /*Constant and macros*/
  10:modules/drivers/gpio/gpio.c **** #define REG_VAL(X) (*(volatile uint32_t*)X)
  11:modules/drivers/gpio/gpio.c **** 
  12:modules/drivers/gpio/gpio.c **** /*Private types*/
  13:modules/drivers/gpio/gpio.c **** 
  14:modules/drivers/gpio/gpio.c **** typedef struct GpioRegisters_s
  15:modules/drivers/gpio/gpio.c **** {
  16:modules/drivers/gpio/gpio.c ****     uint32_t mode;
  17:modules/drivers/gpio/gpio.c ****     uint32_t oType;
  18:modules/drivers/gpio/gpio.c ****     uint32_t oSpeed;
  19:modules/drivers/gpio/gpio.c ****     uint32_t pullUpDown;
  20:modules/drivers/gpio/gpio.c ****     uint32_t outputData;
  21:modules/drivers/gpio/gpio.c ****     uint32_t bitSetReset;
  22:modules/drivers/gpio/gpio.c ****     uint32_t lock;
  23:modules/drivers/gpio/gpio.c ****     uint32_t alternateFunctionLow;
  24:modules/drivers/gpio/gpio.c ****     uint32_t alternateFuntionHigh;
  25:modules/drivers/gpio/gpio.c **** } GpioRegisters_t;
  26:modules/drivers/gpio/gpio.c **** 
  27:modules/drivers/gpio/gpio.c **** /*Private variables*/
  28:modules/drivers/gpio/gpio.c **** 
  29:modules/drivers/gpio/gpio.c **** 
  30:modules/drivers/gpio/gpio.c **** /*Private functions*/
ARM GAS  /tmp/ccrePOZ5.s 			page 2


  31:modules/drivers/gpio/gpio.c **** static uintptr_t getBusReg(GpioBus_t bus)
  32:modules/drivers/gpio/gpio.c **** {
  29              		.loc 1 32 1 view -0
  30              		.cfi_startproc
  31              		@ args = 0, pretend = 0, frame = 32
  32              		@ frame_needed = 0, uses_anonymous_args = 0
  33              		@ link register save eliminated.
  34              		.loc 1 32 1 is_stmt 0 view .LVU1
  35 0000 70B4     		push	{r4, r5, r6}
  36              	.LCFI0:
  37              		.cfi_def_cfa_offset 12
  38              		.cfi_offset 4, -12
  39              		.cfi_offset 5, -8
  40              		.cfi_offset 6, -4
  41 0002 89B0     		sub	sp, sp, #36
  42              	.LCFI1:
  43              		.cfi_def_cfa_offset 48
  44 0004 0646     		mov	r6, r0
  33:modules/drivers/gpio/gpio.c ****     uintptr_t regTab[] = {
  45              		.loc 1 33 5 is_stmt 1 view .LVU2
  46              		.loc 1 33 15 is_stmt 0 view .LVU3
  47 0006 6C46     		mov	r4, sp
  48 0008 074D     		ldr	r5, .L3
  49 000a 0FCD     		ldmia	r5!, {r0, r1, r2, r3}
  50              	.LVL1:
  51              		.loc 1 33 15 view .LVU4
  52 000c 0FC4     		stmia	r4!, {r0, r1, r2, r3}
  53 000e 95E80F00 		ldm	r5, {r0, r1, r2, r3}
  54 0012 84E80F00 		stm	r4, {r0, r1, r2, r3}
  34:modules/drivers/gpio/gpio.c ****         GPIO_GPIOA,
  35:modules/drivers/gpio/gpio.c ****         GPIO_GPIOB,
  36:modules/drivers/gpio/gpio.c ****         GPIO_GPIOC,
  37:modules/drivers/gpio/gpio.c ****         GPIO_GPIOD,
  38:modules/drivers/gpio/gpio.c ****         GPIO_GPIOE,
  39:modules/drivers/gpio/gpio.c ****         GPIO_GPIOF,
  40:modules/drivers/gpio/gpio.c ****         GPIO_GPIOG,
  41:modules/drivers/gpio/gpio.c ****         GPIO_GPIOH};
  42:modules/drivers/gpio/gpio.c ****     return regTab[bus];
  55              		.loc 1 42 5 is_stmt 1 view .LVU5
  56              		.loc 1 42 18 is_stmt 0 view .LVU6
  57 0016 08AB     		add	r3, sp, #32
  58 0018 03EB8606 		add	r6, r3, r6, lsl #2
  43:modules/drivers/gpio/gpio.c **** }
  59              		.loc 1 43 1 view .LVU7
  60 001c 56F8200C 		ldr	r0, [r6, #-32]
  61 0020 09B0     		add	sp, sp, #36
  62              	.LCFI2:
  63              		.cfi_def_cfa_offset 12
  64              		@ sp needed
  65 0022 70BC     		pop	{r4, r5, r6}
  66              	.LCFI3:
  67              		.cfi_restore 6
  68              		.cfi_restore 5
  69              		.cfi_restore 4
  70              		.cfi_def_cfa_offset 0
  71 0024 7047     		bx	lr
  72              	.L4:
ARM GAS  /tmp/ccrePOZ5.s 			page 3


  73 0026 00BF     		.align	2
  74              	.L3:
  75 0028 00000000 		.word	.LANCHOR0
  76              		.cfi_endproc
  77              	.LFE0:
  79              		.section	.text.gpioInit,"ax",%progbits
  80              		.align	1
  81              		.syntax unified
  82              		.thumb
  83              		.thumb_func
  84              		.fpu fpv4-sp-d16
  86              	gpioInit:
  87              	.LVL2:
  88              	.LFB1:
  44:modules/drivers/gpio/gpio.c **** 
  45:modules/drivers/gpio/gpio.c **** static void gpioInit(GpioBus_t bus)
  46:modules/drivers/gpio/gpio.c **** {
  89              		.loc 1 46 1 is_stmt 1 view -0
  90              		.cfi_startproc
  91              		@ args = 0, pretend = 0, frame = 0
  92              		@ frame_needed = 0, uses_anonymous_args = 0
  93              		.loc 1 46 1 is_stmt 0 view .LVU9
  94 0000 08B5     		push	{r3, lr}
  95              	.LCFI4:
  96              		.cfi_def_cfa_offset 8
  97              		.cfi_offset 3, -8
  98              		.cfi_offset 14, -4
  47:modules/drivers/gpio/gpio.c ****     switch (bus)
  99              		.loc 1 47 5 is_stmt 1 view .LVU10
 100 0002 0728     		cmp	r0, #7
 101 0004 08D8     		bhi	.L5
 102 0006 DFE800F0 		tbb	[pc, r0]
 103              	.L8:
 104 000a 04       		.byte	(.L15-.L8)/2
 105 000b 08       		.byte	(.L14-.L8)/2
 106 000c 0C       		.byte	(.L13-.L8)/2
 107 000d 10       		.byte	(.L12-.L8)/2
 108 000e 14       		.byte	(.L11-.L8)/2
 109 000f 18       		.byte	(.L10-.L8)/2
 110 0010 1C       		.byte	(.L9-.L8)/2
 111 0011 20       		.byte	(.L7-.L8)/2
 112              		.p2align 1
 113              	.L15:
  48:modules/drivers/gpio/gpio.c ****     {
  49:modules/drivers/gpio/gpio.c ****         case gpioBusA:
  50:modules/drivers/gpio/gpio.c ****             rccEnableAHB1(rccAHB1GpioA);
 114              		.loc 1 50 13 view .LVU11
 115 0012 0120     		movs	r0, #1
 116              	.LVL3:
 117              		.loc 1 50 13 is_stmt 0 view .LVU12
 118 0014 FFF7FEFF 		bl	rccEnableAHB1
 119              	.LVL4:
  51:modules/drivers/gpio/gpio.c ****             break;
 120              		.loc 1 51 13 is_stmt 1 view .LVU13
 121              	.L5:
  52:modules/drivers/gpio/gpio.c ****         case gpioBusB:
  53:modules/drivers/gpio/gpio.c ****             rccEnableAHB1(rccAHB1GpioB);
ARM GAS  /tmp/ccrePOZ5.s 			page 4


  54:modules/drivers/gpio/gpio.c ****             break;
  55:modules/drivers/gpio/gpio.c ****         case gpioBusC:
  56:modules/drivers/gpio/gpio.c ****             rccEnableAHB1(rccAHB1GpioC);
  57:modules/drivers/gpio/gpio.c ****             break;
  58:modules/drivers/gpio/gpio.c ****         case gpioBusD:
  59:modules/drivers/gpio/gpio.c ****             rccEnableAHB1(rccAHB1GpioD);
  60:modules/drivers/gpio/gpio.c ****             break;
  61:modules/drivers/gpio/gpio.c ****         case gpioBusE:
  62:modules/drivers/gpio/gpio.c ****             rccEnableAHB1(rccAHB1GpioE);
  63:modules/drivers/gpio/gpio.c ****             break;
  64:modules/drivers/gpio/gpio.c ****         case gpioBusF:
  65:modules/drivers/gpio/gpio.c ****             rccEnableAHB1(rccAHB1GpioF);
  66:modules/drivers/gpio/gpio.c ****             break;
  67:modules/drivers/gpio/gpio.c ****         case gpioBusG:
  68:modules/drivers/gpio/gpio.c ****             rccEnableAHB1(rccAHB1GpioG);
  69:modules/drivers/gpio/gpio.c ****             break;
  70:modules/drivers/gpio/gpio.c ****         case gpioBusH:
  71:modules/drivers/gpio/gpio.c ****             rccEnableAHB1(rccAHB1GpioH);
  72:modules/drivers/gpio/gpio.c ****             break;
  73:modules/drivers/gpio/gpio.c ****         default:
  74:modules/drivers/gpio/gpio.c ****             break;
  75:modules/drivers/gpio/gpio.c ****     }
  76:modules/drivers/gpio/gpio.c **** }
 122              		.loc 1 76 1 is_stmt 0 view .LVU14
 123 0018 08BD     		pop	{r3, pc}
 124              	.LVL5:
 125              	.L14:
  53:modules/drivers/gpio/gpio.c ****             break;
 126              		.loc 1 53 13 is_stmt 1 view .LVU15
 127 001a 0220     		movs	r0, #2
 128              	.LVL6:
  53:modules/drivers/gpio/gpio.c ****             break;
 129              		.loc 1 53 13 is_stmt 0 view .LVU16
 130 001c FFF7FEFF 		bl	rccEnableAHB1
 131              	.LVL7:
  54:modules/drivers/gpio/gpio.c ****         case gpioBusC:
 132              		.loc 1 54 13 is_stmt 1 view .LVU17
 133 0020 FAE7     		b	.L5
 134              	.LVL8:
 135              	.L13:
  56:modules/drivers/gpio/gpio.c ****             break;
 136              		.loc 1 56 13 view .LVU18
 137 0022 0420     		movs	r0, #4
 138              	.LVL9:
  56:modules/drivers/gpio/gpio.c ****             break;
 139              		.loc 1 56 13 is_stmt 0 view .LVU19
 140 0024 FFF7FEFF 		bl	rccEnableAHB1
 141              	.LVL10:
  57:modules/drivers/gpio/gpio.c ****         case gpioBusD:
 142              		.loc 1 57 13 is_stmt 1 view .LVU20
 143 0028 F6E7     		b	.L5
 144              	.LVL11:
 145              	.L12:
  59:modules/drivers/gpio/gpio.c ****             break;
 146              		.loc 1 59 13 view .LVU21
 147 002a 0820     		movs	r0, #8
 148              	.LVL12:
ARM GAS  /tmp/ccrePOZ5.s 			page 5


  59:modules/drivers/gpio/gpio.c ****             break;
 149              		.loc 1 59 13 is_stmt 0 view .LVU22
 150 002c FFF7FEFF 		bl	rccEnableAHB1
 151              	.LVL13:
  60:modules/drivers/gpio/gpio.c ****         case gpioBusE:
 152              		.loc 1 60 13 is_stmt 1 view .LVU23
 153 0030 F2E7     		b	.L5
 154              	.LVL14:
 155              	.L11:
  62:modules/drivers/gpio/gpio.c ****             break;
 156              		.loc 1 62 13 view .LVU24
 157 0032 1020     		movs	r0, #16
 158              	.LVL15:
  62:modules/drivers/gpio/gpio.c ****             break;
 159              		.loc 1 62 13 is_stmt 0 view .LVU25
 160 0034 FFF7FEFF 		bl	rccEnableAHB1
 161              	.LVL16:
  63:modules/drivers/gpio/gpio.c ****         case gpioBusF:
 162              		.loc 1 63 13 is_stmt 1 view .LVU26
 163 0038 EEE7     		b	.L5
 164              	.LVL17:
 165              	.L10:
  65:modules/drivers/gpio/gpio.c ****             break;
 166              		.loc 1 65 13 view .LVU27
 167 003a 2020     		movs	r0, #32
 168              	.LVL18:
  65:modules/drivers/gpio/gpio.c ****             break;
 169              		.loc 1 65 13 is_stmt 0 view .LVU28
 170 003c FFF7FEFF 		bl	rccEnableAHB1
 171              	.LVL19:
  66:modules/drivers/gpio/gpio.c ****         case gpioBusG:
 172              		.loc 1 66 13 is_stmt 1 view .LVU29
 173 0040 EAE7     		b	.L5
 174              	.LVL20:
 175              	.L9:
  68:modules/drivers/gpio/gpio.c ****             break;
 176              		.loc 1 68 13 view .LVU30
 177 0042 4020     		movs	r0, #64
 178              	.LVL21:
  68:modules/drivers/gpio/gpio.c ****             break;
 179              		.loc 1 68 13 is_stmt 0 view .LVU31
 180 0044 FFF7FEFF 		bl	rccEnableAHB1
 181              	.LVL22:
  69:modules/drivers/gpio/gpio.c ****         case gpioBusH:
 182              		.loc 1 69 13 is_stmt 1 view .LVU32
 183 0048 E6E7     		b	.L5
 184              	.LVL23:
 185              	.L7:
  71:modules/drivers/gpio/gpio.c ****             break;
 186              		.loc 1 71 13 view .LVU33
 187 004a 8020     		movs	r0, #128
 188              	.LVL24:
  71:modules/drivers/gpio/gpio.c ****             break;
 189              		.loc 1 71 13 is_stmt 0 view .LVU34
 190 004c FFF7FEFF 		bl	rccEnableAHB1
 191              	.LVL25:
  72:modules/drivers/gpio/gpio.c ****         default:
ARM GAS  /tmp/ccrePOZ5.s 			page 6


 192              		.loc 1 72 13 is_stmt 1 view .LVU35
 193              		.loc 1 76 1 is_stmt 0 view .LVU36
 194 0050 E2E7     		b	.L5
 195              		.cfi_endproc
 196              	.LFE1:
 198              		.section	.text.gpioConfigPin,"ax",%progbits
 199              		.align	1
 200              		.global	gpioConfigPin
 201              		.syntax unified
 202              		.thumb
 203              		.thumb_func
 204              		.fpu fpv4-sp-d16
 206              	gpioConfigPin:
 207              	.LFB2:
  77:modules/drivers/gpio/gpio.c **** 
  78:modules/drivers/gpio/gpio.c **** 
  79:modules/drivers/gpio/gpio.c **** /*Exposed API*/
  80:modules/drivers/gpio/gpio.c **** 
  81:modules/drivers/gpio/gpio.c **** void gpioConfigPin(GpioConfig_t config)
  82:modules/drivers/gpio/gpio.c **** {
 208              		.loc 1 82 1 is_stmt 1 view -0
 209              		.cfi_startproc
 210              		@ args = 0, pretend = 0, frame = 8
 211              		@ frame_needed = 0, uses_anonymous_args = 0
 212 0000 10B5     		push	{r4, lr}
 213              	.LCFI5:
 214              		.cfi_def_cfa_offset 8
 215              		.cfi_offset 4, -8
 216              		.cfi_offset 14, -4
 217 0002 82B0     		sub	sp, sp, #8
 218              	.LCFI6:
 219              		.cfi_def_cfa_offset 16
 220 0004 02AB     		add	r3, sp, #8
 221 0006 03E90300 		stmdb	r3, {r0, r1}
  83:modules/drivers/gpio/gpio.c ****     gpioInit(config.bus);
 222              		.loc 1 83 5 view .LVU38
 223 000a 9DF80040 		ldrb	r4, [sp]	@ zero_extendqisi2
 224 000e 2046     		mov	r0, r4
 225 0010 FFF7FEFF 		bl	gpioInit
 226              	.LVL26:
  84:modules/drivers/gpio/gpio.c ****     REG_VAL((getBusReg(config.bus) + GPIO_MODER_OFFSET)) |=
 227              		.loc 1 84 5 view .LVU39
 228 0014 2046     		mov	r0, r4
 229 0016 FFF7FEFF 		bl	getBusReg
 230              	.LVL27:
 231              		.loc 1 84 58 is_stmt 0 view .LVU40
 232 001a 0268     		ldr	r2, [r0]
  85:modules/drivers/gpio/gpio.c ****         (uint32_t)(config.mode << (config.pinNumber * 2));
 233              		.loc 1 85 26 view .LVU41
 234 001c 9DF80140 		ldrb	r4, [sp, #1]	@ zero_extendqisi2
 235              		.loc 1 85 42 view .LVU42
 236 0020 9DF80530 		ldrb	r3, [sp, #5]	@ zero_extendqisi2
 237 0024 03F00F03 		and	r3, r3, #15
 238              		.loc 1 85 53 view .LVU43
 239 0028 5900     		lsls	r1, r3, #1
 240              		.loc 1 85 32 view .LVU44
 241 002a 8C40     		lsls	r4, r4, r1
ARM GAS  /tmp/ccrePOZ5.s 			page 7


  84:modules/drivers/gpio/gpio.c ****     REG_VAL((getBusReg(config.bus) + GPIO_MODER_OFFSET)) |=
 242              		.loc 1 84 58 view .LVU45
 243 002c 2243     		orrs	r2, r2, r4
 244 002e 0260     		str	r2, [r0]
  86:modules/drivers/gpio/gpio.c ****     REG_VAL((getBusReg(config.bus) + GPIO_OTYPER_OFFSET)) |=
 245              		.loc 1 86 5 is_stmt 1 view .LVU46
 246              		.loc 1 86 59 is_stmt 0 view .LVU47
 247 0030 4268     		ldr	r2, [r0, #4]
  87:modules/drivers/gpio/gpio.c ****         (uint32_t)(config.type << config.pinNumber);
 248              		.loc 1 87 26 view .LVU48
 249 0032 9DF80240 		ldrb	r4, [sp, #2]	@ zero_extendqisi2
 250              		.loc 1 87 32 view .LVU49
 251 0036 04FA03F3 		lsl	r3, r4, r3
  86:modules/drivers/gpio/gpio.c ****     REG_VAL((getBusReg(config.bus) + GPIO_OTYPER_OFFSET)) |=
 252              		.loc 1 86 59 view .LVU50
 253 003a 1343     		orrs	r3, r3, r2
 254 003c 4360     		str	r3, [r0, #4]
  88:modules/drivers/gpio/gpio.c ****     REG_VAL((getBusReg(config.bus) + GPIO_OSPEEDER_OFFSET)) |=
 255              		.loc 1 88 5 is_stmt 1 view .LVU51
 256              		.loc 1 88 61 is_stmt 0 view .LVU52
 257 003e 8368     		ldr	r3, [r0, #8]
  89:modules/drivers/gpio/gpio.c ****         (uint32_t)(config.speed << (config.pinNumber * 2));
 258              		.loc 1 89 26 view .LVU53
 259 0040 9DF80320 		ldrb	r2, [sp, #3]	@ zero_extendqisi2
 260              		.loc 1 89 33 view .LVU54
 261 0044 8A40     		lsls	r2, r2, r1
  88:modules/drivers/gpio/gpio.c ****     REG_VAL((getBusReg(config.bus) + GPIO_OSPEEDER_OFFSET)) |=
 262              		.loc 1 88 61 view .LVU55
 263 0046 1343     		orrs	r3, r3, r2
 264 0048 8360     		str	r3, [r0, #8]
  90:modules/drivers/gpio/gpio.c ****     REG_VAL((getBusReg(config.bus) + GPIO_PUPDR_OFFSET)) |=
 265              		.loc 1 90 5 is_stmt 1 view .LVU56
 266              		.loc 1 90 58 is_stmt 0 view .LVU57
 267 004a C368     		ldr	r3, [r0, #12]
  91:modules/drivers/gpio/gpio.c ****         (uint32_t)(config.pull << (config.pinNumber * 2));
 268              		.loc 1 91 26 view .LVU58
 269 004c 9DF80420 		ldrb	r2, [sp, #4]	@ zero_extendqisi2
 270              		.loc 1 91 32 view .LVU59
 271 0050 8A40     		lsls	r2, r2, r1
  90:modules/drivers/gpio/gpio.c ****     REG_VAL((getBusReg(config.bus) + GPIO_PUPDR_OFFSET)) |=
 272              		.loc 1 90 58 view .LVU60
 273 0052 1343     		orrs	r3, r3, r2
 274 0054 C360     		str	r3, [r0, #12]
  92:modules/drivers/gpio/gpio.c **** }
 275              		.loc 1 92 1 view .LVU61
 276 0056 02B0     		add	sp, sp, #8
 277              	.LCFI7:
 278              		.cfi_def_cfa_offset 8
 279              		@ sp needed
 280 0058 10BD     		pop	{r4, pc}
 281              		.cfi_endproc
 282              	.LFE2:
 284              		.section	.text.gpioSetPin,"ax",%progbits
 285              		.align	1
 286              		.global	gpioSetPin
 287              		.syntax unified
 288              		.thumb
ARM GAS  /tmp/ccrePOZ5.s 			page 8


 289              		.thumb_func
 290              		.fpu fpv4-sp-d16
 292              	gpioSetPin:
 293              	.LVL28:
 294              	.LFB3:
  93:modules/drivers/gpio/gpio.c **** 
  94:modules/drivers/gpio/gpio.c **** void gpioSetPin(GpioBus_t bus, uint8_t number, GpioPinState_t state)
  95:modules/drivers/gpio/gpio.c **** {
 295              		.loc 1 95 1 is_stmt 1 view -0
 296              		.cfi_startproc
 297              		@ args = 0, pretend = 0, frame = 0
 298              		@ frame_needed = 0, uses_anonymous_args = 0
 299              		.loc 1 95 1 is_stmt 0 view .LVU63
 300 0000 38B5     		push	{r3, r4, r5, lr}
 301              	.LCFI8:
 302              		.cfi_def_cfa_offset 16
 303              		.cfi_offset 3, -16
 304              		.cfi_offset 4, -12
 305              		.cfi_offset 5, -8
 306              		.cfi_offset 14, -4
 307 0002 0D46     		mov	r5, r1
 308 0004 1446     		mov	r4, r2
  96:modules/drivers/gpio/gpio.c ****     volatile uint32_t* reg = (void*)getBusReg(bus) + GPIO_BSRR_OFFSET;
 309              		.loc 1 96 5 is_stmt 1 view .LVU64
 310              		.loc 1 96 37 is_stmt 0 view .LVU65
 311 0006 FFF7FEFF 		bl	getBusReg
 312              	.LVL29:
  97:modules/drivers/gpio/gpio.c ****     switch (state)
 313              		.loc 1 97 5 is_stmt 1 view .LVU66
 314 000a 14B1     		cbz	r4, .L20
 315 000c 012C     		cmp	r4, #1
 316 000e 08D0     		beq	.L21
 317              	.L19:
  98:modules/drivers/gpio/gpio.c ****     {
  99:modules/drivers/gpio/gpio.c ****         case GpioStateLow:
 100:modules/drivers/gpio/gpio.c ****             *reg |= (1 << (number + 16));
 101:modules/drivers/gpio/gpio.c ****             break;
 102:modules/drivers/gpio/gpio.c ****         case GpioStateHigh:
 103:modules/drivers/gpio/gpio.c ****             *reg |= (1 << number);
 104:modules/drivers/gpio/gpio.c ****             break;
 105:modules/drivers/gpio/gpio.c ****         default:
 106:modules/drivers/gpio/gpio.c ****             break;
 107:modules/drivers/gpio/gpio.c ****     }
 108:modules/drivers/gpio/gpio.c **** }
 318              		.loc 1 108 1 is_stmt 0 view .LVU67
 319 0010 38BD     		pop	{r3, r4, r5, pc}
 320              	.L20:
 100:modules/drivers/gpio/gpio.c ****             break;
 321              		.loc 1 100 13 is_stmt 1 view .LVU68
 100:modules/drivers/gpio/gpio.c ****             break;
 322              		.loc 1 100 18 is_stmt 0 view .LVU69
 323 0012 8369     		ldr	r3, [r0, #24]
 100:modules/drivers/gpio/gpio.c ****             break;
 324              		.loc 1 100 35 view .LVU70
 325 0014 1035     		adds	r5, r5, #16
 100:modules/drivers/gpio/gpio.c ****             break;
 326              		.loc 1 100 24 view .LVU71
ARM GAS  /tmp/ccrePOZ5.s 			page 9


 327 0016 0122     		movs	r2, #1
 328 0018 02FA05F5 		lsl	r5, r2, r5
 100:modules/drivers/gpio/gpio.c ****             break;
 329              		.loc 1 100 18 view .LVU72
 330 001c 1D43     		orrs	r5, r5, r3
 331 001e 8561     		str	r5, [r0, #24]
 101:modules/drivers/gpio/gpio.c ****         case GpioStateHigh:
 332              		.loc 1 101 13 is_stmt 1 view .LVU73
 333 0020 F6E7     		b	.L19
 334              	.L21:
 103:modules/drivers/gpio/gpio.c ****             break;
 335              		.loc 1 103 13 view .LVU74
 103:modules/drivers/gpio/gpio.c ****             break;
 336              		.loc 1 103 18 is_stmt 0 view .LVU75
 337 0022 8369     		ldr	r3, [r0, #24]
 103:modules/drivers/gpio/gpio.c ****             break;
 338              		.loc 1 103 24 view .LVU76
 339 0024 0122     		movs	r2, #1
 340 0026 02FA05F5 		lsl	r5, r2, r5
 103:modules/drivers/gpio/gpio.c ****             break;
 341              		.loc 1 103 18 view .LVU77
 342 002a 1D43     		orrs	r5, r5, r3
 343 002c 8561     		str	r5, [r0, #24]
 104:modules/drivers/gpio/gpio.c ****         default:
 344              		.loc 1 104 13 is_stmt 1 view .LVU78
 345              		.loc 1 108 1 is_stmt 0 view .LVU79
 346 002e EFE7     		b	.L19
 347              		.cfi_endproc
 348              	.LFE3:
 350              		.section	.text.gpioTogglePin,"ax",%progbits
 351              		.align	1
 352              		.global	gpioTogglePin
 353              		.syntax unified
 354              		.thumb
 355              		.thumb_func
 356              		.fpu fpv4-sp-d16
 358              	gpioTogglePin:
 359              	.LVL30:
 360              	.LFB4:
 109:modules/drivers/gpio/gpio.c **** 
 110:modules/drivers/gpio/gpio.c **** void gpioTogglePin(GpioBus_t bus, uint8_t number)
 111:modules/drivers/gpio/gpio.c **** {
 361              		.loc 1 111 1 is_stmt 1 view -0
 362              		.cfi_startproc
 363              		@ args = 0, pretend = 0, frame = 0
 364              		@ frame_needed = 0, uses_anonymous_args = 0
 365              		.loc 1 111 1 is_stmt 0 view .LVU81
 366 0000 10B5     		push	{r4, lr}
 367              	.LCFI9:
 368              		.cfi_def_cfa_offset 8
 369              		.cfi_offset 4, -8
 370              		.cfi_offset 14, -4
 371 0002 0C46     		mov	r4, r1
 112:modules/drivers/gpio/gpio.c ****     volatile uint16_t* reg = (void*)getBusReg(bus) + GPIO_ODR_OFFSET;
 372              		.loc 1 112 5 is_stmt 1 view .LVU82
 373              		.loc 1 112 37 is_stmt 0 view .LVU83
 374 0004 FFF7FEFF 		bl	getBusReg
ARM GAS  /tmp/ccrePOZ5.s 			page 10


 375              	.LVL31:
 113:modules/drivers/gpio/gpio.c ****     *reg ^= (1 << number);
 376              		.loc 1 113 5 is_stmt 1 view .LVU84
 377              		.loc 1 113 10 is_stmt 0 view .LVU85
 378 0008 838A     		ldrh	r3, [r0, #20]
 379              		.loc 1 113 16 view .LVU86
 380 000a 0121     		movs	r1, #1
 381 000c A140     		lsls	r1, r1, r4
 382              		.loc 1 113 10 view .LVU87
 383 000e 5940     		eors	r1, r1, r3
 384 0010 89B2     		uxth	r1, r1
 385 0012 8182     		strh	r1, [r0, #20]	@ movhi
 114:modules/drivers/gpio/gpio.c **** }
 386              		.loc 1 114 1 view .LVU88
 387 0014 10BD     		pop	{r4, pc}
 388              		.cfi_endproc
 389              	.LFE4:
 391              		.section	.text.gpioReadPin,"ax",%progbits
 392              		.align	1
 393              		.global	gpioReadPin
 394              		.syntax unified
 395              		.thumb
 396              		.thumb_func
 397              		.fpu fpv4-sp-d16
 399              	gpioReadPin:
 400              	.LVL32:
 401              	.LFB5:
 115:modules/drivers/gpio/gpio.c **** 
 116:modules/drivers/gpio/gpio.c **** GpioPinState_t gpioReadPin(GpioBus_t bus, uint8_t number)
 117:modules/drivers/gpio/gpio.c **** {
 402              		.loc 1 117 1 is_stmt 1 view -0
 403              		.cfi_startproc
 404              		@ args = 0, pretend = 0, frame = 0
 405              		@ frame_needed = 0, uses_anonymous_args = 0
 406              		.loc 1 117 1 is_stmt 0 view .LVU90
 407 0000 10B5     		push	{r4, lr}
 408              	.LCFI10:
 409              		.cfi_def_cfa_offset 8
 410              		.cfi_offset 4, -8
 411              		.cfi_offset 14, -4
 412 0002 0C46     		mov	r4, r1
 118:modules/drivers/gpio/gpio.c ****     volatile uint16_t* reg = (void*)getBusReg(bus) + GPIO_IDR_OFFSET;
 413              		.loc 1 118 5 is_stmt 1 view .LVU91
 414              		.loc 1 118 37 is_stmt 0 view .LVU92
 415 0004 FFF7FEFF 		bl	getBusReg
 416              	.LVL33:
 119:modules/drivers/gpio/gpio.c ****     GpioPinState_t state;
 417              		.loc 1 119 5 is_stmt 1 view .LVU93
 120:modules/drivers/gpio/gpio.c ****     if ((*reg & (1 << number)) == (1 << number))
 418              		.loc 1 120 5 view .LVU94
 419              		.loc 1 120 10 is_stmt 0 view .LVU95
 420 0008 038A     		ldrh	r3, [r0, #16]
 421              		.loc 1 120 20 view .LVU96
 422 000a 0121     		movs	r1, #1
 423 000c A140     		lsls	r1, r1, r4
 424              		.loc 1 120 8 view .LVU97
 425 000e 31EA0303 		bics	r3, r1, r3
ARM GAS  /tmp/ccrePOZ5.s 			page 11


 426 0012 01D0     		beq	.L30
 121:modules/drivers/gpio/gpio.c ****     {
 122:modules/drivers/gpio/gpio.c ****         state = GpioStateHigh;
 123:modules/drivers/gpio/gpio.c ****     }
 124:modules/drivers/gpio/gpio.c ****     else
 125:modules/drivers/gpio/gpio.c ****     {
 126:modules/drivers/gpio/gpio.c ****         state = GpioStateLow;
 427              		.loc 1 126 15 view .LVU98
 428 0014 0020     		movs	r0, #0
 429              	.LVL34:
 430              	.L27:
 127:modules/drivers/gpio/gpio.c ****     }
 128:modules/drivers/gpio/gpio.c ****     return state;
 431              		.loc 1 128 5 is_stmt 1 view .LVU99
 129:modules/drivers/gpio/gpio.c **** }
 432              		.loc 1 129 1 is_stmt 0 view .LVU100
 433 0016 10BD     		pop	{r4, pc}
 434              	.LVL35:
 435              	.L30:
 122:modules/drivers/gpio/gpio.c ****     }
 436              		.loc 1 122 15 view .LVU101
 437 0018 0120     		movs	r0, #1
 438              	.LVL36:
 122:modules/drivers/gpio/gpio.c ****     }
 439              		.loc 1 122 15 view .LVU102
 440 001a FCE7     		b	.L27
 441              		.cfi_endproc
 442              	.LFE5:
 444              		.section	.text.gpioReset,"ax",%progbits
 445              		.align	1
 446              		.global	gpioReset
 447              		.syntax unified
 448              		.thumb
 449              		.thumb_func
 450              		.fpu fpv4-sp-d16
 452              	gpioReset:
 453              	.LFB6:
 130:modules/drivers/gpio/gpio.c **** 
 131:modules/drivers/gpio/gpio.c **** void gpioReset(void)
 132:modules/drivers/gpio/gpio.c **** {
 454              		.loc 1 132 1 is_stmt 1 view -0
 455              		.cfi_startproc
 456              		@ args = 0, pretend = 0, frame = 0
 457              		@ frame_needed = 0, uses_anonymous_args = 0
 458              		@ link register save eliminated.
 133:modules/drivers/gpio/gpio.c ****     GpioRegisters_t resetRegs = {
 459              		.loc 1 133 5 view .LVU104
 134:modules/drivers/gpio/gpio.c ****         .mode                 = 0xA8000000,
 135:modules/drivers/gpio/gpio.c ****         .oType                = 0,
 136:modules/drivers/gpio/gpio.c ****         .oSpeed               = 0,
 137:modules/drivers/gpio/gpio.c ****         .pullUpDown           = 0x64000000,
 138:modules/drivers/gpio/gpio.c ****         .outputData           = 0,
 139:modules/drivers/gpio/gpio.c ****         .bitSetReset          = 0,
 140:modules/drivers/gpio/gpio.c ****         .lock                 = 0,
 141:modules/drivers/gpio/gpio.c ****         .alternateFunctionLow = 0,
 142:modules/drivers/gpio/gpio.c ****         .alternateFuntionHigh = 0};
 143:modules/drivers/gpio/gpio.c **** }...
ARM GAS  /tmp/ccrePOZ5.s 			page 12


 460              		.loc 1 143 1 is_stmt 0 view .LVU105
 461 0000 7047     		bx	lr
 462              		.cfi_endproc
 463              	.LFE6:
 465              		.section	.rodata
 466              		.align	2
 467              		.set	.LANCHOR0,. + 0
 468              	.LC0:
 469 0000 00000240 		.word	1073872896
 470 0004 00040240 		.word	1073873920
 471 0008 00080240 		.word	1073874944
 472 000c 000C0240 		.word	1073875968
 473 0010 00100240 		.word	1073876992
 474 0014 00140240 		.word	1073878016
 475 0018 00180240 		.word	1073879040
 476 001c 001C0240 		.word	1073880064
 477              		.text
 478              	.Letext0:
 479              		.file 2 "/usr/lib/gcc/arm-none-eabi/8.3.1/include/stdint.h"
 480              		.file 3 "modules/drivers/gpio/gpio.h"
 481              		.file 4 "modules/drivers/rcc/rcc.h"
ARM GAS  /tmp/ccrePOZ5.s 			page 13


DEFINED SYMBOLS
                            *ABS*:0000000000000000 gpio.c
     /tmp/ccrePOZ5.s:18     .text.getBusReg:0000000000000000 $t
     /tmp/ccrePOZ5.s:25     .text.getBusReg:0000000000000000 getBusReg
     /tmp/ccrePOZ5.s:75     .text.getBusReg:0000000000000028 $d
     /tmp/ccrePOZ5.s:80     .text.gpioInit:0000000000000000 $t
     /tmp/ccrePOZ5.s:86     .text.gpioInit:0000000000000000 gpioInit
     /tmp/ccrePOZ5.s:104    .text.gpioInit:000000000000000a $d
     /tmp/ccrePOZ5.s:112    .text.gpioInit:0000000000000012 $t
     /tmp/ccrePOZ5.s:199    .text.gpioConfigPin:0000000000000000 $t
     /tmp/ccrePOZ5.s:206    .text.gpioConfigPin:0000000000000000 gpioConfigPin
     /tmp/ccrePOZ5.s:285    .text.gpioSetPin:0000000000000000 $t
     /tmp/ccrePOZ5.s:292    .text.gpioSetPin:0000000000000000 gpioSetPin
     /tmp/ccrePOZ5.s:351    .text.gpioTogglePin:0000000000000000 $t
     /tmp/ccrePOZ5.s:358    .text.gpioTogglePin:0000000000000000 gpioTogglePin
     /tmp/ccrePOZ5.s:392    .text.gpioReadPin:0000000000000000 $t
     /tmp/ccrePOZ5.s:399    .text.gpioReadPin:0000000000000000 gpioReadPin
     /tmp/ccrePOZ5.s:445    .text.gpioReset:0000000000000000 $t
     /tmp/ccrePOZ5.s:452    .text.gpioReset:0000000000000000 gpioReset
     /tmp/ccrePOZ5.s:466    .rodata:0000000000000000 $d

UNDEFINED SYMBOLS
rccEnableAHB1
