ARM GAS  /tmp/cc8LII6L.s 			page 1


   1              		.cpu cortex-m4
   2              		.eabi_attribute 27, 1
   3              		.eabi_attribute 28, 1
   4              		.eabi_attribute 20, 1
   5              		.eabi_attribute 21, 1
   6              		.eabi_attribute 23, 3
   7              		.eabi_attribute 24, 1
   8              		.eabi_attribute 25, 1
   9              		.eabi_attribute 26, 1
  10              		.eabi_attribute 30, 1
  11              		.eabi_attribute 34, 1
  12              		.eabi_attribute 18, 4
  13              		.file	"main.c"
  14              		.text
  15              	.Ltext0:
  16              		.cfi_sections	.debug_frame
  17              		.section	.text.SysTick_Handler,"ax",%progbits
  18              		.align	1
  19              		.global	SysTick_Handler
  20              		.arch armv7e-m
  21              		.syntax unified
  22              		.thumb
  23              		.thumb_func
  24              		.fpu fpv4-sp-d16
  26              	SysTick_Handler:
  27              	.LFB0:
  28              		.file 1 "main.c"
   1:main.c        **** #include "config.h"
   2:main.c        **** #include "gpio.h"
   3:main.c        **** #include "interrupt.h"
   4:main.c        **** 
   5:main.c        **** 
   6:main.c        **** void SysTick_Handler(void)
   7:main.c        **** {
  29              		.loc 1 7 1 view -0
  30              		.cfi_startproc
  31              		@ args = 0, pretend = 0, frame = 0
  32              		@ frame_needed = 0, uses_anonymous_args = 0
  33 0000 08B5     		push	{r3, lr}
  34              	.LCFI0:
  35              		.cfi_def_cfa_offset 8
  36              		.cfi_offset 3, -8
  37              		.cfi_offset 14, -4
   8:main.c        ****     gpioTogglePin(gpioBusA, 8);
  38              		.loc 1 8 5 view .LVU1
  39 0002 0821     		movs	r1, #8
  40 0004 0020     		movs	r0, #0
  41 0006 FFF7FEFF 		bl	gpioTogglePin
  42              	.LVL0:
   9:main.c        **** }
  43              		.loc 1 9 1 is_stmt 0 view .LVU2
  44 000a 08BD     		pop	{r3, pc}
  45              		.cfi_endproc
  46              	.LFE0:
  48              		.section	.text.main,"ax",%progbits
  49              		.align	1
  50              		.global	main
ARM GAS  /tmp/cc8LII6L.s 			page 2


  51              		.syntax unified
  52              		.thumb
  53              		.thumb_func
  54              		.fpu fpv4-sp-d16
  56              	main:
  57              	.LFB1:
  10:main.c        **** 
  11:main.c        **** int main(void)
  12:main.c        **** {
  58              		.loc 1 12 1 is_stmt 1 view -0
  59              		.cfi_startproc
  60              		@ Volatile: function does not return.
  61              		@ args = 0, pretend = 0, frame = 0
  62              		@ frame_needed = 0, uses_anonymous_args = 0
  63 0000 08B5     		push	{r3, lr}
  64              	.LCFI1:
  65              		.cfi_def_cfa_offset 8
  66              		.cfi_offset 3, -8
  67              		.cfi_offset 14, -4
  13:main.c        ****     conifg_configBoard();
  68              		.loc 1 13 5 view .LVU4
  69 0002 FFF7FEFF 		bl	conifg_configBoard
  70              	.LVL1:
  71              	.L4:
  14:main.c        **** 
  15:main.c        ****     while (1)
  72              		.loc 1 15 5 discriminator 1 view .LVU5
  16:main.c        ****     {
  17:main.c        ****         /*gpioSetPin(gpioBusA, 5, GpioStateHigh);
  18:main.c        **** 
  19:main.c        ****         while (zmiennaGlobalna < 499)
  20:main.c        ****         {
  21:main.c        ****         }
  22:main.c        ****         zmiennaGlobalna = 0;
  23:main.c        ****         gpioSetPin(gpioBusA, 5, GpioStateLow);
  24:main.c        **** 
  25:main.c        ****         while (zmiennaGlobalna < 499)
  26:main.c        ****         {
  27:main.c        ****         }
  28:main.c        ****         zmiennaGlobalna = 0;*/
  29:main.c        ****     }
  73              		.loc 1 29 5 discriminator 1 view .LVU6
  74 0006 FEE7     		b	.L4
  75              		.cfi_endproc
  76              	.LFE1:
  78              		.text
  79              	.Letext0:
  80              		.file 2 "application/config/config.h"
  81              		.file 3 "modules/drivers/gpio/gpio.h"
ARM GAS  /tmp/cc8LII6L.s 			page 3


DEFINED SYMBOLS
                            *ABS*:0000000000000000 main.c
     /tmp/cc8LII6L.s:18     .text.SysTick_Handler:0000000000000000 $t
     /tmp/cc8LII6L.s:26     .text.SysTick_Handler:0000000000000000 SysTick_Handler
     /tmp/cc8LII6L.s:49     .text.main:0000000000000000 $t
     /tmp/cc8LII6L.s:56     .text.main:0000000000000000 main

UNDEFINED SYMBOLS
gpioTogglePin
conifg_configBoard
