ARM GAS  /tmp/cctlDdXl.s 			page 1


   1              		.cpu cortex-m4
   2              		.eabi_attribute 27, 1
   3              		.eabi_attribute 28, 1
   4              		.eabi_attribute 20, 1
   5              		.eabi_attribute 21, 1
   6              		.eabi_attribute 23, 3
   7              		.eabi_attribute 24, 1
   8              		.eabi_attribute 25, 1
   9              		.eabi_attribute 26, 1
  10              		.eabi_attribute 30, 1
  11              		.eabi_attribute 34, 1
  12              		.eabi_attribute 18, 4
  13              		.file	"rcc.c"
  14              		.text
  15              	.Ltext0:
  16              		.cfi_sections	.debug_frame
  17              		.section	.text.rccEnableAHB1,"ax",%progbits
  18              		.align	1
  19              		.global	rccEnableAHB1
  20              		.arch armv7e-m
  21              		.syntax unified
  22              		.thumb
  23              		.thumb_func
  24              		.fpu fpv4-sp-d16
  26              	rccEnableAHB1:
  27              	.LVL0:
  28              	.LFB0:
  29              		.file 1 "modules/drivers/rcc/rcc.c"
   1:modules/drivers/rcc/rcc.c **** /*Includes*/
   2:modules/drivers/rcc/rcc.c **** 
   3:modules/drivers/rcc/rcc.c **** #include "rcc.h"
   4:modules/drivers/rcc/rcc.c **** 
   5:modules/drivers/rcc/rcc.c **** #include <stdint.h>
   6:modules/drivers/rcc/rcc.c **** 
   7:modules/drivers/rcc/rcc.c **** #include "flash.h"
   8:modules/drivers/rcc/rcc.c **** #include "power.h"
   9:modules/drivers/rcc/rcc.c **** #include "rccRegisters.h"
  10:modules/drivers/rcc/rcc.c **** 
  11:modules/drivers/rcc/rcc.c **** /*Constants and macros*/
  12:modules/drivers/rcc/rcc.c **** #define REG_VAL(X) (*(volatile uint32_t*)X)
  13:modules/drivers/rcc/rcc.c **** 
  14:modules/drivers/rcc/rcc.c **** /*Types*/
  15:modules/drivers/rcc/rcc.c **** 
  16:modules/drivers/rcc/rcc.c **** /*Private functions*/
  17:modules/drivers/rcc/rcc.c **** 
  18:modules/drivers/rcc/rcc.c **** /*Exposed API*/
  19:modules/drivers/rcc/rcc.c **** 
  20:modules/drivers/rcc/rcc.c **** void rccEnableAHB1(RccAHB1Control_t bit)
  21:modules/drivers/rcc/rcc.c **** {
  30              		.loc 1 21 1 view -0
  31              		.cfi_startproc
  32              		@ args = 0, pretend = 0, frame = 0
  33              		@ frame_needed = 0, uses_anonymous_args = 0
  34              		@ link register save eliminated.
  22:modules/drivers/rcc/rcc.c ****     if (!(REG_VAL(RCC_RCC_CONTROL_AHB1_ENABLE) & bit))
  35              		.loc 1 22 5 view .LVU1
  36              		.loc 1 22 11 is_stmt 0 view .LVU2
ARM GAS  /tmp/cctlDdXl.s 			page 2


  37 0000 044B     		ldr	r3, .L3
  38 0002 1B68     		ldr	r3, [r3]
  39              		.loc 1 22 8 view .LVU3
  40 0004 0342     		tst	r3, r0
  41 0006 03D1     		bne	.L1
  23:modules/drivers/rcc/rcc.c ****         REG_VAL(RCC_RCC_CONTROL_AHB1_ENABLE) |= bit;
  42              		.loc 1 23 9 is_stmt 1 view .LVU4
  43              		.loc 1 23 46 is_stmt 0 view .LVU5
  44 0008 024A     		ldr	r2, .L3
  45 000a 1368     		ldr	r3, [r2]
  46 000c 1843     		orrs	r0, r0, r3
  47              	.LVL1:
  48              		.loc 1 23 46 view .LVU6
  49 000e 1060     		str	r0, [r2]
  50              	.L1:
  24:modules/drivers/rcc/rcc.c **** }
  51              		.loc 1 24 1 view .LVU7
  52 0010 7047     		bx	lr
  53              	.L4:
  54 0012 00BF     		.align	2
  55              	.L3:
  56 0014 30380240 		.word	1073887280
  57              		.cfi_endproc
  58              	.LFE0:
  60              		.section	.text.rccDisableAHB1,"ax",%progbits
  61              		.align	1
  62              		.global	rccDisableAHB1
  63              		.syntax unified
  64              		.thumb
  65              		.thumb_func
  66              		.fpu fpv4-sp-d16
  68              	rccDisableAHB1:
  69              	.LVL2:
  70              	.LFB1:
  25:modules/drivers/rcc/rcc.c **** 
  26:modules/drivers/rcc/rcc.c **** void rccDisableAHB1(RccAHB1Control_t bit)
  27:modules/drivers/rcc/rcc.c **** {
  71              		.loc 1 27 1 is_stmt 1 view -0
  72              		.cfi_startproc
  73              		@ args = 0, pretend = 0, frame = 0
  74              		@ frame_needed = 0, uses_anonymous_args = 0
  75              		@ link register save eliminated.
  28:modules/drivers/rcc/rcc.c ****     REG_VAL(RCC_RCC_CONTROL_AHB1_ENABLE) &= ~bit;
  76              		.loc 1 28 5 view .LVU9
  77              		.loc 1 28 42 is_stmt 0 view .LVU10
  78 0000 024A     		ldr	r2, .L6
  79 0002 1368     		ldr	r3, [r2]
  80 0004 23EA0000 		bic	r0, r3, r0
  81              	.LVL3:
  82              		.loc 1 28 42 view .LVU11
  83 0008 1060     		str	r0, [r2]
  29:modules/drivers/rcc/rcc.c **** }
  84              		.loc 1 29 1 view .LVU12
  85 000a 7047     		bx	lr
  86              	.L7:
  87              		.align	2
  88              	.L6:
ARM GAS  /tmp/cctlDdXl.s 			page 3


  89 000c 30380240 		.word	1073887280
  90              		.cfi_endproc
  91              	.LFE1:
  93              		.section	.text.rccEnableAPB1,"ax",%progbits
  94              		.align	1
  95              		.global	rccEnableAPB1
  96              		.syntax unified
  97              		.thumb
  98              		.thumb_func
  99              		.fpu fpv4-sp-d16
 101              	rccEnableAPB1:
 102              	.LVL4:
 103              	.LFB2:
  30:modules/drivers/rcc/rcc.c **** 
  31:modules/drivers/rcc/rcc.c **** void rccEnableAPB1(RccAPB1Control_t bit)
  32:modules/drivers/rcc/rcc.c **** {
 104              		.loc 1 32 1 is_stmt 1 view -0
 105              		.cfi_startproc
 106              		@ args = 0, pretend = 0, frame = 0
 107              		@ frame_needed = 0, uses_anonymous_args = 0
 108              		@ link register save eliminated.
  33:modules/drivers/rcc/rcc.c ****     if (!(REG_VAL(RCC_RCC_CONTROL_APB1_ENABLE) & bit))
 109              		.loc 1 33 5 view .LVU14
 110              		.loc 1 33 11 is_stmt 0 view .LVU15
 111 0000 044B     		ldr	r3, .L10
 112 0002 1B68     		ldr	r3, [r3]
 113              		.loc 1 33 8 view .LVU16
 114 0004 0342     		tst	r3, r0
 115 0006 03D1     		bne	.L8
  34:modules/drivers/rcc/rcc.c ****         REG_VAL(RCC_RCC_CONTROL_APB1_ENABLE) |= bit;
 116              		.loc 1 34 9 is_stmt 1 view .LVU17
 117              		.loc 1 34 46 is_stmt 0 view .LVU18
 118 0008 024A     		ldr	r2, .L10
 119 000a 1368     		ldr	r3, [r2]
 120 000c 1843     		orrs	r0, r0, r3
 121              	.LVL5:
 122              		.loc 1 34 46 view .LVU19
 123 000e 1060     		str	r0, [r2]
 124              	.L8:
  35:modules/drivers/rcc/rcc.c **** }
 125              		.loc 1 35 1 view .LVU20
 126 0010 7047     		bx	lr
 127              	.L11:
 128 0012 00BF     		.align	2
 129              	.L10:
 130 0014 40380240 		.word	1073887296
 131              		.cfi_endproc
 132              	.LFE2:
 134              		.section	.text.rccDisableAPB1,"ax",%progbits
 135              		.align	1
 136              		.global	rccDisableAPB1
 137              		.syntax unified
 138              		.thumb
 139              		.thumb_func
 140              		.fpu fpv4-sp-d16
 142              	rccDisableAPB1:
 143              	.LVL6:
ARM GAS  /tmp/cctlDdXl.s 			page 4


 144              	.LFB3:
  36:modules/drivers/rcc/rcc.c **** void rccDisableAPB1(RccAPB1Control_t bit)
  37:modules/drivers/rcc/rcc.c **** {
 145              		.loc 1 37 1 is_stmt 1 view -0
 146              		.cfi_startproc
 147              		@ args = 0, pretend = 0, frame = 0
 148              		@ frame_needed = 0, uses_anonymous_args = 0
 149              		@ link register save eliminated.
  38:modules/drivers/rcc/rcc.c ****     REG_VAL(RCC_RCC_CONTROL_APB1_ENABLE) &= ~bit;
 150              		.loc 1 38 5 view .LVU22
 151              		.loc 1 38 42 is_stmt 0 view .LVU23
 152 0000 024A     		ldr	r2, .L13
 153 0002 1368     		ldr	r3, [r2]
 154 0004 23EA0000 		bic	r0, r3, r0
 155              	.LVL7:
 156              		.loc 1 38 42 view .LVU24
 157 0008 1060     		str	r0, [r2]
  39:modules/drivers/rcc/rcc.c **** }
 158              		.loc 1 39 1 view .LVU25
 159 000a 7047     		bx	lr
 160              	.L14:
 161              		.align	2
 162              	.L13:
 163 000c 40380240 		.word	1073887296
 164              		.cfi_endproc
 165              	.LFE3:
 167              		.section	.text.rccEnableAPB2,"ax",%progbits
 168              		.align	1
 169              		.global	rccEnableAPB2
 170              		.syntax unified
 171              		.thumb
 172              		.thumb_func
 173              		.fpu fpv4-sp-d16
 175              	rccEnableAPB2:
 176              	.LVL8:
 177              	.LFB4:
  40:modules/drivers/rcc/rcc.c **** 
  41:modules/drivers/rcc/rcc.c **** void rccEnableAPB2(RccAPB2Control_t bit)
  42:modules/drivers/rcc/rcc.c **** {
 178              		.loc 1 42 1 is_stmt 1 view -0
 179              		.cfi_startproc
 180              		@ args = 0, pretend = 0, frame = 0
 181              		@ frame_needed = 0, uses_anonymous_args = 0
 182              		@ link register save eliminated.
  43:modules/drivers/rcc/rcc.c ****     if (!(REG_VAL(RCC_RCC_CONTROL_APB2_ENABLE) & bit))
 183              		.loc 1 43 5 view .LVU27
 184              		.loc 1 43 11 is_stmt 0 view .LVU28
 185 0000 044B     		ldr	r3, .L17
 186 0002 1B68     		ldr	r3, [r3]
 187              		.loc 1 43 8 view .LVU29
 188 0004 0342     		tst	r3, r0
 189 0006 03D1     		bne	.L15
  44:modules/drivers/rcc/rcc.c ****         REG_VAL(RCC_RCC_CONTROL_APB2_ENABLE) |= bit;
 190              		.loc 1 44 9 is_stmt 1 view .LVU30
 191              		.loc 1 44 46 is_stmt 0 view .LVU31
 192 0008 024A     		ldr	r2, .L17
 193 000a 1368     		ldr	r3, [r2]
ARM GAS  /tmp/cctlDdXl.s 			page 5


 194 000c 1843     		orrs	r0, r0, r3
 195              	.LVL9:
 196              		.loc 1 44 46 view .LVU32
 197 000e 1060     		str	r0, [r2]
 198              	.L15:
  45:modules/drivers/rcc/rcc.c **** }
 199              		.loc 1 45 1 view .LVU33
 200 0010 7047     		bx	lr
 201              	.L18:
 202 0012 00BF     		.align	2
 203              	.L17:
 204 0014 44380240 		.word	1073887300
 205              		.cfi_endproc
 206              	.LFE4:
 208              		.section	.text.rccDisableAPB2,"ax",%progbits
 209              		.align	1
 210              		.global	rccDisableAPB2
 211              		.syntax unified
 212              		.thumb
 213              		.thumb_func
 214              		.fpu fpv4-sp-d16
 216              	rccDisableAPB2:
 217              	.LVL10:
 218              	.LFB5:
  46:modules/drivers/rcc/rcc.c **** void rccDisableAPB2(RccAPB2Control_t bit)
  47:modules/drivers/rcc/rcc.c **** {
 219              		.loc 1 47 1 is_stmt 1 view -0
 220              		.cfi_startproc
 221              		@ args = 0, pretend = 0, frame = 0
 222              		@ frame_needed = 0, uses_anonymous_args = 0
 223              		@ link register save eliminated.
  48:modules/drivers/rcc/rcc.c ****     REG_VAL(RCC_RCC_CONTROL_APB2_ENABLE) &= ~bit;
 224              		.loc 1 48 5 view .LVU35
 225              		.loc 1 48 42 is_stmt 0 view .LVU36
 226 0000 024A     		ldr	r2, .L20
 227 0002 1368     		ldr	r3, [r2]
 228 0004 23EA0000 		bic	r0, r3, r0
 229              	.LVL11:
 230              		.loc 1 48 42 view .LVU37
 231 0008 1060     		str	r0, [r2]
  49:modules/drivers/rcc/rcc.c **** }
 232              		.loc 1 49 1 view .LVU38
 233 000a 7047     		bx	lr
 234              	.L21:
 235              		.align	2
 236              	.L20:
 237 000c 44380240 		.word	1073887300
 238              		.cfi_endproc
 239              	.LFE5:
 241              		.section	.text.rccClocksConfig,"ax",%progbits
 242              		.align	1
 243              		.global	rccClocksConfig
 244              		.syntax unified
 245              		.thumb
 246              		.thumb_func
 247              		.fpu fpv4-sp-d16
 249              	rccClocksConfig:
ARM GAS  /tmp/cctlDdXl.s 			page 6


 250              	.LFB6:
  50:modules/drivers/rcc/rcc.c **** 
  51:modules/drivers/rcc/rcc.c **** void rccClocksConfig(RccClocksConfig_t config)
  52:modules/drivers/rcc/rcc.c **** {
 251              		.loc 1 52 1 is_stmt 1 view -0
 252              		.cfi_startproc
 253              		@ args = 0, pretend = 0, frame = 24
 254              		@ frame_needed = 0, uses_anonymous_args = 0
 255 0000 10B5     		push	{r4, lr}
 256              	.LCFI0:
 257              		.cfi_def_cfa_offset 8
 258              		.cfi_offset 4, -8
 259              		.cfi_offset 14, -4
 260 0002 86B0     		sub	sp, sp, #24
 261              	.LCFI1:
 262              		.cfi_def_cfa_offset 32
 263 0004 01AB     		add	r3, sp, #4
 264 0006 83E80700 		stm	r3, {r0, r1, r2}
  53:modules/drivers/rcc/rcc.c ****     REG_VAL(RCC_RCC_CONTROL_CLOCK) = 0x83;
 265              		.loc 1 53 5 view .LVU40
 266              		.loc 1 53 36 is_stmt 0 view .LVU41
 267 000a 424B     		ldr	r3, .L32
 268 000c 8322     		movs	r2, #131
 269 000e 1A60     		str	r2, [r3]
  54:modules/drivers/rcc/rcc.c ****     REG_VAL(RCC_RCC_CONTROL_CLOCK) &= ~(1 << 24);
 270              		.loc 1 54 5 is_stmt 1 view .LVU42
 271              		.loc 1 54 36 is_stmt 0 view .LVU43
 272 0010 1A68     		ldr	r2, [r3]
 273 0012 22F08072 		bic	r2, r2, #16777216
 274 0016 1A60     		str	r2, [r3]
  55:modules/drivers/rcc/rcc.c ****     while ((REG_VAL(RCC_RCC_CONTROL_CLOCK) & 1 << 25))
 275              		.loc 1 55 5 is_stmt 1 view .LVU44
 276              	.L23:
  56:modules/drivers/rcc/rcc.c ****         ;
 277              		.loc 1 56 9 discriminator 1 view .LVU45
  55:modules/drivers/rcc/rcc.c ****     while ((REG_VAL(RCC_RCC_CONTROL_CLOCK) & 1 << 25))
 278              		.loc 1 55 13 is_stmt 0 discriminator 1 view .LVU46
 279 0018 3E4B     		ldr	r3, .L32
 280 001a 1B68     		ldr	r3, [r3]
  55:modules/drivers/rcc/rcc.c ****     while ((REG_VAL(RCC_RCC_CONTROL_CLOCK) & 1 << 25))
 281              		.loc 1 55 11 discriminator 1 view .LVU47
 282 001c 13F0007F 		tst	r3, #33554432
 283 0020 FAD1     		bne	.L23
  57:modules/drivers/rcc/rcc.c **** 
  58:modules/drivers/rcc/rcc.c ****     if (config.HSE == rccControlHseON)
 284              		.loc 1 58 5 is_stmt 1 view .LVU48
 285              		.loc 1 58 15 is_stmt 0 view .LVU49
 286 0022 9DF80530 		ldrb	r3, [sp, #5]	@ zero_extendqisi2
 287              		.loc 1 58 8 view .LVU50
 288 0026 012B     		cmp	r3, #1
 289 0028 68D0     		beq	.L31
  59:modules/drivers/rcc/rcc.c ****     {
  60:modules/drivers/rcc/rcc.c ****         REG_VAL(RCC_RCC_CONTROL_CLOCK) |= (uint32_t)(config.HSE << 16);
  61:modules/drivers/rcc/rcc.c ****         while (!(REG_VAL(RCC_RCC_CONTROL_CLOCK) & (1 << 17)))
  62:modules/drivers/rcc/rcc.c ****             ;
  63:modules/drivers/rcc/rcc.c ****     }
  64:modules/drivers/rcc/rcc.c ****     else
ARM GAS  /tmp/cctlDdXl.s 			page 7


  65:modules/drivers/rcc/rcc.c ****     {
  66:modules/drivers/rcc/rcc.c ****         REG_VAL(RCC_RCC_CONTROL_CLOCK) |= (uint32_t)config.HSI;
 290              		.loc 1 66 9 is_stmt 1 view .LVU51
 291              		.loc 1 66 40 is_stmt 0 view .LVU52
 292 002a 3A4A     		ldr	r2, .L32
 293 002c 1368     		ldr	r3, [r2]
 294              		.loc 1 66 59 view .LVU53
 295 002e 9DF80410 		ldrb	r1, [sp, #4]	@ zero_extendqisi2
 296              		.loc 1 66 40 view .LVU54
 297 0032 0B43     		orrs	r3, r3, r1
 298 0034 1360     		str	r3, [r2]
  67:modules/drivers/rcc/rcc.c ****         while (!(REG_VAL(RCC_RCC_CONTROL_CLOCK) & (1 << 1)))
 299              		.loc 1 67 9 is_stmt 1 view .LVU55
 300              	.L27:
  68:modules/drivers/rcc/rcc.c ****             ;
 301              		.loc 1 68 13 discriminator 1 view .LVU56
  67:modules/drivers/rcc/rcc.c ****         while (!(REG_VAL(RCC_RCC_CONTROL_CLOCK) & (1 << 1)))
 302              		.loc 1 67 18 is_stmt 0 discriminator 1 view .LVU57
 303 0036 374B     		ldr	r3, .L32
 304 0038 1B68     		ldr	r3, [r3]
  67:modules/drivers/rcc/rcc.c ****         while (!(REG_VAL(RCC_RCC_CONTROL_CLOCK) & (1 << 1)))
 305              		.loc 1 67 15 discriminator 1 view .LVU58
 306 003a 13F0020F 		tst	r3, #2
 307 003e FAD0     		beq	.L27
 308              	.L26:
  69:modules/drivers/rcc/rcc.c ****     }
  70:modules/drivers/rcc/rcc.c **** 
  71:modules/drivers/rcc/rcc.c ****     REG_VAL(RCC_RCC_CONTROL_APB1_ENABLE) |= (uint32_t)(1 << 28);
 309              		.loc 1 71 5 is_stmt 1 view .LVU59
 310              		.loc 1 71 42 is_stmt 0 view .LVU60
 311 0040 354A     		ldr	r2, .L32+4
 312 0042 1368     		ldr	r3, [r2]
 313 0044 43F08053 		orr	r3, r3, #268435456
 314 0048 1360     		str	r3, [r2]
  72:modules/drivers/rcc/rcc.c **** 
  73:modules/drivers/rcc/rcc.c ****     powerSetVOS(PowerVOS_mode1_Default); // POWERPowerVOS
 315              		.loc 1 73 5 is_stmt 1 view .LVU61
 316 004a 0320     		movs	r0, #3
 317 004c FFF7FEFF 		bl	powerSetVOS
 318              	.LVL12:
  74:modules/drivers/rcc/rcc.c **** 
  75:modules/drivers/rcc/rcc.c ****     // FLASH
  76:modules/drivers/rcc/rcc.c ****     FlashCacheConfig_t cacheConfig = {
 319              		.loc 1 76 5 view .LVU62
 320              		.loc 1 76 24 is_stmt 0 view .LVU63
 321 0050 324B     		ldr	r3, .L32+8
 322 0052 93E80300 		ldm	r3, {r0, r1}
 323 0056 0490     		str	r0, [sp, #16]
 324 0058 8DF81410 		strb	r1, [sp, #20]
  77:modules/drivers/rcc/rcc.c ****         .DCEN   = FlashDCEN_ON,
  78:modules/drivers/rcc/rcc.c ****         .DCRST  = FlashDCRST_OFF_DEFAULT,
  79:modules/drivers/rcc/rcc.c ****         .ICEN   = FlashICEN_ON,
  80:modules/drivers/rcc/rcc.c ****         .ICRST  = FlashICRST_OFF_DEFAULT,
  81:modules/drivers/rcc/rcc.c ****         .PRFTEN = FlashPRFTEN_ON};
  82:modules/drivers/rcc/rcc.c ****     flashSetDataCache(cacheConfig);
 325              		.loc 1 82 5 is_stmt 1 view .LVU64
 326 005c 06AB     		add	r3, sp, #24
ARM GAS  /tmp/cctlDdXl.s 			page 8


 327 005e 13E90300 		ldmdb	r3, {r0, r1}
 328 0062 FFF7FEFF 		bl	flashSetDataCache
 329              	.LVL13:
  83:modules/drivers/rcc/rcc.c ****     flashSetLatency(5);
 330              		.loc 1 83 5 view .LVU65
 331 0066 0520     		movs	r0, #5
 332 0068 FFF7FEFF 		bl	flashSetLatency
 333              	.LVL14:
  84:modules/drivers/rcc/rcc.c **** 
  85:modules/drivers/rcc/rcc.c ****     REG_VAL(RCC_RCC_CONTROL_CLOCK_CONFIG) = (uint32_t)0;
 334              		.loc 1 85 5 view .LVU66
 335              		.loc 1 85 43 is_stmt 0 view .LVU67
 336 006c 2C4A     		ldr	r2, .L32+12
 337 006e 0023     		movs	r3, #0
 338 0070 1360     		str	r3, [r2]
  86:modules/drivers/rcc/rcc.c ****     REG_VAL(RCC_RCC_CONTROL_CLOCK_CONFIG) |=
 339              		.loc 1 86 5 is_stmt 1 view .LVU68
 340              		.loc 1 86 43 is_stmt 0 view .LVU69
 341 0072 1168     		ldr	r1, [r2]
  87:modules/drivers/rcc/rcc.c ****         (uint32_t)((config.AHB << 4) | (config.APB1 << 10) | (config.APB2 << 13));
 342              		.loc 1 87 27 view .LVU70
 343 0074 9DF80600 		ldrb	r0, [sp, #6]	@ zero_extendqisi2
 344              		.loc 1 87 47 view .LVU71
 345 0078 9DF80730 		ldrb	r3, [sp, #7]	@ zero_extendqisi2
 346              		.loc 1 87 53 view .LVU72
 347 007c 9B02     		lsls	r3, r3, #10
 348              		.loc 1 87 38 view .LVU73
 349 007e 43EA0013 		orr	r3, r3, r0, lsl #4
 350              		.loc 1 87 69 view .LVU74
 351 0082 9DF80800 		ldrb	r0, [sp, #8]	@ zero_extendqisi2
 352              		.loc 1 87 60 view .LVU75
 353 0086 43EA4033 		orr	r3, r3, r0, lsl #13
  86:modules/drivers/rcc/rcc.c ****     REG_VAL(RCC_RCC_CONTROL_CLOCK_CONFIG) |=
 354              		.loc 1 86 43 view .LVU76
 355 008a 0B43     		orrs	r3, r3, r1
 356 008c 1360     		str	r3, [r2]
  88:modules/drivers/rcc/rcc.c **** 
  89:modules/drivers/rcc/rcc.c ****     REG_VAL(RCC_RCC_CONTROL_PLL_CONFIG) = (uint32_t)0x24003010;
 357              		.loc 1 89 5 is_stmt 1 view .LVU77
 358              		.loc 1 89 41 is_stmt 0 view .LVU78
 359 008e 2549     		ldr	r1, .L32+16
 360 0090 254B     		ldr	r3, .L32+20
 361 0092 0B60     		str	r3, [r1]
  90:modules/drivers/rcc/rcc.c ****     REG_VAL(RCC_RCC_CONTROL_PLL_CONFIG) |= (uint32_t)(
 362              		.loc 1 90 5 is_stmt 1 view .LVU79
 363              		.loc 1 90 41 is_stmt 0 view .LVU80
 364 0094 0868     		ldr	r0, [r1]
  91:modules/drivers/rcc/rcc.c ****         (config.PLLM) | (config.PLLN << 6) | (config.PLLP << 16) | (config.PLLSRC << 22)
 365              		.loc 1 91 16 view .LVU81
 366 0096 9DF80D30 		ldrb	r3, [sp, #13]	@ zero_extendqisi2
 367 009a C3F34503 		ubfx	r3, r3, #1, #6
 368              		.loc 1 91 32 view .LVU82
 369 009e BDF80C20 		ldrh	r2, [sp, #12]
 370 00a2 C2F30802 		ubfx	r2, r2, #0, #9
 371              		.loc 1 91 23 view .LVU83
 372 00a6 43EA8213 		orr	r3, r3, r2, lsl #6
 373              		.loc 1 91 53 view .LVU84
ARM GAS  /tmp/cctlDdXl.s 			page 9


 374 00aa 9DF80920 		ldrb	r2, [sp, #9]	@ zero_extendqisi2
 375              		.loc 1 91 44 view .LVU85
 376 00ae 43EA0243 		orr	r3, r3, r2, lsl #16
 377              		.loc 1 91 75 view .LVU86
 378 00b2 9DF80A20 		ldrb	r2, [sp, #10]	@ zero_extendqisi2
 379 00b6 D409     		lsrs	r4, r2, #7
 380              		.loc 1 91 66 view .LVU87
 381 00b8 43EA8453 		orr	r3, r3, r4, lsl #22
  92:modules/drivers/rcc/rcc.c ****         | (config.PLLQ << 24) | (config.PLLR << 28));
 382              		.loc 1 92 18 view .LVU88
 383 00bc C2F3C304 		ubfx	r4, r2, #3, #4
 384              		.loc 1 92 9 view .LVU89
 385 00c0 43EA0463 		orr	r3, r3, r4, lsl #24
 386              		.loc 1 92 40 view .LVU90
 387 00c4 02F00702 		and	r2, r2, #7
 388              		.loc 1 92 31 view .LVU91
 389 00c8 43EA0273 		orr	r3, r3, r2, lsl #28
  90:modules/drivers/rcc/rcc.c ****     REG_VAL(RCC_RCC_CONTROL_PLL_CONFIG) |= (uint32_t)(
 390              		.loc 1 90 41 view .LVU92
 391 00cc 0343     		orrs	r3, r3, r0
 392 00ce 0B60     		str	r3, [r1]
  93:modules/drivers/rcc/rcc.c **** 
  94:modules/drivers/rcc/rcc.c ****     REG_VAL(RCC_RCC_CONTROL_CLOCK) |= (1 << 24);
 393              		.loc 1 94 5 is_stmt 1 view .LVU93
 394              		.loc 1 94 36 is_stmt 0 view .LVU94
 395 00d0 104A     		ldr	r2, .L32
 396 00d2 1368     		ldr	r3, [r2]
 397 00d4 43F08073 		orr	r3, r3, #16777216
 398 00d8 1360     		str	r3, [r2]
  95:modules/drivers/rcc/rcc.c ****     while (!(REG_VAL(RCC_RCC_CONTROL_CLOCK) & (1 << 25)))
 399              		.loc 1 95 5 is_stmt 1 view .LVU95
 400              	.L28:
  96:modules/drivers/rcc/rcc.c ****         ;
 401              		.loc 1 96 9 discriminator 1 view .LVU96
  95:modules/drivers/rcc/rcc.c ****     while (!(REG_VAL(RCC_RCC_CONTROL_CLOCK) & (1 << 25)))
 402              		.loc 1 95 14 is_stmt 0 discriminator 1 view .LVU97
 403 00da 0E4B     		ldr	r3, .L32
 404 00dc 1B68     		ldr	r3, [r3]
  95:modules/drivers/rcc/rcc.c ****     while (!(REG_VAL(RCC_RCC_CONTROL_CLOCK) & (1 << 25)))
 405              		.loc 1 95 11 discriminator 1 view .LVU98
 406 00de 13F0007F 		tst	r3, #33554432
 407 00e2 FAD0     		beq	.L28
  97:modules/drivers/rcc/rcc.c **** 
  98:modules/drivers/rcc/rcc.c **** 
  99:modules/drivers/rcc/rcc.c ****     REG_VAL(RCC_RCC_CONTROL_CLOCK_CONFIG) |= (uint32_t)0b10;
 408              		.loc 1 99 5 is_stmt 1 view .LVU99
 409              		.loc 1 99 43 is_stmt 0 view .LVU100
 410 00e4 0E4A     		ldr	r2, .L32+12
 411 00e6 1368     		ldr	r3, [r2]
 412 00e8 43F00203 		orr	r3, r3, #2
 413 00ec 1360     		str	r3, [r2]
 100:modules/drivers/rcc/rcc.c ****     while (!(REG_VAL(RCC_RCC_CONTROL_CLOCK_CONFIG) & 0b1000))
 414              		.loc 1 100 5 is_stmt 1 view .LVU101
 415              	.L29:
 101:modules/drivers/rcc/rcc.c ****         ;
 416              		.loc 1 101 9 discriminator 1 view .LVU102
 100:modules/drivers/rcc/rcc.c ****     while (!(REG_VAL(RCC_RCC_CONTROL_CLOCK_CONFIG) & 0b1000))
ARM GAS  /tmp/cctlDdXl.s 			page 10


 417              		.loc 1 100 14 is_stmt 0 discriminator 1 view .LVU103
 418 00ee 0C4B     		ldr	r3, .L32+12
 419 00f0 1B68     		ldr	r3, [r3]
 100:modules/drivers/rcc/rcc.c ****     while (!(REG_VAL(RCC_RCC_CONTROL_CLOCK_CONFIG) & 0b1000))
 420              		.loc 1 100 11 discriminator 1 view .LVU104
 421 00f2 13F0080F 		tst	r3, #8
 422 00f6 FAD0     		beq	.L29
 102:modules/drivers/rcc/rcc.c **** }...
 423              		.loc 1 102 1 view .LVU105
 424 00f8 06B0     		add	sp, sp, #24
 425              	.LCFI2:
 426              		.cfi_remember_state
 427              		.cfi_def_cfa_offset 8
 428              		@ sp needed
 429 00fa 10BD     		pop	{r4, pc}
 430              	.L31:
 431              	.LCFI3:
 432              		.cfi_restore_state
  60:modules/drivers/rcc/rcc.c ****         REG_VAL(RCC_RCC_CONTROL_CLOCK) |= (uint32_t)(config.HSE << 16);
 433              		.loc 1 60 9 is_stmt 1 view .LVU106
  60:modules/drivers/rcc/rcc.c ****         REG_VAL(RCC_RCC_CONTROL_CLOCK) |= (uint32_t)(config.HSE << 16);
 434              		.loc 1 60 40 is_stmt 0 view .LVU107
 435 00fc 0549     		ldr	r1, .L32
 436 00fe 0A68     		ldr	r2, [r1]
 437 0100 42EA0343 		orr	r3, r2, r3, lsl #16
 438 0104 0B60     		str	r3, [r1]
  61:modules/drivers/rcc/rcc.c ****         while (!(REG_VAL(RCC_RCC_CONTROL_CLOCK) & (1 << 17)))
 439              		.loc 1 61 9 is_stmt 1 view .LVU108
 440              	.L25:
  62:modules/drivers/rcc/rcc.c ****             ;
 441              		.loc 1 62 13 discriminator 1 view .LVU109
  61:modules/drivers/rcc/rcc.c ****         while (!(REG_VAL(RCC_RCC_CONTROL_CLOCK) & (1 << 17)))
 442              		.loc 1 61 18 is_stmt 0 discriminator 1 view .LVU110
 443 0106 034B     		ldr	r3, .L32
 444 0108 1B68     		ldr	r3, [r3]
  61:modules/drivers/rcc/rcc.c ****         while (!(REG_VAL(RCC_RCC_CONTROL_CLOCK) & (1 << 17)))
 445              		.loc 1 61 15 discriminator 1 view .LVU111
 446 010a 13F4003F 		tst	r3, #131072
 447 010e FAD0     		beq	.L25
 448 0110 96E7     		b	.L26
 449              	.L33:
 450 0112 00BF     		.align	2
 451              	.L32:
 452 0114 00380240 		.word	1073887232
 453 0118 40380240 		.word	1073887296
 454 011c 00000000 		.word	.LANCHOR0
 455 0120 08380240 		.word	1073887240
 456 0124 04380240 		.word	1073887236
 457 0128 10300024 		.word	603992080
 458              		.cfi_endproc
 459              	.LFE6:
 461              		.section	.rodata
 462              		.align	2
 463              		.set	.LANCHOR0,. + 0
 464              	.LC0:
 465 0000 01       		.byte	1
 466 0001 01       		.byte	1
ARM GAS  /tmp/cctlDdXl.s 			page 11


 467 0002 01       		.byte	1
 468 0003 00       		.byte	0
 469 0004 00       		.byte	0
 470              		.text
 471              	.Letext0:
 472              		.file 2 "/usr/lib/gcc/arm-none-eabi/8.3.1/include/stdint.h"
 473              		.file 3 "modules/drivers/rcc/rcc.h"
 474              		.file 4 "modules/drivers/flash/flash.h"
 475              		.file 5 "modules/drivers/power/power.h"
ARM GAS  /tmp/cctlDdXl.s 			page 12


DEFINED SYMBOLS
                            *ABS*:0000000000000000 rcc.c
     /tmp/cctlDdXl.s:18     .text.rccEnableAHB1:0000000000000000 $t
     /tmp/cctlDdXl.s:26     .text.rccEnableAHB1:0000000000000000 rccEnableAHB1
     /tmp/cctlDdXl.s:56     .text.rccEnableAHB1:0000000000000014 $d
     /tmp/cctlDdXl.s:61     .text.rccDisableAHB1:0000000000000000 $t
     /tmp/cctlDdXl.s:68     .text.rccDisableAHB1:0000000000000000 rccDisableAHB1
     /tmp/cctlDdXl.s:89     .text.rccDisableAHB1:000000000000000c $d
     /tmp/cctlDdXl.s:94     .text.rccEnableAPB1:0000000000000000 $t
     /tmp/cctlDdXl.s:101    .text.rccEnableAPB1:0000000000000000 rccEnableAPB1
     /tmp/cctlDdXl.s:130    .text.rccEnableAPB1:0000000000000014 $d
     /tmp/cctlDdXl.s:135    .text.rccDisableAPB1:0000000000000000 $t
     /tmp/cctlDdXl.s:142    .text.rccDisableAPB1:0000000000000000 rccDisableAPB1
     /tmp/cctlDdXl.s:163    .text.rccDisableAPB1:000000000000000c $d
     /tmp/cctlDdXl.s:168    .text.rccEnableAPB2:0000000000000000 $t
     /tmp/cctlDdXl.s:175    .text.rccEnableAPB2:0000000000000000 rccEnableAPB2
     /tmp/cctlDdXl.s:204    .text.rccEnableAPB2:0000000000000014 $d
     /tmp/cctlDdXl.s:209    .text.rccDisableAPB2:0000000000000000 $t
     /tmp/cctlDdXl.s:216    .text.rccDisableAPB2:0000000000000000 rccDisableAPB2
     /tmp/cctlDdXl.s:237    .text.rccDisableAPB2:000000000000000c $d
     /tmp/cctlDdXl.s:242    .text.rccClocksConfig:0000000000000000 $t
     /tmp/cctlDdXl.s:249    .text.rccClocksConfig:0000000000000000 rccClocksConfig
     /tmp/cctlDdXl.s:452    .text.rccClocksConfig:0000000000000114 $d
     /tmp/cctlDdXl.s:462    .rodata:0000000000000000 $d

UNDEFINED SYMBOLS
powerSetVOS
flashSetDataCache
flashSetLatency
