ARM GAS  /tmp/ccocEGXB.s 			page 1


   1              		.cpu cortex-m4
   2              		.eabi_attribute 27, 1
   3              		.eabi_attribute 28, 1
   4              		.eabi_attribute 20, 1
   5              		.eabi_attribute 21, 1
   6              		.eabi_attribute 23, 3
   7              		.eabi_attribute 24, 1
   8              		.eabi_attribute 25, 1
   9              		.eabi_attribute 26, 1
  10              		.eabi_attribute 30, 1
  11              		.eabi_attribute 34, 1
  12              		.eabi_attribute 18, 4
  13              		.file	"sysTick.c"
  14              		.text
  15              	.Ltext0:
  16              		.cfi_sections	.debug_frame
  17              		.section	.text.sysTickInit,"ax",%progbits
  18              		.align	1
  19              		.global	sysTickInit
  20              		.arch armv7e-m
  21              		.syntax unified
  22              		.thumb
  23              		.thumb_func
  24              		.fpu fpv4-sp-d16
  26              	sysTickInit:
  27              	.LVL0:
  28              	.LFB0:
  29              		.file 1 "modules/drivers/sysTick/sysTick.c"
   1:modules/drivers/sysTick/sysTick.c **** #include "sysTick.h"
   2:modules/drivers/sysTick/sysTick.c **** 
   3:modules/drivers/sysTick/sysTick.c **** #include <stdint.h>
   4:modules/drivers/sysTick/sysTick.c **** 
   5:modules/drivers/sysTick/sysTick.c **** #include "interrupt.h"
   6:modules/drivers/sysTick/sysTick.c **** #include "sysTickRegisters.h"
   7:modules/drivers/sysTick/sysTick.c **** 
   8:modules/drivers/sysTick/sysTick.c **** #define REG_VAL(X) (*(volatile uint32_t*)X)
   9:modules/drivers/sysTick/sysTick.c **** 
  10:modules/drivers/sysTick/sysTick.c **** void sysTickInit(SysTickOptions_t interrupt, SysTickOptions_t clock, uint32_t load)
  11:modules/drivers/sysTick/sysTick.c **** {
  30              		.loc 1 11 1 view -0
  31              		.cfi_startproc
  32              		@ args = 0, pretend = 0, frame = 0
  33              		@ frame_needed = 0, uses_anonymous_args = 0
  34              		@ link register save eliminated.
  12:modules/drivers/sysTick/sysTick.c ****     REG_VAL(STK_LOAD) = load;
  35              		.loc 1 12 5 view .LVU1
  36              		.loc 1 12 23 is_stmt 0 view .LVU2
  37 0000 114B     		ldr	r3, .L7
  38 0002 1A60     		str	r2, [r3]
  13:modules/drivers/sysTick/sysTick.c ****     REG_VAL(STK_VAL)  = (uint32_t)0;
  39              		.loc 1 13 5 is_stmt 1 view .LVU3
  40              		.loc 1 13 23 is_stmt 0 view .LVU4
  41 0004 0433     		adds	r3, r3, #4
  42 0006 0022     		movs	r2, #0
  43              	.LVL1:
  44              		.loc 1 13 23 view .LVU5
  45 0008 1A60     		str	r2, [r3]
ARM GAS  /tmp/ccocEGXB.s 			page 2


  46              	.LVL2:
  14:modules/drivers/sysTick/sysTick.c ****     switch (interrupt)
  47              		.loc 1 14 5 is_stmt 1 view .LVU6
  48 000a 60B9     		cbnz	r0, .L2
  15:modules/drivers/sysTick/sysTick.c ****     {
  16:modules/drivers/sysTick/sysTick.c ****         case SysTickIntEnable:
  17:modules/drivers/sysTick/sysTick.c ****             REG_VAL(STK_CTRL) |= ((1 << 0) | (1 << 1));
  49              		.loc 1 17 13 view .LVU7
  50              		.loc 1 17 31 is_stmt 0 view .LVU8
  51 000c 0F4A     		ldr	r2, .L7+4
  52 000e 1368     		ldr	r3, [r2]
  53 0010 43F00303 		orr	r3, r3, #3
  54 0014 1360     		str	r3, [r2]
  18:modules/drivers/sysTick/sysTick.c ****             break;
  55              		.loc 1 18 13 is_stmt 1 view .LVU9
  56              	.L3:
  19:modules/drivers/sysTick/sysTick.c **** 
  20:modules/drivers/sysTick/sysTick.c ****         default:
  21:modules/drivers/sysTick/sysTick.c ****         case SysTickIntDisable:
  22:modules/drivers/sysTick/sysTick.c ****             REG_VAL(STK_CTRL) |= (1 << 0);
  23:modules/drivers/sysTick/sysTick.c ****             REG_VAL(STK_CTRL) &= ~(1 << 1);
  24:modules/drivers/sysTick/sysTick.c ****             break;
  25:modules/drivers/sysTick/sysTick.c ****     }
  26:modules/drivers/sysTick/sysTick.c **** 
  27:modules/drivers/sysTick/sysTick.c ****     switch (clock)
  57              		.loc 1 27 5 view .LVU10
  58 0016 0229     		cmp	r1, #2
  59 0018 0FD0     		beq	.L6
  28:modules/drivers/sysTick/sysTick.c ****     {
  29:modules/drivers/sysTick/sysTick.c ****         case SysTickClockAHB:
  30:modules/drivers/sysTick/sysTick.c ****             REG_VAL(STK_CTRL) |= (1 << 2);
  31:modules/drivers/sysTick/sysTick.c ****             break;
  32:modules/drivers/sysTick/sysTick.c ****         default:
  33:modules/drivers/sysTick/sysTick.c ****         case SysTickClockAHBDiv8:
  34:modules/drivers/sysTick/sysTick.c ****             REG_VAL(STK_CTRL) &= ~(1 << 2);
  60              		.loc 1 34 13 view .LVU11
  61              		.loc 1 34 31 is_stmt 0 view .LVU12
  62 001a 0C4A     		ldr	r2, .L7+4
  63 001c 1368     		ldr	r3, [r2]
  64 001e 23F00403 		bic	r3, r3, #4
  65 0022 1360     		str	r3, [r2]
  35:modules/drivers/sysTick/sysTick.c ****             break;
  66              		.loc 1 35 13 is_stmt 1 view .LVU13
  36:modules/drivers/sysTick/sysTick.c ****     }
  37:modules/drivers/sysTick/sysTick.c **** }...
  67              		.loc 1 37 1 is_stmt 0 view .LVU14
  68 0024 7047     		bx	lr
  69              	.L2:
  22:modules/drivers/sysTick/sysTick.c ****             REG_VAL(STK_CTRL) |= (1 << 0);
  70              		.loc 1 22 13 is_stmt 1 view .LVU15
  22:modules/drivers/sysTick/sysTick.c ****             REG_VAL(STK_CTRL) |= (1 << 0);
  71              		.loc 1 22 31 is_stmt 0 view .LVU16
  72 0026 094B     		ldr	r3, .L7+4
  73 0028 1A68     		ldr	r2, [r3]
  74 002a 42F00102 		orr	r2, r2, #1
  75 002e 1A60     		str	r2, [r3]
  23:modules/drivers/sysTick/sysTick.c ****             REG_VAL(STK_CTRL) &= ~(1 << 1);
ARM GAS  /tmp/ccocEGXB.s 			page 3


  76              		.loc 1 23 13 is_stmt 1 view .LVU17
  23:modules/drivers/sysTick/sysTick.c ****             REG_VAL(STK_CTRL) &= ~(1 << 1);
  77              		.loc 1 23 31 is_stmt 0 view .LVU18
  78 0030 1A68     		ldr	r2, [r3]
  79 0032 22F00202 		bic	r2, r2, #2
  80 0036 1A60     		str	r2, [r3]
  24:modules/drivers/sysTick/sysTick.c ****             break;
  81              		.loc 1 24 13 is_stmt 1 view .LVU19
  82 0038 EDE7     		b	.L3
  83              	.L6:
  30:modules/drivers/sysTick/sysTick.c ****             REG_VAL(STK_CTRL) |= (1 << 2);
  84              		.loc 1 30 13 view .LVU20
  30:modules/drivers/sysTick/sysTick.c ****             REG_VAL(STK_CTRL) |= (1 << 2);
  85              		.loc 1 30 31 is_stmt 0 view .LVU21
  86 003a 044A     		ldr	r2, .L7+4
  87 003c 1368     		ldr	r3, [r2]
  88 003e 43F00403 		orr	r3, r3, #4
  89 0042 1360     		str	r3, [r2]
  31:modules/drivers/sysTick/sysTick.c ****             break;
  90              		.loc 1 31 13 is_stmt 1 view .LVU22
  91 0044 7047     		bx	lr
  92              	.L8:
  93 0046 00BF     		.align	2
  94              	.L7:
  95 0048 14E000E0 		.word	-536813548
  96 004c 10E000E0 		.word	-536813552
  97              		.cfi_endproc
  98              	.LFE0:
 100              		.text
 101              	.Letext0:
 102              		.file 2 "/usr/lib/gcc/arm-none-eabi/8.3.1/include/stdint.h"
 103              		.file 3 "modules/drivers/sysTick/sysTick.h"
ARM GAS  /tmp/ccocEGXB.s 			page 4


DEFINED SYMBOLS
                            *ABS*:0000000000000000 sysTick.c
     /tmp/ccocEGXB.s:18     .text.sysTickInit:0000000000000000 $t
     /tmp/ccocEGXB.s:26     .text.sysTickInit:0000000000000000 sysTickInit
     /tmp/ccocEGXB.s:95     .text.sysTickInit:0000000000000048 $d

NO UNDEFINED SYMBOLS
